Archive member included to satisfy reference by file (symbol)

c:/programdata/chocolatey/lib/gcc-arm-embedded/tools/gcc-arm-none-eabi-10.3-2021.10/bin/../lib/gcc/arm-none-eabi/10.3.1/../../../../arm-none-eabi/lib/thumb/v7e-m+fp/hard\libc_nano.a(lib_a-errno.o)
                              build/sysmem.o (__errno)
c:/programdata/chocolatey/lib/gcc-arm-embedded/tools/gcc-arm-none-eabi-10.3-2021.10/bin/../lib/gcc/arm-none-eabi/10.3.1/../../../../arm-none-eabi/lib/thumb/v7e-m+fp/hard\libc_nano.a(lib_a-exit.o)
                              c:/programdata/chocolatey/lib/gcc-arm-embedded/tools/gcc-arm-none-eabi-10.3-2021.10/bin/../lib/gcc/arm-none-eabi/10.3.1/../../../../arm-none-eabi/lib/thumb/v7e-m+fp/hard/crt0.o (exit)
c:/programdata/chocolatey/lib/gcc-arm-embedded/tools/gcc-arm-none-eabi-10.3-2021.10/bin/../lib/gcc/arm-none-eabi/10.3.1/../../../../arm-none-eabi/lib/thumb/v7e-m+fp/hard\libc_nano.a(lib_a-impure.o)
                              c:/programdata/chocolatey/lib/gcc-arm-embedded/tools/gcc-arm-none-eabi-10.3-2021.10/bin/../lib/gcc/arm-none-eabi/10.3.1/../../../../arm-none-eabi/lib/thumb/v7e-m+fp/hard\libc_nano.a(lib_a-exit.o) (_global_impure_ptr)
c:/programdata/chocolatey/lib/gcc-arm-embedded/tools/gcc-arm-none-eabi-10.3-2021.10/bin/../lib/gcc/arm-none-eabi/10.3.1/../../../../arm-none-eabi/lib/thumb/v7e-m+fp/hard\libc_nano.a(lib_a-init.o)
                              c:/programdata/chocolatey/lib/gcc-arm-embedded/tools/gcc-arm-none-eabi-10.3-2021.10/bin/../lib/gcc/arm-none-eabi/10.3.1/../../../../arm-none-eabi/lib/thumb/v7e-m+fp/hard/crt0.o (__libc_init_array)
c:/programdata/chocolatey/lib/gcc-arm-embedded/tools/gcc-arm-none-eabi-10.3-2021.10/bin/../lib/gcc/arm-none-eabi/10.3.1/../../../../arm-none-eabi/lib/thumb/v7e-m+fp/hard\libc_nano.a(lib_a-memset.o)
                              c:/programdata/chocolatey/lib/gcc-arm-embedded/tools/gcc-arm-none-eabi-10.3-2021.10/bin/../lib/gcc/arm-none-eabi/10.3.1/../../../../arm-none-eabi/lib/thumb/v7e-m+fp/hard/crt0.o (memset)
c:/programdata/chocolatey/lib/gcc-arm-embedded/tools/gcc-arm-none-eabi-10.3-2021.10/bin/../lib/gcc/arm-none-eabi/10.3.1/../../../../arm-none-eabi/lib/thumb/v7e-m+fp/hard\libc_nano.a(lib_a-nano-vfprintf_float.o)
                              (_printf_float)
c:/programdata/chocolatey/lib/gcc-arm-embedded/tools/gcc-arm-none-eabi-10.3-2021.10/bin/../lib/gcc/arm-none-eabi/10.3.1/../../../../arm-none-eabi/lib/thumb/v7e-m+fp/hard\libc_nano.a(lib_a-nano-vfprintf_i.o)
                              c:/programdata/chocolatey/lib/gcc-arm-embedded/tools/gcc-arm-none-eabi-10.3-2021.10/bin/../lib/gcc/arm-none-eabi/10.3.1/../../../../arm-none-eabi/lib/thumb/v7e-m+fp/hard\libc_nano.a(lib_a-nano-vfprintf_float.o) (_printf_common)
c:/programdata/chocolatey/lib/gcc-arm-embedded/tools/gcc-arm-none-eabi-10.3-2021.10/bin/../lib/gcc/arm-none-eabi/10.3.1/../../../../arm-none-eabi/lib/thumb/v7e-m+fp/hard\libc_nano.a(lib_a-snprintf.o)
                              build/main.o (snprintf)
c:/programdata/chocolatey/lib/gcc-arm-embedded/tools/gcc-arm-none-eabi-10.3-2021.10/bin/../lib/gcc/arm-none-eabi/10.3.1/../../../../arm-none-eabi/lib/thumb/v7e-m+fp/hard\libc_nano.a(lib_a-strlen.o)
                              c:/programdata/chocolatey/lib/gcc-arm-embedded/tools/gcc-arm-none-eabi-10.3-2021.10/bin/../lib/gcc/arm-none-eabi/10.3.1/../../../../arm-none-eabi/lib/thumb/v7e-m+fp/hard\libc_nano.a(lib_a-nano-vfprintf_float.o) (strlen)
c:/programdata/chocolatey/lib/gcc-arm-embedded/tools/gcc-arm-none-eabi-10.3-2021.10/bin/../lib/gcc/arm-none-eabi/10.3.1/../../../../arm-none-eabi/lib/thumb/v7e-m+fp/hard\libc_nano.a(lib_a-dtoa.o)
                              c:/programdata/chocolatey/lib/gcc-arm-embedded/tools/gcc-arm-none-eabi-10.3-2021.10/bin/../lib/gcc/arm-none-eabi/10.3.1/../../../../arm-none-eabi/lib/thumb/v7e-m+fp/hard\libc_nano.a(lib_a-nano-vfprintf_float.o) (_dtoa_r)
c:/programdata/chocolatey/lib/gcc-arm-embedded/tools/gcc-arm-none-eabi-10.3-2021.10/bin/../lib/gcc/arm-none-eabi/10.3.1/../../../../arm-none-eabi/lib/thumb/v7e-m+fp/hard\libc_nano.a(lib_a-localeconv.o)
                              c:/programdata/chocolatey/lib/gcc-arm-embedded/tools/gcc-arm-none-eabi-10.3-2021.10/bin/../lib/gcc/arm-none-eabi/10.3.1/../../../../arm-none-eabi/lib/thumb/v7e-m+fp/hard\libc_nano.a(lib_a-nano-vfprintf_float.o) (_localeconv_r)
c:/programdata/chocolatey/lib/gcc-arm-embedded/tools/gcc-arm-none-eabi-10.3-2021.10/bin/../lib/gcc/arm-none-eabi/10.3.1/../../../../arm-none-eabi/lib/thumb/v7e-m+fp/hard\libc_nano.a(lib_a-malloc.o)
                              c:/programdata/chocolatey/lib/gcc-arm-embedded/tools/gcc-arm-none-eabi-10.3-2021.10/bin/../lib/gcc/arm-none-eabi/10.3.1/../../../../arm-none-eabi/lib/thumb/v7e-m+fp/hard\libc_nano.a(lib_a-dtoa.o) (malloc)
c:/programdata/chocolatey/lib/gcc-arm-embedded/tools/gcc-arm-none-eabi-10.3-2021.10/bin/../lib/gcc/arm-none-eabi/10.3.1/../../../../arm-none-eabi/lib/thumb/v7e-m+fp/hard\libc_nano.a(lib_a-memchr.o)
[...]
Memory Configuration

Name             Origin             Length             Attributes
RAM              0x20000000         0x0001c000         xrw
FLASH            0x08000000         0x00080000         xr
*default*        0x00000000         0xffffffff

Linker script and memory map

LOAD c:/programdata/chocolatey/lib/gcc-arm-embedded/tools/gcc-arm-none-eabi-10.3-2021.10/bin/../lib/gcc/arm-none-eabi/10.3.1/thumb/v7e-m+fp/hard/crti.o
LOAD c:/programdata/chocolatey/lib/gcc-arm-embedded/tools/gcc-arm-none-eabi-10.3-2021.10/bin/../lib/gcc/arm-none-eabi/10.3.1/thumb/v7e-m+fp/hard/crtbegin.o
LOAD c:/programdata/chocolatey/lib/gcc-arm-embedded/tools/gcc-arm-none-eabi-10.3-2021.10/bin/../lib/gcc/arm-none-eabi/10.3.1/../../../../arm-none-eabi/lib/thumb/v7e-m+fp/hard/crt0.o
LOAD build/main.o
LOAD build/stm32g4xx_it.o
LOAD build/stm32g4xx_hal_msp.o
LOAD build/stm32g4xx_hal_pwr_ex.o
LOAD build/stm32g4xx_hal.o
LOAD build/stm32g4xx_hal_rcc.o
LOAD build/stm32g4xx_hal_rcc_ex.o
LOAD build/stm32g4xx_hal_flash.o
LOAD build/stm32g4xx_hal_flash_ex.o
LOAD build/stm32g4xx_hal_flash_ramfunc.o
LOAD build/stm32g4xx_hal_gpio.o
LOAD build/stm32g4xx_hal_exti.o
LOAD build/stm32g4xx_hal_dma.o
LOAD build/stm32g4xx_hal_dma_ex.o
LOAD build/stm32g4xx_hal_pwr.o
LOAD build/stm32g4xx_hal_cortex.o
LOAD build/system_stm32g4xx.o
LOAD build/sysmem.o
LOAD build/syscalls.o
LOAD build/stm32g4xx_hal_tim.o
LOAD build/stm32g4xx_hal_tim_ex.o
LOAD build/stm32g4xx_hal_adc.o
LOAD build/stm32g4xx_hal_adc_ex.o
LOAD build/stm32g4xx_hal_uart.o
LOAD build/startup_stm32g491xx.o
LOAD c:/programdata/chocolatey/lib/gcc-arm-embedded/tools/gcc-arm-none-eabi-10.3-2021.10/bin/../lib/gcc/arm-none-eabi/10.3.1/../../../../arm-none-eabi/lib/thumb/v7e-m+fp/hard\libc_nano.a
LOAD c:/programdata/chocolatey/lib/gcc-arm-embedded/tools/gcc-arm-none-eabi-10.3-2021.10/bin/../lib/gcc/arm-none-eabi/10.3.1/../../../../arm-none-eabi/lib/thumb/v7e-m+fp/hard\libm.a
LOAD c:/programdata/chocolatey/lib/gcc-arm-embedded/tools/gcc-arm-none-eabi-10.3-2021.10/bin/../lib/gcc/arm-none-eabi/10.3.1/../../../../arm-none-eabi/lib/thumb/v7e-m+fp/hard\libnosys.a
START GROUP
LOAD c:/programdata/chocolatey/lib/gcc-arm-embedded/tools/gcc-arm-none-eabi-10.3-2021.10/bin/../lib/gcc/arm-none-eabi/10.3.1/thumb/v7e-m+fp/hard\libgcc.a
LOAD c:/programdata/chocolatey/lib/gcc-arm-embedded/tools/gcc-arm-none-eabi-10.3-2021.10/bin/../lib/gcc/arm-none-eabi/10.3.1/../../../../arm-none-eabi/lib/thumb/v7e-m+fp/hard\libc_nano.a
END GROUP
START GROUP
LOAD c:/programdata/chocolatey/lib/gcc-arm-embedded/tools/gcc-arm-none-eabi-10.3-2021.10/bin/../lib/gcc/arm-none-eabi/10.3.1/thumb/v7e-m+fp/hard\libgcc.a
LOAD c:/programdata/chocolatey/lib/gcc-arm-embedded/tools/gcc-arm-none-eabi-10.3-2021.10/bin/../lib/gcc/arm-none-eabi/10.3.1/../../../../arm-none-eabi/lib/thumb/v7e-m+fp/hard\libc_nano.a
END GROUP
LOAD c:/programdata/chocolatey/lib/gcc-arm-embedded/tools/gcc-arm-none-eabi-10.3-2021.10/bin/../lib/gcc/arm-none-eabi/10.3.1/thumb/v7e-m+fp/hard/crtend.o
LOAD c:/programdata/chocolatey/lib/gcc-arm-embedded/tools/gcc-arm-none-eabi-10.3-2021.10/bin/../lib/gcc/arm-none-eabi/10.3.1/thumb/v7e-m+fp/hard/crtn.o
                0x2001c000                _estack = (ORIGIN (RAM) + LENGTH (RAM))
                0x2001bc00                _sstack = (_estack - _Min_Stack_Size)
                0x00000200                _Min_Heap_Size = 0x200
                0x00000400                _Min_Stack_Size = 0x400

.isr_vector     0x08000000      0x1d8
                0x08000000                . = ALIGN (0x4)
 *(.isr_vector)
 .isr_vector    0x08000000      0x1d8 build/startup_stm32g491xx.o
                0x08000000                g_pfnVectors
                0x080001d8                . = ALIGN (0x4)

.text           0x080001e0     0x6ad0
                0x080001e0                . = ALIGN (0x4)
 *(.text)
 .text          0x080001e0       0x10 c:/programdata/chocolatey/lib/gcc-arm-embedded/tools/gcc-arm-none-eabi-10.3-2021.10/bin/../lib/gcc/arm-none-eabi/10.3.1/../../../../arm-none-eabi/lib/thumb/v7e-m+fp/hard\libc_nano.a(lib_a-strlen.o)
                0x080001e0                strlen
 .text          0x080001f0       0xa0 c:/programdata/chocolatey/lib/gcc-arm-embedded/tools/gcc-arm-none-eabi-10.3-2021.10/bin/../lib/gcc/arm-none-eabi/10.3.1/../../../../arm-none-eabi/lib/thumb/v7e-m+fp/hard\libc_nano.a(lib_a-memchr.o)
                0x080001f0                memchr
 .text          0x08000290      0x378 c:/programdata/chocolatey/lib/gcc-arm-embedded/tools/gcc-arm-none-eabi-10.3-2021.10/bin/../lib/gcc/arm-none-eabi/10.3.1/thumb/v7e-m+fp/hard\libgcc.a(_arm_addsubdf3.o)
                0x08000290                __aeabi_drsub
                0x08000298                __aeabi_dsub
                0x08000298                __subdf3
                0x0800029c                __aeabi_dadd
                0x0800029c                __adddf3
                0x08000514                __floatunsidf
                0x08000514                __aeabi_ui2d
                0x08000534                __floatsidf
                0x08000534                __aeabi_i2d
                0x08000558                __aeabi_f2d
                0x08000558                __extendsfdf2
                0x0800059c                __floatundidf
                0x0800059c                __aeabi_ul2d
                0x080005ac                __floatdidf
                0x080005ac                __aeabi_l2d
 .text          0x08000608      0x424 c:/programdata/chocolatey/lib/gcc-arm-embedded/tools/gcc-arm-none-eabi-10.3-2021.10/bin/../lib/gcc/arm-none-eabi/10.3.1/thumb/v7e-m+fp/hard\libgcc.a(_arm_muldivdf3.o)
                0x08000608                __aeabi_dmul
                0x08000608                __muldf3
                0x0800085c                __divdf3
                0x0800085c                __aeabi_ddiv
 .text          0x08000a2c      0x110 c:/programdata/chocolatey/lib/gcc-arm-embedded/tools/gcc-arm-none-eabi-10.3-2021.10/bin/../lib/gcc/arm-none-eabi/10.3.1/thumb/v7e-m+fp/hard\libgcc.a(_arm_cmpdf2.o)
                0x08000a2c                __gtdf2
                0x08000a2c                __gedf2
                0x08000a34                __ltdf2
                0x08000a34                __ledf2
                0x08000a3c                __nedf2
                0x08000a3c                __eqdf2
                0x08000a3c                __cmpdf2
                0x08000ab8                __aeabi_cdrcmple
                0x08000ac8                __aeabi_cdcmpeq
                0x08000ac8                __aeabi_cdcmple
                0x08000ad8                __aeabi_dcmpeq
                0x08000aec                __aeabi_dcmplt
                0x08000b00                __aeabi_dcmple
                0x08000b14                __aeabi_dcmpge
                0x08000b28                __aeabi_dcmpgt
 .text          0x08000b3c       0x2c c:/programdata/chocolatey/lib/gcc-arm-embedded/tools/gcc-arm-none-eabi-10.3-2021.10/bin/../lib/gcc/arm-none-eabi/10.3.1/thumb/v7e-m+fp/hard\libgcc.a(_arm_unorddf2.o)
                0x08000b3c                __unorddf2
                0x08000b3c                __aeabi_dcmpun
 .text          0x08000b68       0x50 c:/programdata/chocolatey/lib/gcc-arm-embedded/tools/gcc-arm-none-eabi-10.3-2021.10/bin/../lib/gcc/arm-none-eabi/10.3.1/thumb/v7e-m+fp/hard\libgcc.a(_arm_fixdfsi.o)
                0x08000b68                __aeabi_d2iz
                0x08000b68                __fixdfsi
 .text          0x08000bb8       0x30 c:/programdata/chocolatey/lib/gcc-arm-embedded/tools/gcc-arm-none-eabi-10.3-2021.10/bin/../lib/gcc/arm-none-eabi/10.3.1/thumb/v7e-m+fp/hard\libgcc.a(_aeabi_uldivmod.o)
                0x08000bb8                __aeabi_uldivmod
 .text          0x08000be8      0x2d0 c:/programdata/chocolatey/lib/gcc-arm-embedded/tools/gcc-arm-none-eabi-10.3-2021.10/bin/../lib/gcc/arm-none-eabi/10.3.1/thumb/v7e-m+fp/hard\libgcc.a(_udivmoddi4.o)
                0x08000be8                __udivmoddi4
 .text          0x08000eb8        0x4 c:/programdata/chocolatey/lib/gcc-arm-embedded/tools/gcc-arm-none-eabi-10.3-2021.10/bin/../lib/gcc/arm-none-eabi/10.3.1/thumb/v7e-m+fp/hard\libgcc.a(_dvmd_tls.o)
                0x08000eb8                __aeabi_idiv0
                0x08000eb8                __aeabi_ldiv0
 *(.text*)
 .text.Error_Handler
                0x08000ebc        0x4 build/main.o
                0x08000ebc                Error_Handler
 .text.SystemClock_Config
                0x08000ec0       0x5e build/main.o
                0x08000ec0                SystemClock_Config
 *fill*         0x08000f1e        0x2 
 .text.main     0x08000f20      0x2dc build/main.o
                0x08000f20                main
 .text.NMI_Handler
                0x080011fc        0x2 build/stm32g4xx_it.o
                0x080011fc                NMI_Handler
 .text.HardFault_Handler
                0x080011fe        0x2 build/stm32g4xx_it.o
                0x080011fe                HardFault_Handler
 .text.MemManage_Handler
                0x08001200        0x2 build/stm32g4xx_it.o
                0x08001200                MemManage_Handler
 .text.BusFault_Handler
                0x08001202        0x2 build/stm32g4xx_it.o
                0x08001202                BusFault_Handler
 .text.UsageFault_Handler
                0x08001204        0x2 build/stm32g4xx_it.o
                0x08001204                UsageFault_Handler
 .text.SVC_Handler
                0x08001206        0x2 build/stm32g4xx_it.o
                0x08001206                SVC_Handler
 .text.DebugMon_Handler
                0x08001208        0x2 build/stm32g4xx_it.o
                0x08001208                DebugMon_Handler
 .text.PendSV_Handler
                0x0800120a        0x2 build/stm32g4xx_it.o
                0x0800120a                PendSV_Handler
 .text.SysTick_Handler
                0x0800120c        0x8 build/stm32g4xx_it.o
                0x0800120c                SysTick_Handler
 .text.HAL_MspInit
                0x08001214       0x38 build/stm32g4xx_hal_msp.o
                0x08001214                HAL_MspInit
 .text.HAL_PWREx_ControlVoltageScaling
                0x0800124c      0x10c build/stm32g4xx_hal_pwr_ex.o
                0x0800124c                HAL_PWREx_ControlVoltageScaling
 .text.HAL_PWREx_DisableUCPDDeadBattery
                0x08001358       0x10 build/stm32g4xx_hal_pwr_ex.o
                0x08001358                HAL_PWREx_DisableUCPDDeadBattery
 .text.HAL_InitTick
                0x08001368       0x50 build/stm32g4xx_hal.o
                0x08001368                HAL_InitTick
 .text.HAL_Init
                0x080013b8       0x1e build/stm32g4xx_hal.o
                0x080013b8                HAL_Init
 *fill*         0x080013d6        0x2 
 .text.HAL_IncTick
                0x080013d8       0x18 build/stm32g4xx_hal.o
                0x080013d8                HAL_IncTick
 .text.HAL_GetTick
                0x080013f0        0xc build/stm32g4xx_hal.o
                0x080013f0                HAL_GetTick
 .text.HAL_Delay
                0x080013fc       0x28 build/stm32g4xx_hal.o
                0x080013fc                HAL_Delay
 .text.RCC_GetSysClockFreqFromPLLSource
                0x08001424       0x58 build/stm32g4xx_hal_rcc.o
 .text.HAL_RCC_OscConfig
                0x0800147c      0x4e4 build/stm32g4xx_hal_rcc.o
                0x0800147c                HAL_RCC_OscConfig
 .text.HAL_RCC_GetSysClockFreq
                0x08001960       0x88 build/stm32g4xx_hal_rcc.o
                0x08001960                HAL_RCC_GetSysClockFreq
 .text.HAL_RCC_ClockConfig
                0x080019e8      0x1f8 build/stm32g4xx_hal_rcc.o
                0x080019e8                HAL_RCC_ClockConfig
 .text.HAL_RCC_GetHCLKFreq
                0x08001be0        0xc build/stm32g4xx_hal_rcc.o
                0x08001be0                HAL_RCC_GetHCLKFreq
 .text.HAL_RCC_GetPCLK1Freq
                0x08001bec       0x24 build/stm32g4xx_hal_rcc.o
                0x08001bec                HAL_RCC_GetPCLK1Freq
 .text.HAL_RCC_GetPCLK2Freq
                0x08001c10       0x24 build/stm32g4xx_hal_rcc.o
                0x08001c10                HAL_RCC_GetPCLK2Freq
 .text.HAL_RCCEx_PeriphCLKConfig
                0x08001c34      0x35c build/stm32g4xx_hal_rcc_ex.o
                0x08001c34                HAL_RCCEx_PeriphCLKConfig
 .text.HAL_GPIO_Init
                0x08001f90      0x1e0 build/stm32g4xx_hal_gpio.o
                0x08001f90                HAL_GPIO_Init
 .text.HAL_GPIO_ReadPin
                0x08002170        0xe build/stm32g4xx_hal_gpio.o
                0x08002170                HAL_GPIO_ReadPin
 .text.HAL_GPIO_TogglePin
                0x0800217e       0x12 build/stm32g4xx_hal_gpio.o
                0x0800217e                HAL_GPIO_TogglePin
 .text.HAL_NVIC_SetPriorityGrouping
                0x08002190       0x24 build/stm32g4xx_hal_cortex.o
                0x08002190                HAL_NVIC_SetPriorityGrouping
 .text.HAL_NVIC_SetPriority
                0x080021b4       0x70 build/stm32g4xx_hal_cortex.o
                0x080021b4                HAL_NVIC_SetPriority
 .text.HAL_SYSTICK_Config
                0x08002224       0x28 build/stm32g4xx_hal_cortex.o
                0x08002224                HAL_SYSTICK_Config
 .text.SystemInit
                0x0800224c       0x14 build/system_stm32g4xx.o
                0x0800224c                SystemInit
 .text._sbrk    0x08002260       0x48 build/sysmem.o
                0x08002260                _sbrk
 .text._getpid  0x080022a8        0x4 build/syscalls.o
                0x080022a8                _getpid
 .text._kill    0x080022ac       0x10 build/syscalls.o
                0x080022ac                _kill
 .text._exit    0x080022bc        0xc build/syscalls.o
                0x080022bc                _exit
 .text._read    0x080022c8       0x20 build/syscalls.o
                0x080022c8                _read
 .text._write   0x080022e8       0x1c build/syscalls.o
                0x080022e8                _write
 .text._close   0x08002304        0x6 build/syscalls.o
                0x08002304                _close
 .text._fstat   0x0800230a        0xa build/syscalls.o
                0x0800230a                _fstat
 .text._isatty  0x08002314        0x4 build/syscalls.o
                0x08002314                _isatty
 .text._lseek   0x08002318        0x4 build/syscalls.o
                0x08002318                _lseek
 .text.TIM_OC1_SetConfig
                0x0800231c       0xb4 build/stm32g4xx_hal_tim.o
 .text.TIM_OC3_SetConfig
                0x080023d0       0xa0 build/stm32g4xx_hal_tim.o
 .text.TIM_OC4_SetConfig
                0x08002470       0xa0 build/stm32g4xx_hal_tim.o
 .text.TIM_OC5_SetConfig
                0x08002510       0x70 build/stm32g4xx_hal_tim.o
 .text.TIM_OC6_SetConfig
                0x08002580       0x74 build/stm32g4xx_hal_tim.o
 .text.HAL_TIM_PWM_MspInit
                0x080025f4        0x2 build/stm32g4xx_hal_tim.o
                0x080025f4                HAL_TIM_PWM_MspInit
 *fill*         0x080025f6        0x2 
 .text.TIM_Base_SetConfig
                0x080025f8       0xd8 build/stm32g4xx_hal_tim.o
                0x080025f8                TIM_Base_SetConfig
 .text.HAL_TIM_PWM_Init
                0x080026d0       0x60 build/stm32g4xx_hal_tim.o
                0x080026d0                HAL_TIM_PWM_Init
 .text.TIM_OC2_SetConfig
                0x08002730       0xa0 build/stm32g4xx_hal_tim.o
                0x08002730                TIM_OC2_SetConfig
 .text.HAL_TIM_PWM_ConfigChannel
                0x080027d0      0x13a build/stm32g4xx_hal_tim.o
                0x080027d0                HAL_TIM_PWM_ConfigChannel
 .text.TIM_CCxChannelCmd
                0x0800290a       0x1e build/stm32g4xx_hal_tim.o
                0x0800290a                TIM_CCxChannelCmd
 .text.HAL_TIM_PWM_Start
                0x08002928      0x168 build/stm32g4xx_hal_tim.o
                0x08002928                HAL_TIM_PWM_Start
 .text.HAL_ADC_MspInit
                0x08002a90        0x2 build/stm32g4xx_hal_adc.o
                0x08002a90                HAL_ADC_MspInit
 *fill*         0x08002a92        0x2 
 .text.HAL_ADC_Init
                0x08002a94      0x274 build/stm32g4xx_hal_adc.o
                0x08002a94                HAL_ADC_Init
 .text.HAL_ADC_PollForConversion
                0x08002d08      0x13c build/stm32g4xx_hal_adc.o
                0x08002d08                HAL_ADC_PollForConversion
 .text.HAL_ADC_GetValue
                0x08002e44        0x6 build/stm32g4xx_hal_adc.o
                0x08002e44                HAL_ADC_GetValue
 *fill*         0x08002e4a        0x2 
 .text.HAL_ADC_ConfigChannel
                0x08002e4c      0x510 build/stm32g4xx_hal_adc.o
                0x08002e4c                HAL_ADC_ConfigChannel
 .text.ADC_Enable
                0x0800335c       0xf8 build/stm32g4xx_hal_adc.o
                0x0800335c                ADC_Enable
 .text.HAL_ADC_Start
                0x08003454      0x110 build/stm32g4xx_hal_adc.o
                0x08003454                HAL_ADC_Start
 .text.ADC_Disable
                0x08003564       0x94 build/stm32g4xx_hal_adc.o
                0x08003564                ADC_Disable
 .text.HAL_ADCEx_Calibration_Start
                0x080035f8       0x9c build/stm32g4xx_hal_adc_ex.o
                0x080035f8                HAL_ADCEx_Calibration_Start
 .text.UART_EndRxTransfer
                0x08003694       0x56 build/stm32g4xx_hal_uart.o
 .text.HAL_UART_MspInit
                0x080036ea        0x2 build/stm32g4xx_hal_uart.o
                0x080036ea                HAL_UART_MspInit
 .text.UART_SetConfig
                0x080036ec      0x388 build/stm32g4xx_hal_uart.o
                0x080036ec                UART_SetConfig
 .text.UART_AdvFeatureConfig
                0x08003a74       0xca build/stm32g4xx_hal_uart.o
                0x08003a74                UART_AdvFeatureConfig
 .text.UART_WaitOnFlagUntilTimeout
                0x08003b3e       0xa2 build/stm32g4xx_hal_uart.o
                0x08003b3e                UART_WaitOnFlagUntilTimeout
 .text.HAL_UART_Transmit
                0x08003be0       0xe2 build/stm32g4xx_hal_uart.o
                0x08003be0                HAL_UART_Transmit
 .text.UART_CheckIdleState
                0x08003cc2       0xca build/stm32g4xx_hal_uart.o
                0x08003cc2                UART_CheckIdleState
 .text.HAL_UART_Init
                0x08003d8c       0x66 build/stm32g4xx_hal_uart.o
                0x08003d8c                HAL_UART_Init
 *fill*         0x08003df2        0x2 
 .text.Reset_Handler
                0x08003df4       0x50 build/startup_stm32g491xx.o
                0x08003df4                Reset_Handler
 .text.Default_Handler
                0x08003e44        0x2 build/startup_stm32g491xx.o
                0x08003e44                RTC_Alarm_IRQHandler
                0x08003e44                EXTI2_IRQHandler
                0x08003e44                TIM8_TRG_COM_IRQHandler
                0x08003e44                TIM8_CC_IRQHandler
                0x08003e44                TIM1_CC_IRQHandler
                0x08003e44                USB_HP_IRQHandler
                0x08003e44                CORDIC_IRQHandler
                0x08003e44                DMA2_Channel8_IRQHandler
                0x08003e44                EXTI3_IRQHandler
                0x08003e44                I2C3_ER_IRQHandler
                0x08003e44                EXTI0_IRQHandler
                0x08003e44                I2C2_EV_IRQHandler
                0x08003e44                FPU_IRQHandler
                0x08003e44                FDCAN1_IT1_IRQHandler
                0x08003e44                TIM1_UP_TIM16_IRQHandler
                0x08003e44                ADC1_2_IRQHandler
                0x08003e44                SPI1_IRQHandler
                0x08003e44                TIM6_DAC_IRQHandler
                0x08003e44                TIM8_UP_IRQHandler
                0x08003e44                DMA2_Channel2_IRQHandler
                0x08003e44                DMA1_Channel4_IRQHandler
                0x08003e44                TIM20_TRG_COM_IRQHandler
                0x08003e44                USART3_IRQHandler
                0x08003e44                DMA1_Channel7_IRQHandler
                0x08003e44                UART5_IRQHandler
                0x08003e44                ADC3_IRQHandler
                0x08003e44                TIM4_IRQHandler
                0x08003e44                DMA2_Channel1_IRQHandler
                0x08003e44                QUADSPI_IRQHandler
                0x08003e44                I2C1_EV_IRQHandler
                0x08003e44                DMA1_Channel6_IRQHandler
                0x08003e44                UART4_IRQHandler
                0x08003e44                DMA2_Channel4_IRQHandler
                0x08003e44                TIM3_IRQHandler
                0x08003e44                RCC_IRQHandler
                0x08003e44                TIM20_UP_IRQHandler
                0x08003e44                DMA1_Channel1_IRQHandler
                0x08003e44                Default_Handler
                0x08003e44                DMA2_Channel7_IRQHandler
                0x08003e44                RTC_TAMP_LSECSS_IRQHandler
                0x08003e44                FMAC_IRQHandler
                0x08003e44                EXTI15_10_IRQHandler
                0x08003e44                DMA1_Channel8_IRQHandler
                0x08003e44                TIM7_IRQHandler
                0x08003e44                UCPD1_IRQHandler
                0x08003e44                I2C3_EV_IRQHandler
                0x08003e44                EXTI9_5_IRQHandler
                0x08003e44                RTC_WKUP_IRQHandler
                0x08003e44                PVD_PVM_IRQHandler
                0x08003e44                SPI2_IRQHandler
                0x08003e44                DMA2_Channel5_IRQHandler
                0x08003e44                CRS_IRQHandler
                0x08003e44                DMA1_Channel5_IRQHandler
                0x08003e44                USB_LP_IRQHandler
                0x08003e44                EXTI4_IRQHandler
                0x08003e44                RNG_IRQHandler
                0x08003e44                TIM1_TRG_COM_TIM17_IRQHandler
                0x08003e44                FDCAN2_IT1_IRQHandler
                0x08003e44                DMA1_Channel3_IRQHandler
                0x08003e44                WWDG_IRQHandler
                0x08003e44                FDCAN2_IT0_IRQHandler
                0x08003e44                LPUART1_IRQHandler
                0x08003e44                DMA2_Channel6_IRQHandler
                0x08003e44                FDCAN1_IT0_IRQHandler
                0x08003e44                TIM2_IRQHandler
                0x08003e44                COMP1_2_3_IRQHandler
                0x08003e44                EXTI1_IRQHandler
                0x08003e44                USART2_IRQHandler
                0x08003e44                TIM20_BRK_IRQHandler
                0x08003e44                I2C2_ER_IRQHandler
                0x08003e44                DMA1_Channel2_IRQHandler
                0x08003e44                TIM8_BRK_IRQHandler
                0x08003e44                FLASH_IRQHandler
                0x08003e44                TIM20_CC_IRQHandler
                0x08003e44                USART1_IRQHandler
                0x08003e44                SPI3_IRQHandler
                0x08003e44                I2C1_ER_IRQHandler
                0x08003e44                LPTIM1_IRQHandler
                0x08003e44                DMAMUX_OVR_IRQHandler
                0x08003e44                USBWakeUp_IRQHandler
                0x08003e44                SAI1_IRQHandler
                0x08003e44                DMA2_Channel3_IRQHandler
                0x08003e44                COMP4_IRQHandler
                0x08003e44                TIM1_BRK_TIM15_IRQHandler
 *fill*         0x08003e46        0x2 
 .text.__errno  0x08003e48        0xc c:/programdata/chocolatey/lib/gcc-arm-embedded/tools/gcc-arm-none-eabi-10.3-2021.10/bin/../lib/gcc/arm-none-eabi/10.3.1/../../../../arm-none-eabi/lib/thumb/v7e-m+fp/hard\libc_nano.a(lib_a-errno.o)
                0x08003e48                __errno
 .text.__libc_init_array
                0x08003e54       0x48 c:/programdata/chocolatey/lib/gcc-arm-embedded/tools/gcc-arm-none-eabi-10.3-2021.10/bin/../lib/gcc/arm-none-eabi/10.3.1/../../../../arm-none-eabi/lib/thumb/v7e-m+fp/hard\libc_nano.a(lib_a-init.o)
                0x08003e54                __libc_init_array
 .text.memset   0x08003e9c       0x10 c:/programdata/chocolatey/lib/gcc-arm-embedded/tools/gcc-arm-none-eabi-10.3-2021.10/bin/../lib/gcc/arm-none-eabi/10.3.1/../../../../arm-none-eabi/lib/thumb/v7e-m+fp/hard\libc_nano.a(lib_a-memset.o)
                0x08003e9c                memset
 .text.__cvt    0x08003eac       0xc4 c:/programdata/chocolatey/lib/gcc-arm-embedded/tools/gcc-arm-none-eabi-10.3-2021.10/bin/../lib/gcc/arm-none-eabi/10.3.1/../../../../arm-none-eabi/lib/thumb/v7e-m+fp/hard\libc_nano.a(lib_a-nano-vfprintf_float.o)
                0x08003eac                __cvt
 .text.__exponent
                0x08003f70       0x7c c:/programdata/chocolatey/lib/gcc-arm-embedded/tools/gcc-arm-none-eabi-10.3-2021.10/bin/../lib/gcc/arm-none-eabi/10.3.1/../../../../arm-none-eabi/lib/thumb/v7e-m+fp/hard\libc_nano.a(lib_a-nano-vfprintf_float.o)
                0x08003f70                __exponent
 .text._printf_float
                0x08003fec      0x46c c:/programdata/chocolatey/lib/gcc-arm-embedded/tools/gcc-arm-none-eabi-10.3-2021.10/bin/../lib/gcc/arm-none-eabi/10.3.1/../../../../arm-none-eabi/lib/thumb/v7e-m+fp/hard\libc_nano.a(lib_a-nano-vfprintf_float.o)
                0x08003fec                _printf_float
 .text._printf_common
                0x08004458       0xda c:/programdata/chocolatey/lib/gcc-arm-embedded/tools/gcc-arm-none-eabi-10.3-2021.10/bin/../lib/gcc/arm-none-eabi/10.3.1/../../../../arm-none-eabi/lib/thumb/v7e-m+fp/hard\libc_nano.a(lib_a-nano-vfprintf_i.o)
                0x08004458                _printf_common
 *fill*         0x08004532        0x2 
 .text._printf_i
                0x08004534      0x24c c:/programdata/chocolatey/lib/gcc-arm-embedded/tools/gcc-arm-none-eabi-10.3-2021.10/bin/../lib/gcc/arm-none-eabi/10.3.1/../../../../arm-none-eabi/lib/thumb/v7e-m+fp/hard\libc_nano.a(lib_a-nano-vfprintf_i.o)
                0x08004534                _printf_i
 .text.snprintf
                0x08004780       0x68 c:/programdata/chocolatey/lib/gcc-arm-embedded/tools/gcc-arm-none-eabi-10.3-2021.10/bin/../lib/gcc/arm-none-eabi/10.3.1/../../../../arm-none-eabi/lib/thumb/v7e-m+fp/hard\libc_nano.a(lib_a-snprintf.o)
                0x08004780                sniprintf
                0x08004780                snprintf
 .text.quorem   0x080047e8      0x116 c:/programdata/chocolatey/lib/gcc-arm-embedded/tools/gcc-arm-none-eabi-10.3-2021.10/bin/../lib/gcc/arm-none-eabi/10.3.1/../../../../arm-none-eabi/lib/thumb/v7e-m+fp/hard\libc_nano.a(lib_a-dtoa.o)
 *fill*         0x080048fe        0x2 
 .text._dtoa_r  0x08004900      0xbdc c:/programdata/chocolatey/lib/gcc-arm-embedded/tools/gcc-arm-none-eabi-10.3-2021.10/bin/../lib/gcc/arm-none-eabi/10.3.1/../../../../arm-none-eabi/lib/thumb/v7e-m+fp/hard\libc_nano.a(lib_a-dtoa.o)
                0x08004900                _dtoa_r
 .text._localeconv_r
                0x080054dc        0x8 c:/programdata/chocolatey/lib/gcc-arm-embedded/tools/gcc-arm-none-eabi-10.3-2021.10/bin/../lib/gcc/arm-none-eabi/10.3.1/../../../../arm-none-eabi/lib/thumb/v7e-m+fp/hard\libc_nano.a(lib_a-localeconv.o)
                0x080054dc                _localeconv_r
 .text.malloc   0x080054e4       0x10 c:/programdata/chocolatey/lib/gcc-arm-embedded/tools/gcc-arm-none-eabi-10.3-2021.10/bin/../lib/gcc/arm-none-eabi/10.3.1/../../../../arm-none-eabi/lib/thumb/v7e-m+fp/hard\libc_nano.a(lib_a-malloc.o)
                0x080054e4                malloc
 .text.memcpy   0x080054f4       0x1c c:/programdata/chocolatey/lib/gcc-arm-embedded/tools/gcc-arm-none-eabi-10.3-2021.10/bin/../lib/gcc/arm-none-eabi/10.3.1/../../../../arm-none-eabi/lib/thumb/v7e-m+fp/hard\libc_nano.a(lib_a-memcpy-stub.o)
                0x080054f4                memcpy
 .text._Balloc  0x08005510       0x80 c:/programdata/chocolatey/lib/gcc-arm-embedded/tools/gcc-arm-none-eabi-10.3-2021.10/bin/../lib/gcc/arm-none-eabi/10.3.1/../../../../arm-none-eabi/lib/thumb/v7e-m+fp/hard\libc_nano.a(lib_a-mprec.o)
                0x08005510                _Balloc
 .text._Bfree   0x08005590       0x44 c:/programdata/chocolatey/lib/gcc-arm-embedded/tools/gcc-arm-none-eabi-10.3-2021.10/bin/../lib/gcc/arm-none-eabi/10.3.1/../../../../arm-none-eabi/lib/thumb/v7e-m+fp/hard\libc_nano.a(lib_a-mprec.o)
                0x08005590                _Bfree
 .text.__multadd
                0x080055d4       0x8c c:/programdata/chocolatey/lib/gcc-arm-embedded/tools/gcc-arm-none-eabi-10.3-2021.10/bin/../lib/gcc/arm-none-eabi/10.3.1/../../../../arm-none-eabi/lib/thumb/v7e-m+fp/hard\libc_nano.a(lib_a-mprec.o)
                0x080055d4                __multadd
 .text.__hi0bits
                0x08005660       0x40 c:/programdata/chocolatey/lib/gcc-arm-embedded/tools/gcc-arm-none-eabi-10.3-2021.10/bin/../lib/gcc/arm-none-eabi/10.3.1/../../../../arm-none-eabi/lib/thumb/v7e-m+fp/hard\libc_nano.a(lib_a-mprec.o)
                0x08005660                __hi0bits
 .text.__lo0bits
                0x080056a0       0x5e c:/programdata/chocolatey/lib/gcc-arm-embedded/tools/gcc-arm-none-eabi-10.3-2021.10/bin/../lib/gcc/arm-none-eabi/10.3.1/../../../../arm-none-eabi/lib/thumb/v7e-m+fp/hard\libc_nano.a(lib_a-mprec.o)
                0x080056a0                __lo0bits
 *fill*         0x080056fe        0x2 
 .text.__i2b    0x08005700       0x2c c:/programdata/chocolatey/lib/gcc-arm-embedded/tools/gcc-arm-none-eabi-10.3-2021.10/bin/../lib/gcc/arm-none-eabi/10.3.1/../../../../arm-none-eabi/lib/thumb/v7e-m+fp/hard\libc_nano.a(lib_a-mprec.o)
                0x08005700                __i2b
 .text.__multiply
                0x0800572c      0x154 c:/programdata/chocolatey/lib/gcc-arm-embedded/tools/gcc-arm-none-eabi-10.3-2021.10/bin/../lib/gcc/arm-none-eabi/10.3.1/../../../../arm-none-eabi/lib/thumb/v7e-m+fp/hard\libc_nano.a(lib_a-mprec.o)
                0x0800572c                __multiply
 .text.__pow5mult
                0x08005880       0xb4 c:/programdata/chocolatey/lib/gcc-arm-embedded/tools/gcc-arm-none-eabi-10.3-2021.10/bin/../lib/gcc/arm-none-eabi/10.3.1/../../../../arm-none-eabi/lib/thumb/v7e-m+fp/hard\libc_nano.a(lib_a-mprec.o)
                0x08005880                __pow5mult
 .text.__lshift
                0x08005934       0xe0 c:/programdata/chocolatey/lib/gcc-arm-embedded/tools/gcc-arm-none-eabi-10.3-2021.10/bin/../lib/gcc/arm-none-eabi/10.3.1/../../../../arm-none-eabi/lib/thumb/v7e-m+fp/hard\libc_nano.a(lib_a-mprec.o)
                0x08005934                __lshift
 .text.__mcmp   0x08005a14       0x38 c:/programdata/chocolatey/lib/gcc-arm-embedded/tools/gcc-arm-none-eabi-10.3-2021.10/bin/../lib/gcc/arm-none-eabi/10.3.1/../../../../arm-none-eabi/lib/thumb/v7e-m+fp/hard\libc_nano.a(lib_a-mprec.o)
                0x08005a14                __mcmp
 .text.__mdiff  0x08005a4c      0x114 c:/programdata/chocolatey/lib/gcc-arm-embedded/tools/gcc-arm-none-eabi-10.3-2021.10/bin/../lib/gcc/arm-none-eabi/10.3.1/../../../../arm-none-eabi/lib/thumb/v7e-m+fp/hard\libc_nano.a(lib_a-mprec.o)
                0x08005a4c                __mdiff
 .text.__d2b    0x08005b60       0xb8 c:/programdata/chocolatey/lib/gcc-arm-embedded/tools/gcc-arm-none-eabi-10.3-2021.10/bin/../lib/gcc/arm-none-eabi/10.3.1/../../../../arm-none-eabi/lib/thumb/v7e-m+fp/hard\libc_nano.a(lib_a-mprec.o)
                0x08005b60                __d2b
 .text._calloc_r
                0x08005c18       0x2c c:/programdata/chocolatey/lib/gcc-arm-embedded/tools/gcc-arm-none-eabi-10.3-2021.10/bin/../lib/gcc/arm-none-eabi/10.3.1/../../../../arm-none-eabi/lib/thumb/v7e-m+fp/hard\libc_nano.a(lib_a-nano-callocr.o)
                0x08005c18                _calloc_r
 .text._free_r  0x08005c44       0x98 c:/programdata/chocolatey/lib/gcc-arm-embedded/tools/gcc-arm-none-eabi-10.3-2021.10/bin/../lib/gcc/arm-none-eabi/10.3.1/../../../../arm-none-eabi/lib/thumb/v7e-m+fp/hard\libc_nano.a(lib_a-nano-freer.o)
                0x08005c44                _free_r
 .text.sbrk_aligned
                0x08005cdc       0x40 c:/programdata/chocolatey/lib/gcc-arm-embedded/tools/gcc-arm-none-eabi-10.3-2021.10/bin/../lib/gcc/arm-none-eabi/10.3.1/../../../../arm-none-eabi/lib/thumb/v7e-m+fp/hard\libc_nano.a(lib_a-nano-mallocr.o)
 .text._malloc_r
                0x08005d1c       0xe8 c:/programdata/chocolatey/lib/gcc-arm-embedded/tools/gcc-arm-none-eabi-10.3-2021.10/bin/../lib/gcc/arm-none-eabi/10.3.1/../../../../arm-none-eabi/lib/thumb/v7e-m+fp/hard\libc_nano.a(lib_a-nano-mallocr.o)
                0x08005d1c                _malloc_r
 .text.__ssputs_r
                0x08005e04       0xb6 c:/programdata/chocolatey/lib/gcc-arm-embedded/tools/gcc-arm-none-eabi-10.3-2021.10/bin/../lib/gcc/arm-none-eabi/10.3.1/../../../../arm-none-eabi/lib/thumb/v7e-m+fp/hard\libc_nano.a(lib_a-nano-svfprintf.o)
                0x08005e04                __ssputs_r
 *fill*         0x08005eba        0x2 
 .text._svfprintf_r
                0x08005ebc      0x200 c:/programdata/chocolatey/lib/gcc-arm-embedded/tools/gcc-arm-none-eabi-10.3-2021.10/bin/../lib/gcc/arm-none-eabi/10.3.1/../../../../arm-none-eabi/lib/thumb/v7e-m+fp/hard\libc_nano.a(lib_a-nano-svfprintf.o)
                0x08005ebc                _svfiprintf_r
                0x08005ebc                _svfprintf_r
 .text._sbrk_r  0x080060bc       0x20 c:/programdata/chocolatey/lib/gcc-arm-embedded/tools/gcc-arm-none-eabi-10.3-2021.10/bin/../lib/gcc/arm-none-eabi/10.3.1/../../../../arm-none-eabi/lib/thumb/v7e-m+fp/hard\libc_nano.a(lib_a-sbrkr.o)
                0x080060bc                _sbrk_r
 .text.__assert_func
                0x080060dc       0x3c c:/programdata/chocolatey/lib/gcc-arm-embedded/tools/gcc-arm-none-eabi-10.3-2021.10/bin/../lib/gcc/arm-none-eabi/10.3.1/../../../../arm-none-eabi/lib/thumb/v7e-m+fp/hard\libc_nano.a(lib_a-assert.o)
                0x080060dc                __assert_func
 .text.fprintf  0x08006118       0x24 c:/programdata/chocolatey/lib/gcc-arm-embedded/tools/gcc-arm-none-eabi-10.3-2021.10/bin/../lib/gcc/arm-none-eabi/10.3.1/../../../../arm-none-eabi/lib/thumb/v7e-m+fp/hard\libc_nano.a(lib_a-fprintf.o)
                0x08006118                fiprintf
                0x08006118                fprintf
 .text.__ascii_mbtowc
                0x0800613c       0x24 c:/programdata/chocolatey/lib/gcc-arm-embedded/tools/gcc-arm-none-eabi-10.3-2021.10/bin/../lib/gcc/arm-none-eabi/10.3.1/../../../../arm-none-eabi/lib/thumb/v7e-m+fp/hard\libc_nano.a(lib_a-mbtowc_r.o)
                0x0800613c                __ascii_mbtowc
 .text.memmove  0x08006160       0x34 c:/programdata/chocolatey/lib/gcc-arm-embedded/tools/gcc-arm-none-eabi-10.3-2021.10/bin/../lib/gcc/arm-none-eabi/10.3.1/../../../../arm-none-eabi/lib/thumb/v7e-m+fp/hard\libc_nano.a(lib_a-memmove.o)
                0x08006160                memmove
 .text.__malloc_lock
                0x08006194        0xc c:/programdata/chocolatey/lib/gcc-arm-embedded/tools/gcc-arm-none-eabi-10.3-2021.10/bin/../lib/gcc/arm-none-eabi/10.3.1/../../../../arm-none-eabi/lib/thumb/v7e-m+fp/hard\libc_nano.a(lib_a-mlock.o)
                0x08006194                __malloc_lock
 .text.__malloc_unlock
                0x080061a0        0xc c:/programdata/chocolatey/lib/gcc-arm-embedded/tools/gcc-arm-none-eabi-10.3-2021.10/bin/../lib/gcc/arm-none-eabi/10.3.1/../../../../arm-none-eabi/lib/thumb/v7e-m+fp/hard\libc_nano.a(lib_a-mlock.o)
                0x080061a0                __malloc_unlock
 .text._realloc_r
                0x080061ac       0x5e c:/programdata/chocolatey/lib/gcc-arm-embedded/tools/gcc-arm-none-eabi-10.3-2021.10/bin/../lib/gcc/arm-none-eabi/10.3.1/../../../../arm-none-eabi/lib/thumb/v7e-m+fp/hard\libc_nano.a(lib_a-nano-reallocr.o)
                0x080061ac                _realloc_r
 .text.__sfputc_r
                0x0800620a       0x2e c:/programdata/chocolatey/lib/gcc-arm-embedded/tools/gcc-arm-none-eabi-10.3-2021.10/bin/../lib/gcc/arm-none-eabi/10.3.1/../../../../arm-none-eabi/lib/thumb/v7e-m+fp/hard\libc_nano.a(lib_a-nano-vfprintf.o)
 .text.__sfputs_r
                0x08006238       0x24 c:/programdata/chocolatey/lib/gcc-arm-embedded/tools/gcc-arm-none-eabi-10.3-2021.10/bin/../lib/gcc/arm-none-eabi/10.3.1/../../../../arm-none-eabi/lib/thumb/v7e-m+fp/hard\libc_nano.a(lib_a-nano-vfprintf.o)
                0x08006238                __sfputs_r
 .text._vfprintf_r
                0x0800625c      0x260 c:/programdata/chocolatey/lib/gcc-arm-embedded/tools/gcc-arm-none-eabi-10.3-2021.10/bin/../lib/gcc/arm-none-eabi/10.3.1/../../../../arm-none-eabi/lib/thumb/v7e-m+fp/hard\libc_nano.a(lib_a-nano-vfprintf.o)
                0x0800625c                _vfprintf_r
                0x0800625c                _vfiprintf_r
 .text.__swbuf_r
                0x080064bc       0xa4 c:/programdata/chocolatey/lib/gcc-arm-embedded/tools/gcc-arm-none-eabi-10.3-2021.10/bin/../lib/gcc/arm-none-eabi/10.3.1/../../../../arm-none-eabi/lib/thumb/v7e-m+fp/hard\libc_nano.a(lib_a-wbuf.o)
                0x080064bc                __swbuf_r
 .text.__ascii_wctomb
                0x08006560       0x1a c:/programdata/chocolatey/lib/gcc-arm-embedded/tools/gcc-arm-none-eabi-10.3-2021.10/bin/../lib/gcc/arm-none-eabi/10.3.1/../../../../arm-none-eabi/lib/thumb/v7e-m+fp/hard\libc_nano.a(lib_a-wctomb_r.o)
                0x08006560                __ascii_wctomb
 *fill*         0x0800657a        0x2 
 .text.__swsetup_r
                0x0800657c       0xdc c:/programdata/chocolatey/lib/gcc-arm-embedded/tools/gcc-arm-none-eabi-10.3-2021.10/bin/../lib/gcc/arm-none-eabi/10.3.1/../../../../arm-none-eabi/lib/thumb/v7e-m+fp/hard\libc_nano.a(lib_a-wsetup.o)
                0x0800657c                __swsetup_r
 .text.abort    0x08006658        0xe c:/programdata/chocolatey/lib/gcc-arm-embedded/tools/gcc-arm-none-eabi-10.3-2021.10/bin/../lib/gcc/arm-none-eabi/10.3.1/../../../../arm-none-eabi/lib/thumb/v7e-m+fp/hard\libc_nano.a(lib_a-abort.o)
                0x08006658                abort
 *fill*         0x08006666        0x2 
 .text.__sflush_r
                0x08006668      0x10c c:/programdata/chocolatey/lib/gcc-arm-embedded/tools/gcc-arm-none-eabi-10.3-2021.10/bin/../lib/gcc/arm-none-eabi/10.3.1/../../../../arm-none-eabi/lib/thumb/v7e-m+fp/hard\libc_nano.a(lib_a-fflush.o)
                0x08006668                __sflush_r
 .text._fflush_r
                0x08006774       0x78 c:/programdata/chocolatey/lib/gcc-arm-embedded/tools/gcc-arm-none-eabi-10.3-2021.10/bin/../lib/gcc/arm-none-eabi/10.3.1/../../../../arm-none-eabi/lib/thumb/v7e-m+fp/hard\libc_nano.a(lib_a-fflush.o)
                0x08006774                _fflush_r
 .text.std      0x080067ec       0x48 c:/programdata/chocolatey/lib/gcc-arm-embedded/tools/gcc-arm-none-eabi-10.3-2021.10/bin/../lib/gcc/arm-none-eabi/10.3.1/../../../../arm-none-eabi/lib/thumb/v7e-m+fp/hard\libc_nano.a(lib_a-findfp.o)
 .text._cleanup_r
                0x08006834        0xc c:/programdata/chocolatey/lib/gcc-arm-embedded/tools/gcc-arm-none-eabi-10.3-2021.10/bin/../lib/gcc/arm-none-eabi/10.3.1/../../../../arm-none-eabi/lib/thumb/v7e-m+fp/hard\libc_nano.a(lib_a-findfp.o)
                0x08006834                _cleanup_r
 .text.__sfmoreglue
                0x08006840       0x2c c:/programdata/chocolatey/lib/gcc-arm-embedded/tools/gcc-arm-none-eabi-10.3-2021.10/bin/../lib/gcc/arm-none-eabi/10.3.1/../../../../arm-none-eabi/lib/thumb/v7e-m+fp/hard\libc_nano.a(lib_a-findfp.o)
                0x08006840                __sfmoreglue
 .text.__sfp_lock_acquire
                0x0800686c        0xc c:/programdata/chocolatey/lib/gcc-arm-embedded/tools/gcc-arm-none-eabi-10.3-2021.10/bin/../lib/gcc/arm-none-eabi/10.3.1/../../../../arm-none-eabi/lib/thumb/v7e-m+fp/hard\libc_nano.a(lib_a-findfp.o)
                0x0800686c                __sfp_lock_acquire
 .text.__sfp_lock_release
                0x08006878        0xc c:/programdata/chocolatey/lib/gcc-arm-embedded/tools/gcc-arm-none-eabi-10.3-2021.10/bin/../lib/gcc/arm-none-eabi/10.3.1/../../../../arm-none-eabi/lib/thumb/v7e-m+fp/hard\libc_nano.a(lib_a-findfp.o)
                0x08006878                __sfp_lock_release
 .text.__sinit_lock_acquire
                0x08006884        0xc c:/programdata/chocolatey/lib/gcc-arm-embedded/tools/gcc-arm-none-eabi-10.3-2021.10/bin/../lib/gcc/arm-none-eabi/10.3.1/../../../../arm-none-eabi/lib/thumb/v7e-m+fp/hard\libc_nano.a(lib_a-findfp.o)
                0x08006884                __sinit_lock_acquire
 .text.__sinit_lock_release
                0x08006890        0xc c:/programdata/chocolatey/lib/gcc-arm-embedded/tools/gcc-arm-none-eabi-10.3-2021.10/bin/../lib/gcc/arm-none-eabi/10.3.1/../../../../arm-none-eabi/lib/thumb/v7e-m+fp/hard\libc_nano.a(lib_a-findfp.o)
                0x08006890                __sinit_lock_release
 .text.__sinit  0x0800689c       0x70 c:/programdata/chocolatey/lib/gcc-arm-embedded/tools/gcc-arm-none-eabi-10.3-2021.10/bin/../lib/gcc/arm-none-eabi/10.3.1/../../../../arm-none-eabi/lib/thumb/v7e-m+fp/hard\libc_nano.a(lib_a-findfp.o)
                0x0800689c                __sinit
 .text.__sfp    0x0800690c       0x8c c:/programdata/chocolatey/lib/gcc-arm-embedded/tools/gcc-arm-none-eabi-10.3-2021.10/bin/../lib/gcc/arm-none-eabi/10.3.1/../../../../arm-none-eabi/lib/thumb/v7e-m+fp/hard\libc_nano.a(lib_a-findfp.o)
                0x0800690c                __sfp
 .text._fwalk_reent
                0x08006998       0x3e c:/programdata/chocolatey/lib/gcc-arm-embedded/tools/gcc-arm-none-eabi-10.3-2021.10/bin/../lib/gcc/arm-none-eabi/10.3.1/../../../../arm-none-eabi/lib/thumb/v7e-m+fp/hard\libc_nano.a(lib_a-fwalk.o)
                0x08006998                _fwalk_reent
 .text.__retarget_lock_init_recursive
                0x080069d6        0x2 c:/programdata/chocolatey/lib/gcc-arm-embedded/tools/gcc-arm-none-eabi-10.3-2021.10/bin/../lib/gcc/arm-none-eabi/10.3.1/../../../../arm-none-eabi/lib/thumb/v7e-m+fp/hard\libc_nano.a(lib_a-lock.o)
                0x080069d6                __retarget_lock_init_recursive
 .text.__retarget_lock_acquire_recursive
                0x080069d8        0x2 c:/programdata/chocolatey/lib/gcc-arm-embedded/tools/gcc-arm-none-eabi-10.3-2021.10/bin/../lib/gcc/arm-none-eabi/10.3.1/../../../../arm-none-eabi/lib/thumb/v7e-m+fp/hard\libc_nano.a(lib_a-lock.o)
                0x080069d8                __retarget_lock_acquire_recursive
 .text.__retarget_lock_release_recursive
                0x080069da        0x2 c:/programdata/chocolatey/lib/gcc-arm-embedded/tools/gcc-arm-none-eabi-10.3-2021.10/bin/../lib/gcc/arm-none-eabi/10.3.1/../../../../arm-none-eabi/lib/thumb/v7e-m+fp/hard\libc_nano.a(lib_a-lock.o)
                0x080069da                __retarget_lock_release_recursive
 .text.__swhatbuf_r
                0x080069dc       0x4a c:/programdata/chocolatey/lib/gcc-arm-embedded/tools/gcc-arm-none-eabi-10.3-2021.10/bin/../lib/gcc/arm-none-eabi/10.3.1/../../../../arm-none-eabi/lib/thumb/v7e-m+fp/hard\libc_nano.a(lib_a-makebuf.o)
                0x080069dc                __swhatbuf_r
 *fill*         0x08006a26        0x2 
 .text.__smakebuf_r
                0x08006a28       0x80 c:/programdata/chocolatey/lib/gcc-arm-embedded/tools/gcc-arm-none-eabi-10.3-2021.10/bin/../lib/gcc/arm-none-eabi/10.3.1/../../../../arm-none-eabi/lib/thumb/v7e-m+fp/hard\libc_nano.a(lib_a-makebuf.o)
                0x08006a28                __smakebuf_r
 .text._malloc_usable_size_r
                0x08006aa8       0x10 c:/programdata/chocolatey/lib/gcc-arm-embedded/tools/gcc-arm-none-eabi-10.3-2021.10/bin/../lib/gcc/arm-none-eabi/10.3.1/../../../../arm-none-eabi/lib/thumb/v7e-m+fp/hard\libc_nano.a(lib_a-nano-msizer.o)
                0x08006aa8                _malloc_usable_size_r
 .text._raise_r
                0x08006ab8       0x50 c:/programdata/chocolatey/lib/gcc-arm-embedded/tools/gcc-arm-none-eabi-10.3-2021.10/bin/../lib/gcc/arm-none-eabi/10.3.1/../../../../arm-none-eabi/lib/thumb/v7e-m+fp/hard\libc_nano.a(lib_a-signal.o)
                0x08006ab8                _raise_r
 .text.raise    0x08006b08       0x10 c:/programdata/chocolatey/lib/gcc-arm-embedded/tools/gcc-arm-none-eabi-10.3-2021.10/bin/../lib/gcc/arm-none-eabi/10.3.1/../../../../arm-none-eabi/lib/thumb/v7e-m+fp/hard\libc_nano.a(lib_a-signal.o)
                0x08006b08                raise
 .text._kill_r  0x08006b18       0x24 c:/programdata/chocolatey/lib/gcc-arm-embedded/tools/gcc-arm-none-eabi-10.3-2021.10/bin/../lib/gcc/arm-none-eabi/10.3.1/../../../../arm-none-eabi/lib/thumb/v7e-m+fp/hard\libc_nano.a(lib_a-signalr.o)
                0x08006b18                _kill_r
 .text._getpid_r
                0x08006b3c        0x4 c:/programdata/chocolatey/lib/gcc-arm-embedded/tools/gcc-arm-none-eabi-10.3-2021.10/bin/../lib/gcc/arm-none-eabi/10.3.1/../../../../arm-none-eabi/lib/thumb/v7e-m+fp/hard\libc_nano.a(lib_a-signalr.o)
                0x08006b3c                _getpid_r
 .text.__sread  0x08006b40       0x22 c:/programdata/chocolatey/lib/gcc-arm-embedded/tools/gcc-arm-none-eabi-10.3-2021.10/bin/../lib/gcc/arm-none-eabi/10.3.1/../../../../arm-none-eabi/lib/thumb/v7e-m+fp/hard\libc_nano.a(lib_a-stdio.o)
                0x08006b40                __sread
 .text.__swrite
                0x08006b62       0x38 c:/programdata/chocolatey/lib/gcc-arm-embedded/tools/gcc-arm-none-eabi-10.3-2021.10/bin/../lib/gcc/arm-none-eabi/10.3.1/../../../../arm-none-eabi/lib/thumb/v7e-m+fp/hard\libc_nano.a(lib_a-stdio.o)
                0x08006b62                __swrite
 .text.__sseek  0x08006b9a       0x24 c:/programdata/chocolatey/lib/gcc-arm-embedded/tools/gcc-arm-none-eabi-10.3-2021.10/bin/../lib/gcc/arm-none-eabi/10.3.1/../../../../arm-none-eabi/lib/thumb/v7e-m+fp/hard\libc_nano.a(lib_a-stdio.o)
                0x08006b9a                __sseek
 .text.__sclose
                0x08006bbe        0x8 c:/programdata/chocolatey/lib/gcc-arm-embedded/tools/gcc-arm-none-eabi-10.3-2021.10/bin/../lib/gcc/arm-none-eabi/10.3.1/../../../../arm-none-eabi/lib/thumb/v7e-m+fp/hard\libc_nano.a(lib_a-stdio.o)
                0x08006bbe                __sclose
 *fill*         0x08006bc6        0x2 
 .text._write_r
                0x08006bc8       0x24 c:/programdata/chocolatey/lib/gcc-arm-embedded/tools/gcc-arm-none-eabi-10.3-2021.10/bin/../lib/gcc/arm-none-eabi/10.3.1/../../../../arm-none-eabi/lib/thumb/v7e-m+fp/hard\libc_nano.a(lib_a-writer.o)
                0x08006bc8                _write_r
 .text._close_r
                0x08006bec       0x20 c:/programdata/chocolatey/lib/gcc-arm-embedded/tools/gcc-arm-none-eabi-10.3-2021.10/bin/../lib/gcc/arm-none-eabi/10.3.1/../../../../arm-none-eabi/lib/thumb/v7e-m+fp/hard\libc_nano.a(lib_a-closer.o)
                0x08006bec                _close_r
 .text._fstat_r
                0x08006c0c       0x24 c:/programdata/chocolatey/lib/gcc-arm-embedded/tools/gcc-arm-none-eabi-10.3-2021.10/bin/../lib/gcc/arm-none-eabi/10.3.1/../../../../arm-none-eabi/lib/thumb/v7e-m+fp/hard\libc_nano.a(lib_a-fstatr.o)
                0x08006c0c                _fstat_r
 .text._isatty_r
                0x08006c30       0x20 c:/programdata/chocolatey/lib/gcc-arm-embedded/tools/gcc-arm-none-eabi-10.3-2021.10/bin/../lib/gcc/arm-none-eabi/10.3.1/../../../../arm-none-eabi/lib/thumb/v7e-m+fp/hard\libc_nano.a(lib_a-isattyr.o)
                0x08006c30                _isatty_r
 .text._lseek_r
                0x08006c50       0x24 c:/programdata/chocolatey/lib/gcc-arm-embedded/tools/gcc-arm-none-eabi-10.3-2021.10/bin/../lib/gcc/arm-none-eabi/10.3.1/../../../../arm-none-eabi/lib/thumb/v7e-m+fp/hard\libc_nano.a(lib_a-lseekr.o)
                0x08006c50                _lseek_r
 .text._read_r  0x08006c74       0x24 c:/programdata/chocolatey/lib/gcc-arm-embedded/tools/gcc-arm-none-eabi-10.3-2021.10/bin/../lib/gcc/arm-none-eabi/10.3.1/../../../../arm-none-eabi/lib/thumb/v7e-m+fp/hard\libc_nano.a(lib_a-readr.o)
                0x08006c74                _read_r
 *(.glue_7)
 .glue_7        0x08006c98        0x0 linker stubs
 *(.glue_7t)
 .glue_7t       0x08006c98        0x0 linker stubs
 *(.eh_frame)
 *(.init)
 .init          0x08006c98        0x4 c:/programdata/chocolatey/lib/gcc-arm-embedded/tools/gcc-arm-none-eabi-10.3-2021.10/bin/../lib/gcc/arm-none-eabi/10.3.1/thumb/v7e-m+fp/hard/crti.o
                0x08006c98                _init
 .init          0x08006c9c        0x8 c:/programdata/chocolatey/lib/gcc-arm-embedded/tools/gcc-arm-none-eabi-10.3-2021.10/bin/../lib/gcc/arm-none-eabi/10.3.1/thumb/v7e-m+fp/hard/crtn.o
 *(.fini)
 .fini          0x08006ca4        0x4 c:/programdata/chocolatey/lib/gcc-arm-embedded/tools/gcc-arm-none-eabi-10.3-2021.10/bin/../lib/gcc/arm-none-eabi/10.3.1/thumb/v7e-m+fp/hard/crti.o
                0x08006ca4                _fini
 .fini          0x08006ca8        0x8 c:/programdata/chocolatey/lib/gcc-arm-embedded/tools/gcc-arm-none-eabi-10.3-2021.10/bin/../lib/gcc/arm-none-eabi/10.3.1/thumb/v7e-m+fp/hard/crtn.o
                0x08006cb0                . = ALIGN (0x4)
                0x08006cb0                _etext = .

.vfp11_veneer   0x08006cb0        0x0
 .vfp11_veneer  0x08006cb0        0x0 linker stubs

.v4_bx          0x08006cb0        0x0
 .v4_bx         0x08006cb0        0x0 linker stubs

.iplt           0x08006cb0        0x0
 .iplt          0x08006cb0        0x0 build/main.o

.rodata         0x08006cb0      0x524
                0x08006cb0                . = ALIGN (0x4)
 *(.rodata)
 *(.rodata*)
 .rodata.main.str1.4
                0x08006cb0       0xd2 build/main.o
 *fill*         0x08006d82        0x2 
 .rodata.AHBPrescTable
                0x08006d84       0x10 build/system_stm32g4xx.o
                0x08006d84                AHBPrescTable
 .rodata.APBPrescTable
                0x08006d94        0x8 build/system_stm32g4xx.o
                0x08006d94                APBPrescTable
 .rodata.UARTPrescTable
                0x08006d9c       0x18 build/stm32g4xx_hal_uart.o
                0x08006d9c                UARTPrescTable
 .rodata._global_impure_ptr
                0x08006db4        0x4 c:/programdata/chocolatey/lib/gcc-arm-embedded/tools/gcc-arm-none-eabi-10.3-2021.10/bin/../lib/gcc/arm-none-eabi/10.3.1/../../../../arm-none-eabi/lib/thumb/v7e-m+fp/hard\libc_nano.a(lib_a-impure.o)
                0x08006db4                _global_impure_ptr
 .rodata._printf_float.str1.1
                0x08006db8       0x12 c:/programdata/chocolatey/lib/gcc-arm-embedded/tools/gcc-arm-none-eabi-10.3-2021.10/bin/../lib/gcc/arm-none-eabi/10.3.1/../../../../arm-none-eabi/lib/thumb/v7e-m+fp/hard\libc_nano.a(lib_a-nano-vfprintf_float.o)
 .rodata._printf_i.str1.1
                0x08006dca       0x22 c:/programdata/chocolatey/lib/gcc-arm-embedded/tools/gcc-arm-none-eabi-10.3-2021.10/bin/../lib/gcc/arm-none-eabi/10.3.1/../../../../arm-none-eabi/lib/thumb/v7e-m+fp/hard\libc_nano.a(lib_a-nano-vfprintf_i.o)
 .rodata._dtoa_r.str1.1
                0x08006dec       0xb3 c:/programdata/chocolatey/lib/gcc-arm-embedded/tools/gcc-arm-none-eabi-10.3-2021.10/bin/../lib/gcc/arm-none-eabi/10.3.1/../../../../arm-none-eabi/lib/thumb/v7e-m+fp/hard\libc_nano.a(lib_a-dtoa.o)
                                 0xb5 (size before relaxing)
 .rodata._Balloc.str1.1
                0x08006e9f       0x7f c:/programdata/chocolatey/lib/gcc-arm-embedded/tools/gcc-arm-none-eabi-10.3-2021.10/bin/../lib/gcc/arm-none-eabi/10.3.1/../../../../arm-none-eabi/lib/thumb/v7e-m+fp/hard\libc_nano.a(lib_a-mprec.o)
                                 0x96 (size before relaxing)
 .rodata.__multadd.str1.1
                0x08006f1e       0x11 c:/programdata/chocolatey/lib/gcc-arm-embedded/tools/gcc-arm-none-eabi-10.3-2021.10/bin/../lib/gcc/arm-none-eabi/10.3.1/../../../../arm-none-eabi/lib/thumb/v7e-m+fp/hard\libc_nano.a(lib_a-mprec.o)
 *fill*         0x08006f1e        0x2 
 .rodata.__mprec_bigtens
                0x08006f20       0x28 c:/programdata/chocolatey/lib/gcc-arm-embedded/tools/gcc-arm-none-eabi-10.3-2021.10/bin/../lib/gcc/arm-none-eabi/10.3.1/../../../../arm-none-eabi/lib/thumb/v7e-m+fp/hard\libc_nano.a(lib_a-mprec.o)
                0x08006f20                __mprec_bigtens
 .rodata.__mprec_tens
                0x08006f48       0xc8 c:/programdata/chocolatey/lib/gcc-arm-embedded/tools/gcc-arm-none-eabi-10.3-2021.10/bin/../lib/gcc/arm-none-eabi/10.3.1/../../../../arm-none-eabi/lib/thumb/v7e-m+fp/hard\libc_nano.a(lib_a-mprec.o)
                0x08006f48                __mprec_tens
 .rodata.p05.0  0x08007010        0xc c:/programdata/chocolatey/lib/gcc-arm-embedded/tools/gcc-arm-none-eabi-10.3-2021.10/bin/../lib/gcc/arm-none-eabi/10.3.1/../../../../arm-none-eabi/lib/thumb/v7e-m+fp/hard\libc_nano.a(lib_a-mprec.o)
 .rodata._svfprintf_r.str1.1
                0x0800701c       0x11 c:/programdata/chocolatey/lib/gcc-arm-embedded/tools/gcc-arm-none-eabi-10.3-2021.10/bin/../lib/gcc/arm-none-eabi/10.3.1/../../../../arm-none-eabi/lib/thumb/v7e-m+fp/hard\libc_nano.a(lib_a-nano-svfprintf.o)
 .rodata.__assert_func.str1.1
                0x0800702d       0x3c c:/programdata/chocolatey/lib/gcc-arm-embedded/tools/gcc-arm-none-eabi-10.3-2021.10/bin/../lib/gcc/arm-none-eabi/10.3.1/../../../../arm-none-eabi/lib/thumb/v7e-m+fp/hard\libc_nano.a(lib_a-assert.o)
                                 0x3d (size before relaxing)
 .rodata._setlocale_r.str1.1
                0x08007069        0x8 c:/programdata/chocolatey/lib/gcc-arm-embedded/tools/gcc-arm-none-eabi-10.3-2021.10/bin/../lib/gcc/arm-none-eabi/10.3.1/../../../../arm-none-eabi/lib/thumb/v7e-m+fp/hard\libc_nano.a(lib_a-locale.o)
                                  0x9 (size before relaxing)
 .rodata.str1.1
                0x08007071        0x2 c:/programdata/chocolatey/lib/gcc-arm-embedded/tools/gcc-arm-none-eabi-10.3-2021.10/bin/../lib/gcc/arm-none-eabi/10.3.1/../../../../arm-none-eabi/lib/thumb/v7e-m+fp/hard\libc_nano.a(lib_a-locale.o)
 .rodata._vfprintf_r.str1.1
                0x08007073       0x11 c:/programdata/chocolatey/lib/gcc-arm-embedded/tools/gcc-arm-none-eabi-10.3-2021.10/bin/../lib/gcc/arm-none-eabi/10.3.1/../../../../arm-none-eabi/lib/thumb/v7e-m+fp/hard\libc_nano.a(lib_a-nano-vfprintf.o)
 .rodata._ctype_
                0x08007073      0x101 c:/programdata/chocolatey/lib/gcc-arm-embedded/tools/gcc-arm-none-eabi-10.3-2021.10/bin/../lib/gcc/arm-none-eabi/10.3.1/../../../../arm-none-eabi/lib/thumb/v7e-m+fp/hard\libc_nano.a(lib_a-ctype_.o)
                0x08007073                _ctype_
 .rodata.__sf_fake_stderr
                0x08007174       0x20 c:/programdata/chocolatey/lib/gcc-arm-embedded/tools/gcc-arm-none-eabi-10.3-2021.10/bin/../lib/gcc/arm-none-eabi/10.3.1/../../../../arm-none-eabi/lib/thumb/v7e-m+fp/hard\libc_nano.a(lib_a-findfp.o)
                0x08007174                __sf_fake_stderr
 .rodata.__sf_fake_stdin
                0x08007194       0x20 c:/programdata/chocolatey/lib/gcc-arm-embedded/tools/gcc-arm-none-eabi-10.3-2021.10/bin/../lib/gcc/arm-none-eabi/10.3.1/../../../../arm-none-eabi/lib/thumb/v7e-m+fp/hard\libc_nano.a(lib_a-findfp.o)
                0x08007194                __sf_fake_stdin
 .rodata.__sf_fake_stdout
                0x080071b4       0x20 c:/programdata/chocolatey/lib/gcc-arm-embedded/tools/gcc-arm-none-eabi-10.3-2021.10/bin/../lib/gcc/arm-none-eabi/10.3.1/../../../../arm-none-eabi/lib/thumb/v7e-m+fp/hard\libc_nano.a(lib_a-findfp.o)
                0x080071b4                __sf_fake_stdout
                0x080071d4                . = ALIGN (0x4)

.ARM.extab      0x080071d4        0x0
                0x080071d4                . = ALIGN (0x4)
 *(.ARM.extab* .gnu.linkonce.armextab.*)
                0x080071d4                . = ALIGN (0x4)

.ARM            0x080071d4        0x8
                0x080071d4                . = ALIGN (0x4)
                0x080071d4                __exidx_start = .
 *(.ARM.exidx*)
 .ARM.exidx     0x080071d4        0x8 c:/programdata/chocolatey/lib/gcc-arm-embedded/tools/gcc-arm-none-eabi-10.3-2021.10/bin/../lib/gcc/arm-none-eabi/10.3.1/thumb/v7e-m+fp/hard\libgcc.a(_udivmoddi4.o)
                0x080071dc                __exidx_end = .
                0x080071dc                . = ALIGN (0x4)

.rel.dyn        0x080071dc        0x0
 .rel.iplt      0x080071dc        0x0 build/main.o

.preinit_array  0x080071dc        0x0
                0x080071dc                . = ALIGN (0x4)
                0x080071dc                PROVIDE (__preinit_array_start = .)
 *(.preinit_array*)
                0x080071dc                PROVIDE (__preinit_array_end = .)
                0x080071dc                . = ALIGN (0x4)
                0x080071dc                _sidata = LOADADDR (.data)

.data           0x20000000      0x1dc load address 0x080071dc
                0x20000000                . = ALIGN (0x4)
                0x20000000                _sdata = .
 *(.data)
 *(.data*)
 .data.uwTickFreq
                0x20000000        0x4 build/stm32g4xx_hal.o
                0x20000000                uwTickFreq
 .data.uwTickPrio
                0x20000004        0x4 build/stm32g4xx_hal.o
                0x20000004                uwTickPrio
 .data.SystemCoreClock
                0x20000008        0x4 build/system_stm32g4xx.o
                0x20000008                SystemCoreClock
 .data._impure_ptr
                0x2000000c        0x4 c:/programdata/chocolatey/lib/gcc-arm-embedded/tools/gcc-arm-none-eabi-10.3-2021.10/bin/../lib/gcc/arm-none-eabi/10.3.1/../../../../arm-none-eabi/lib/thumb/v7e-m+fp/hard\libc_nano.a(lib_a-impure.o)
                0x2000000c                _impure_ptr
 .data.impure_data
                0x20000010       0x60 c:/programdata/chocolatey/lib/gcc-arm-embedded/tools/gcc-arm-none-eabi-10.3-2021.10/bin/../lib/gcc/arm-none-eabi/10.3.1/../../../../arm-none-eabi/lib/thumb/v7e-m+fp/hard\libc_nano.a(lib_a-impure.o)
 .data.__global_locale
                0x20000070      0x16c c:/programdata/chocolatey/lib/gcc-arm-embedded/tools/gcc-arm-none-eabi-10.3-2021.10/bin/../lib/gcc/arm-none-eabi/10.3.1/../../../../arm-none-eabi/lib/thumb/v7e-m+fp/hard\libc_nano.a(lib_a-locale.o)
                0x20000070                __global_locale
 *(.RamFunc)
 *(.RamFunc*)
                0x200001dc                . = ALIGN (0x4)
                0x200001dc                _edata = .

.igot.plt       0x200001dc        0x0 load address 0x080073b8
 .igot.plt      0x200001dc        0x0 build/main.o
                0x200001dc                . = ALIGN (0x4)

.bss            0x200001dc      0x164 load address 0x080073b8
                0x200001dc                _sbss = .
                0x200001dc                __bss_start__ = _sbss
 *(.bss)
 *(.bss*)
 .bss.hadc1.2   0x200001dc       0x6c build/main.o
 .bss.htim3.0   0x20000248       0x4c build/main.o
 .bss.huart2.1  0x20000294       0x94 build/main.o
 .bss.uwTick    0x20000328        0x4 build/stm32g4xx_hal.o
                0x20000328                uwTick
 .bss.__sbrk_heap_end
                0x2000032c        0x4 build/sysmem.o
 .bss.__malloc_free_list
                0x20000330        0x4 c:/programdata/chocolatey/lib/gcc-arm-embedded/tools/gcc-arm-none-eabi-10.3-2021.10/bin/../lib/gcc/arm-none-eabi/10.3.1/../../../../arm-none-eabi/lib/thumb/v7e-m+fp/hard\libc_nano.a(lib_a-nano-mallocr.o)
                0x20000330                __malloc_free_list
 .bss.__malloc_sbrk_start
                0x20000334        0x4 c:/programdata/chocolatey/lib/gcc-arm-embedded/tools/gcc-arm-none-eabi-10.3-2021.10/bin/../lib/gcc/arm-none-eabi/10.3.1/../../../../arm-none-eabi/lib/thumb/v7e-m+fp/hard\libc_nano.a(lib_a-nano-mallocr.o)
                0x20000334                __malloc_sbrk_start
 .bss.errno     0x20000338        0x4 c:/programdata/chocolatey/lib/gcc-arm-embedded/tools/gcc-arm-none-eabi-10.3-2021.10/bin/../lib/gcc/arm-none-eabi/10.3.1/../../../../arm-none-eabi/lib/thumb/v7e-m+fp/hard\libc_nano.a(lib_a-reent.o)
                0x20000338                errno
 .bss.__lock___malloc_recursive_mutex
                0x2000033c        0x1 c:/programdata/chocolatey/lib/gcc-arm-embedded/tools/gcc-arm-none-eabi-10.3-2021.10/bin/../lib/gcc/arm-none-eabi/10.3.1/../../../../arm-none-eabi/lib/thumb/v7e-m+fp/hard\libc_nano.a(lib_a-lock.o)
                0x2000033c                __lock___malloc_recursive_mutex
 .bss.__lock___sfp_recursive_mutex
                0x2000033d        0x1 c:/programdata/chocolatey/lib/gcc-arm-embedded/tools/gcc-arm-none-eabi-10.3-2021.10/bin/../lib/gcc/arm-none-eabi/10.3.1/../../../../arm-none-eabi/lib/thumb/v7e-m+fp/hard\libc_nano.a(lib_a-lock.o)
                0x2000033d                __lock___sfp_recursive_mutex
 .bss.__lock___sinit_recursive_mutex
                0x2000033e        0x1 c:/programdata/chocolatey/lib/gcc-arm-embedded/tools/gcc-arm-none-eabi-10.3-2021.10/bin/../lib/gcc/arm-none-eabi/10.3.1/../../../../arm-none-eabi/lib/thumb/v7e-m+fp/hard\libc_nano.a(lib_a-lock.o)
                0x2000033e                __lock___sinit_recursive_mutex
 *(COMMON)
                0x20000340                . = ALIGN (0x4)
 *fill*         0x2000033f        0x1 
                0x20000340                _ebss = .
                0x20000340                __bss_end__ = _ebss

._user_heap_stack
                0x20000340      0x600 load address 0x080073b8
                0x20000340                . = ALIGN (0x8)
                [!provide]                PROVIDE (end = .)
                0x20000340                PROVIDE (_end = .)
                0x20000540                . = (. + _Min_Heap_Size)
 *fill*         0x20000340      0x200 
                0x20000940                . = (. + _Min_Stack_Size)
 *fill*         0x20000540      0x400 
                0x20000940                . = ALIGN (0x8)

/DISCARD/
 libc.a(*)
 libm.a(*)
 libgcc.a(*)
OUTPUT(build/blink.elf elf32-littlearm)
LOAD linker stubs
LOAD c:/programdata/chocolatey/lib/gcc-arm-embedded/tools/gcc-arm-none-eabi-10.3-2021.10/bin/../lib/gcc/arm-none-eabi/10.3.1/../../../../arm-none-eabi/lib/thumb/v7e-m+fp/hard\libc.a
LOAD c:/programdata/chocolatey/lib/gcc-arm-embedded/tools/gcc-arm-none-eabi-10.3-2021.10/bin/../lib/gcc/arm-none-eabi/10.3.1/../../../../arm-none-eabi/lib/thumb/v7e-m+fp/hard\libm.a
LOAD c:/programdata/chocolatey/lib/gcc-arm-embedded/tools/gcc-arm-none-eabi-10.3-2021.10/bin/../lib/gcc/arm-none-eabi/10.3.1/thumb/v7e-m+fp/hard\libgcc.a

.ARM.attributes
                0x00000000       0x30
 .ARM.attributes
                0x00000000       0x1e c:/programdata/chocolatey/lib/gcc-arm-embedded/tools/gcc-arm-none-eabi-10.3-2021.10/bin/../lib/gcc/arm-none-eabi/10.3.1/thumb/v7e-m+fp/hard/crti.o
 .ARM.attributes
                0x0000001e       0x34 build/main.o
 .ARM.attributes
                0x00000052       0x34 build/stm32g4xx_it.o
 .ARM.attributes
                0x00000086       0x34 build/stm32g4xx_hal_msp.o
 .ARM.attributes
                0x000000ba       0x34 build/stm32g4xx_hal_pwr_ex.o
 .ARM.attributes
                0x000000ee       0x34 build/stm32g4xx_hal.o
 .ARM.attributes
                0x00000122       0x34 build/stm32g4xx_hal_rcc.o
 .ARM.attributes
                0x00000156       0x34 build/stm32g4xx_hal_rcc_ex.o
 .ARM.attributes
                0x0000018a       0x34 build/stm32g4xx_hal_gpio.o
 .ARM.attributes
                0x000001be       0x34 build/stm32g4xx_hal_cortex.o
 .ARM.attributes
                0x000001f2       0x34 build/system_stm32g4xx.o
 .ARM.attributes
                0x00000226       0x34 build/sysmem.o
 .ARM.attributes
                0x0000025a       0x34 build/syscalls.o
 .ARM.attributes
                0x0000028e       0x34 build/stm32g4xx_hal_tim.o
 .ARM.attributes
                0x000002c2       0x34 build/stm32g4xx_hal_adc.o
 .ARM.attributes
                0x000002f6       0x34 build/stm32g4xx_hal_adc_ex.o
 .ARM.attributes
                0x0000032a       0x34 build/stm32g4xx_hal_uart.o
 .ARM.attributes
                0x0000035e       0x21 build/startup_stm32g491xx.o
 .ARM.attributes
                0x0000037f       0x34 c:/programdata/chocolatey/lib/gcc-arm-embedded/tools/gcc-arm-none-eabi-10.3-2021.10/bin/../lib/gcc/arm-none-eabi/10.3.1/../../../../arm-none-eabi/lib/thumb/v7e-m+fp/hard\libc_nano.a(lib_a-errno.o)
 .ARM.attributes
                0x000003b3       0x34 c:/programdata/chocolatey/lib/gcc-arm-embedded/tools/gcc-arm-none-eabi-10.3-2021.10/bin/../lib/gcc/arm-none-eabi/10.3.1/../../../../arm-none-eabi/lib/thumb/v7e-m+fp/hard\libc_nano.a(lib_a-impure.o)
 .ARM.attributes
                0x000003e7       0x34 c:/programdata/chocolatey/lib/gcc-arm-embedded/tools/gcc-arm-none-eabi-10.3-2021.10/bin/../lib/gcc/arm-none-eabi/10.3.1/../../../../arm-none-eabi/lib/thumb/v7e-m+fp/hard\libc_nano.a(lib_a-init.o)
 .ARM.attributes
                0x0000041b       0x34 c:/programdata/chocolatey/lib/gcc-arm-embedded/tools/gcc-arm-none-eabi-10.3-2021.10/bin/../lib/gcc/arm-none-eabi/10.3.1/../../../../arm-none-eabi/lib/thumb/v7e-m+fp/hard\libc_nano.a(lib_a-memset.o)
 .ARM.attributes
                0x0000044f       0x34 c:/programdata/chocolatey/lib/gcc-arm-embedded/tools/gcc-arm-none-eabi-10.3-2021.10/bin/../lib/gcc/arm-none-eabi/10.3.1/../../../../arm-none-eabi/lib/thumb/v7e-m+fp/hard\libc_nano.a(lib_a-nano-vfprintf_float.o)
 .ARM.attributes
                0x00000483       0x34 c:/programdata/chocolatey/lib/gcc-arm-embedded/tools/gcc-arm-none-eabi-10.3-2021.10/bin/../lib/gcc/arm-none-eabi/10.3.1/../../../../arm-none-eabi/lib/thumb/v7e-m+fp/hard\libc_nano.a(lib_a-nano-vfprintf_i.o)
 .ARM.attributes
                0x000004b7       0x34 c:/programdata/chocolatey/lib/gcc-arm-embedded/tools/gcc-arm-none-eabi-10.3-2021.10/bin/../lib/gcc/arm-none-eabi/10.3.1/../../../../arm-none-eabi/lib/thumb/v7e-m+fp/hard\libc_nano.a(lib_a-snprintf.o)
 .ARM.attributes
                0x000004eb       0x17 c:/programdata/chocolatey/lib/gcc-arm-embedded/tools/gcc-arm-none-eabi-10.3-2021.10/bin/../lib/gcc/arm-none-eabi/10.3.1/../../../../arm-none-eabi/lib/thumb/v7e-m+fp/hard\libc_nano.a(lib_a-strlen.o)
 .ARM.attributes
                0x00000502       0x34 c:/programdata/chocolatey/lib/gcc-arm-embedded/tools/gcc-arm-none-eabi-10.3-2021.10/bin/../lib/gcc/arm-none-eabi/10.3.1/../../../../arm-none-eabi/lib/thumb/v7e-m+fp/hard\libc_nano.a(lib_a-dtoa.o)
 .ARM.attributes
                0x00000536       0x34 c:/programdata/chocolatey/lib/gcc-arm-embedded/tools/gcc-arm-none-eabi-10.3-2021.10/bin/../lib/gcc/arm-none-eabi/10.3.1/../../../../arm-none-eabi/lib/thumb/v7e-m+fp/hard\libc_nano.a(lib_a-localeconv.o)
 .ARM.attributes
                0x0000056a       0x34 c:/programdata/chocolatey/lib/gcc-arm-embedded/tools/gcc-arm-none-eabi-10.3-2021.10/bin/../lib/gcc/arm-none-eabi/10.3.1/../../../../arm-none-eabi/lib/thumb/v7e-m+fp/hard\libc_nano.a(lib_a-malloc.o)
 .ARM.attributes
                0x0000059e       0x1c c:/programdata/chocolatey/lib/gcc-arm-embedded/tools/gcc-arm-none-eabi-10.3-2021.10/bin/../lib/gcc/arm-none-eabi/10.3.1/../../../../arm-none-eabi/lib/thumb/v7e-m+fp/hard\libc_nano.a(lib_a-memchr.o)
 .ARM.attributes
                0x000005ba       0x34 c:/programdata/chocolatey/lib/gcc-arm-embedded/tools/gcc-arm-none-eabi-10.3-2021.10/bin/../lib/gcc/arm-none-eabi/10.3.1/../../../../arm-none-eabi/lib/thumb/v7e-m+fp/hard\libc_nano.a(lib_a-memcpy-stub.o)
 .ARM.attributes
                0x000005ee       0x34 c:/programdata/chocolatey/lib/gcc-arm-embedded/tools/gcc-arm-none-eabi-10.3-2021.10/bin/../lib/gcc/arm-none-eabi/10.3.1/../../../../arm-none-eabi/lib/thumb/v7e-m+fp/hard\libc_nano.a(lib_a-mprec.o)
 .ARM.attributes
                0x00000622       0x34 c:/programdata/chocolatey/lib/gcc-arm-embedded/tools/gcc-arm-none-eabi-10.3-2021.10/bin/../lib/gcc/arm-none-eabi/10.3.1/../../../../arm-none-eabi/lib/thumb/v7e-m+fp/hard\libc_nano.a(lib_a-nano-callocr.o)
 .ARM.attributes
                0x00000656       0x34 c:/programdata/chocolatey/lib/gcc-arm-embedded/tools/gcc-arm-none-eabi-10.3-2021.10/bin/../lib/gcc/arm-none-eabi/10.3.1/../../../../arm-none-eabi/lib/thumb/v7e-m+fp/hard\libc_nano.a(lib_a-nano-freer.o)
 .ARM.attributes
                0x0000068a       0x34 c:/programdata/chocolatey/lib/gcc-arm-embedded/tools/gcc-arm-none-eabi-10.3-2021.10/bin/../lib/gcc/arm-none-eabi/10.3.1/../../../../arm-none-eabi/lib/thumb/v7e-m+fp/hard\libc_nano.a(lib_a-nano-mallocr.o)
 .ARM.attributes
                0x000006be       0x34 c:/programdata/chocolatey/lib/gcc-arm-embedded/tools/gcc-arm-none-eabi-10.3-2021.10/bin/../lib/gcc/arm-none-eabi/10.3.1/../../../../arm-none-eabi/lib/thumb/v7e-m+fp/hard\libc_nano.a(lib_a-nano-svfprintf.o)
 .ARM.attributes
                0x000006f2       0x34 c:/programdata/chocolatey/lib/gcc-arm-embedded/tools/gcc-arm-none-eabi-10.3-2021.10/bin/../lib/gcc/arm-none-eabi/10.3.1/../../../../arm-none-eabi/lib/thumb/v7e-m+fp/hard\libc_nano.a(lib_a-sbrkr.o)
 .ARM.attributes
                0x00000726       0x34 c:/programdata/chocolatey/lib/gcc-arm-embedded/tools/gcc-arm-none-eabi-10.3-2021.10/bin/../lib/gcc/arm-none-eabi/10.3.1/../../../../arm-none-eabi/lib/thumb/v7e-m+fp/hard\libc_nano.a(lib_a-assert.o)
 .ARM.attributes
                0x0000075a       0x34 c:/programdata/chocolatey/lib/gcc-arm-embedded/tools/gcc-arm-none-eabi-10.3-2021.10/bin/../lib/gcc/arm-none-eabi/10.3.1/../../../../arm-none-eabi/lib/thumb/v7e-m+fp/hard\libc_nano.a(lib_a-fprintf.o)
 .ARM.attributes
                0x0000078e       0x34 c:/programdata/chocolatey/lib/gcc-arm-embedded/tools/gcc-arm-none-eabi-10.3-2021.10/bin/../lib/gcc/arm-none-eabi/10.3.1/../../../../arm-none-eabi/lib/thumb/v7e-m+fp/hard\libc_nano.a(lib_a-locale.o)
 .ARM.attributes
                0x000007c2       0x34 c:/programdata/chocolatey/lib/gcc-arm-embedded/tools/gcc-arm-none-eabi-10.3-2021.10/bin/../lib/gcc/arm-none-eabi/10.3.1/../../../../arm-none-eabi/lib/thumb/v7e-m+fp/hard\libc_nano.a(lib_a-mbtowc_r.o)
 .ARM.attributes
                0x000007f6       0x34 c:/programdata/chocolatey/lib/gcc-arm-embedded/tools/gcc-arm-none-eabi-10.3-2021.10/bin/../lib/gcc/arm-none-eabi/10.3.1/../../../../arm-none-eabi/lib/thumb/v7e-m+fp/hard\libc_nano.a(lib_a-memmove.o)
 .ARM.attributes
                0x0000082a       0x34 c:/programdata/chocolatey/lib/gcc-arm-embedded/tools/gcc-arm-none-eabi-10.3-2021.10/bin/../lib/gcc/arm-none-eabi/10.3.1/../../../../arm-none-eabi/lib/thumb/v7e-m+fp/hard\libc_nano.a(lib_a-mlock.o)
 .ARM.attributes
                0x0000085e       0x34 c:/programdata/chocolatey/lib/gcc-arm-embedded/tools/gcc-arm-none-eabi-10.3-2021.10/bin/../lib/gcc/arm-none-eabi/10.3.1/../../../../arm-none-eabi/lib/thumb/v7e-m+fp/hard\libc_nano.a(lib_a-nano-reallocr.o)
 .ARM.attributes
                0x00000892       0x34 c:/programdata/chocolatey/lib/gcc-arm-embedded/tools/gcc-arm-none-eabi-10.3-2021.10/bin/../lib/gcc/arm-none-eabi/10.3.1/../../../../arm-none-eabi/lib/thumb/v7e-m+fp/hard\libc_nano.a(lib_a-nano-vfprintf.o)
 .ARM.attributes
                0x000008c6       0x34 c:/programdata/chocolatey/lib/gcc-arm-embedded/tools/gcc-arm-none-eabi-10.3-2021.10/bin/../lib/gcc/arm-none-eabi/10.3.1/../../../../arm-none-eabi/lib/thumb/v7e-m+fp/hard\libc_nano.a(lib_a-reent.o)
 .ARM.attributes
                0x000008fa       0x34 c:/programdata/chocolatey/lib/gcc-arm-embedded/tools/gcc-arm-none-eabi-10.3-2021.10/bin/../lib/gcc/arm-none-eabi/10.3.1/../../../../arm-none-eabi/lib/thumb/v7e-m+fp/hard\libc_nano.a(lib_a-wbuf.o)
 .ARM.attributes
                0x0000092e       0x34 c:/programdata/chocolatey/lib/gcc-arm-embedded/tools/gcc-arm-none-eabi-10.3-2021.10/bin/../lib/gcc/arm-none-eabi/10.3.1/../../../../arm-none-eabi/lib/thumb/v7e-m+fp/hard\libc_nano.a(lib_a-wctomb_r.o)
 .ARM.attributes
                0x00000962       0x34 c:/programdata/chocolatey/lib/gcc-arm-embedded/tools/gcc-arm-none-eabi-10.3-2021.10/bin/../lib/gcc/arm-none-eabi/10.3.1/../../../../arm-none-eabi/lib/thumb/v7e-m+fp/hard\libc_nano.a(lib_a-wsetup.o)
 .ARM.attributes
                0x00000996       0x34 c:/programdata/chocolatey/lib/gcc-arm-embedded/tools/gcc-arm-none-eabi-10.3-2021.10/bin/../lib/gcc/arm-none-eabi/10.3.1/../../../../arm-none-eabi/lib/thumb/v7e-m+fp/hard\libc_nano.a(lib_a-abort.o)
 .ARM.attributes
                0x000009ca       0x34 c:/programdata/chocolatey/lib/gcc-arm-embedded/tools/gcc-arm-none-eabi-10.3-2021.10/bin/../lib/gcc/arm-none-eabi/10.3.1/../../../../arm-none-eabi/lib/thumb/v7e-m+fp/hard\libc_nano.a(lib_a-ctype_.o)
 .ARM.attributes
                0x000009fe       0x34 c:/programdata/chocolatey/lib/gcc-arm-embedded/tools/gcc-arm-none-eabi-10.3-2021.10/bin/../lib/gcc/arm-none-eabi/10.3.1/../../../../arm-none-eabi/lib/thumb/v7e-m+fp/hard\libc_nano.a(lib_a-fflush.o)
 .ARM.attributes
                0x00000a32       0x34 c:/programdata/chocolatey/lib/gcc-arm-embedded/tools/gcc-arm-none-eabi-10.3-2021.10/bin/../lib/gcc/arm-none-eabi/10.3.1/../../../../arm-none-eabi/lib/thumb/v7e-m+fp/hard\libc_nano.a(lib_a-findfp.o)
 .ARM.attributes
                0x00000a66       0x34 c:/programdata/chocolatey/lib/gcc-arm-embedded/tools/gcc-arm-none-eabi-10.3-2021.10/bin/../lib/gcc/arm-none-eabi/10.3.1/../../../../arm-none-eabi/lib/thumb/v7e-m+fp/hard\libc_nano.a(lib_a-fwalk.o)
 .ARM.attributes
                0x00000a9a       0x34 c:/programdata/chocolatey/lib/gcc-arm-embedded/tools/gcc-arm-none-eabi-10.3-2021.10/bin/../lib/gcc/arm-none-eabi/10.3.1/../../../../arm-none-eabi/lib/thumb/v7e-m+fp/hard\libc_nano.a(lib_a-lock.o)
 .ARM.attributes
                0x00000ace       0x34 c:/programdata/chocolatey/lib/gcc-arm-embedded/tools/gcc-arm-none-eabi-10.3-2021.10/bin/../lib/gcc/arm-none-eabi/10.3.1/../../../../arm-none-eabi/lib/thumb/v7e-m+fp/hard\libc_nano.a(lib_a-makebuf.o)
 .ARM.attributes
                0x00000b02       0x34 c:/programdata/chocolatey/lib/gcc-arm-embedded/tools/gcc-arm-none-eabi-10.3-2021.10/bin/../lib/gcc/arm-none-eabi/10.3.1/../../../../arm-none-eabi/lib/thumb/v7e-m+fp/hard\libc_nano.a(lib_a-nano-msizer.o)
 .ARM.attributes
                0x00000b36       0x34 c:/programdata/chocolatey/lib/gcc-arm-embedded/tools/gcc-arm-none-eabi-10.3-2021.10/bin/../lib/gcc/arm-none-eabi/10.3.1/../../../../arm-none-eabi/lib/thumb/v7e-m+fp/hard\libc_nano.a(lib_a-signal.o)
 .ARM.attributes
                0x00000b6a       0x34 c:/programdata/chocolatey/lib/gcc-arm-embedded/tools/gcc-arm-none-eabi-10.3-2021.10/bin/../lib/gcc/arm-none-eabi/10.3.1/../../../../arm-none-eabi/lib/thumb/v7e-m+fp/hard\libc_nano.a(lib_a-signalr.o)
 .ARM.attributes
                0x00000b9e       0x34 c:/programdata/chocolatey/lib/gcc-arm-embedded/tools/gcc-arm-none-eabi-10.3-2021.10/bin/../lib/gcc/arm-none-eabi/10.3.1/../../../../arm-none-eabi/lib/thumb/v7e-m+fp/hard\libc_nano.a(lib_a-stdio.o)
 .ARM.attributes
                0x00000bd2       0x34 c:/programdata/chocolatey/lib/gcc-arm-embedded/tools/gcc-arm-none-eabi-10.3-2021.10/bin/../lib/gcc/arm-none-eabi/10.3.1/../../../../arm-none-eabi/lib/thumb/v7e-m+fp/hard\libc_nano.a(lib_a-writer.o)
 .ARM.attributes
                0x00000c06       0x34 c:/programdata/chocolatey/lib/gcc-arm-embedded/tools/gcc-arm-none-eabi-10.3-2021.10/bin/../lib/gcc/arm-none-eabi/10.3.1/../../../../arm-none-eabi/lib/thumb/v7e-m+fp/hard\libc_nano.a(lib_a-closer.o)
 .ARM.attributes
                0x00000c3a       0x34 c:/programdata/chocolatey/lib/gcc-arm-embedded/tools/gcc-arm-none-eabi-10.3-2021.10/bin/../lib/gcc/arm-none-eabi/10.3.1/../../../../arm-none-eabi/lib/thumb/v7e-m+fp/hard\libc_nano.a(lib_a-fstatr.o)
 .ARM.attributes
                0x00000c6e       0x34 c:/programdata/chocolatey/lib/gcc-arm-embedded/tools/gcc-arm-none-eabi-10.3-2021.10/bin/../lib/gcc/arm-none-eabi/10.3.1/../../../../arm-none-eabi/lib/thumb/v7e-m+fp/hard\libc_nano.a(lib_a-isattyr.o)
 .ARM.attributes
                0x00000ca2       0x34 c:/programdata/chocolatey/lib/gcc-arm-embedded/tools/gcc-arm-none-eabi-10.3-2021.10/bin/../lib/gcc/arm-none-eabi/10.3.1/../../../../arm-none-eabi/lib/thumb/v7e-m+fp/hard\libc_nano.a(lib_a-lseekr.o)
 .ARM.attributes
                0x00000cd6       0x34 c:/programdata/chocolatey/lib/gcc-arm-embedded/tools/gcc-arm-none-eabi-10.3-2021.10/bin/../lib/gcc/arm-none-eabi/10.3.1/../../../../arm-none-eabi/lib/thumb/v7e-m+fp/hard\libc_nano.a(lib_a-readr.o)
 .ARM.attributes
                0x00000d0a       0x1e c:/programdata/chocolatey/lib/gcc-arm-embedded/tools/gcc-arm-none-eabi-10.3-2021.10/bin/../lib/gcc/arm-none-eabi/10.3.1/thumb/v7e-m+fp/hard\libgcc.a(_arm_addsubdf3.o)
 .ARM.attributes
                0x00000d28       0x1e c:/programdata/chocolatey/lib/gcc-arm-embedded/tools/gcc-arm-none-eabi-10.3-2021.10/bin/../lib/gcc/arm-none-eabi/10.3.1/thumb/v7e-m+fp/hard\libgcc.a(_arm_muldivdf3.o)
 .ARM.attributes
                0x00000d46       0x1e c:/programdata/chocolatey/lib/gcc-arm-embedded/tools/gcc-arm-none-eabi-10.3-2021.10/bin/../lib/gcc/arm-none-eabi/10.3.1/thumb/v7e-m+fp/hard\libgcc.a(_arm_cmpdf2.o)
 .ARM.attributes
                0x00000d64       0x1e c:/programdata/chocolatey/lib/gcc-arm-embedded/tools/gcc-arm-none-eabi-10.3-2021.10/bin/../lib/gcc/arm-none-eabi/10.3.1/thumb/v7e-m+fp/hard\libgcc.a(_arm_unorddf2.o)
 .ARM.attributes
                0x00000d82       0x1e c:/programdata/chocolatey/lib/gcc-arm-embedded/tools/gcc-arm-none-eabi-10.3-2021.10/bin/../lib/gcc/arm-none-eabi/10.3.1/thumb/v7e-m+fp/hard\libgcc.a(_arm_fixdfsi.o)
 .ARM.attributes
                0x00000da0       0x1e c:/programdata/chocolatey/lib/gcc-arm-embedded/tools/gcc-arm-none-eabi-10.3-2021.10/bin/../lib/gcc/arm-none-eabi/10.3.1/thumb/v7e-m+fp/hard\libgcc.a(_aeabi_uldivmod.o)
 .ARM.attributes
                0x00000dbe       0x34 c:/programdata/chocolatey/lib/gcc-arm-embedded/tools/gcc-arm-none-eabi-10.3-2021.10/bin/../lib/gcc/arm-none-eabi/10.3.1/thumb/v7e-m+fp/hard\libgcc.a(_udivmoddi4.o)
 .ARM.attributes
                0x00000df2       0x1e c:/programdata/chocolatey/lib/gcc-arm-embedded/tools/gcc-arm-none-eabi-10.3-2021.10/bin/../lib/gcc/arm-none-eabi/10.3.1/thumb/v7e-m+fp/hard\libgcc.a(_dvmd_tls.o)
 .ARM.attributes
                0x00000e10       0x1e c:/programdata/chocolatey/lib/gcc-arm-embedded/tools/gcc-arm-none-eabi-10.3-2021.10/bin/../lib/gcc/arm-none-eabi/10.3.1/thumb/v7e-m+fp/hard/crtn.o

.comment        0x00000000       0x49
 .comment       0x00000000       0x49 build/main.o
                                 0x4a (size before relaxing)
 .comment       0x00000049       0x4a build/stm32g4xx_it.o
 .comment       0x00000049       0x4a build/stm32g4xx_hal_msp.o
 .comment       0x00000049       0x4a build/stm32g4xx_hal_pwr_ex.o
 .comment       0x00000049       0x4a build/stm32g4xx_hal.o
 .comment       0x00000049       0x4a build/stm32g4xx_hal_rcc.o
 .comment       0x00000049       0x4a build/stm32g4xx_hal_rcc_ex.o
 .comment       0x00000049       0x4a build/stm32g4xx_hal_gpio.o
 .comment       0x00000049       0x4a build/stm32g4xx_hal_cortex.o
 .comment       0x00000049       0x4a build/system_stm32g4xx.o
 .comment       0x00000049       0x4a build/sysmem.o
 .comment       0x00000049       0x4a build/syscalls.o
 .comment       0x00000049       0x4a build/stm32g4xx_hal_tim.o
 .comment       0x00000049       0x4a build/stm32g4xx_hal_adc.o
 .comment       0x00000049       0x4a build/stm32g4xx_hal_adc_ex.o
 .comment       0x00000049       0x4a build/stm32g4xx_hal_uart.o

.debug_info     0x00000000    0x1a05c
 .debug_info    0x00000000     0x20e7 build/main.o
 .debug_info    0x000020e7      0x15b build/stm32g4xx_it.o
 .debug_info    0x00002242      0x3a1 build/stm32g4xx_hal_msp.o
 .debug_info    0x000025e3      0xb25 build/stm32g4xx_hal_pwr_ex.o
 .debug_info    0x00003108      0xd32 build/stm32g4xx_hal.o
 .debug_info    0x00003e3a      0xff1 build/stm32g4xx_hal_rcc.o
 .debug_info    0x00004e2b     0x1096 build/stm32g4xx_hal_rcc_ex.o
 .debug_info    0x00005ec1      0x93d build/stm32g4xx_hal_gpio.o
 .debug_info    0x000067fe     0x11c1 build/stm32g4xx_hal_cortex.o
 .debug_info    0x000079bf      0x649 build/system_stm32g4xx.o
 .debug_info    0x00008008      0x185 build/sysmem.o
 .debug_info    0x0000818d      0x840 build/syscalls.o
 .debug_info    0x000089cd     0x4463 build/stm32g4xx_hal_tim.o
 .debug_info    0x0000ce30     0x3972 build/stm32g4xx_hal_adc.o
 .debug_info    0x000107a2     0x31d8 build/stm32g4xx_hal_adc_ex.o
 .debug_info    0x0001397a     0x66c0 build/stm32g4xx_hal_uart.o
 .debug_info    0x0001a03a       0x22 build/startup_stm32g491xx.o

.debug_abbrev   0x00000000     0x2391
 .debug_abbrev  0x00000000      0x290 build/main.o
 .debug_abbrev  0x00000290       0x81 build/stm32g4xx_it.o
 .debug_abbrev  0x00000311       0xd9 build/stm32g4xx_hal_msp.o
 .debug_abbrev  0x000003ea      0x264 build/stm32g4xx_hal_pwr_ex.o
 .debug_abbrev  0x0000064e      0x25d build/stm32g4xx_hal.o
 .debug_abbrev  0x000008ab      0x2ac build/stm32g4xx_hal_rcc.o
 .debug_abbrev  0x00000b57      0x269 build/stm32g4xx_hal_rcc_ex.o
 .debug_abbrev  0x00000dc0      0x229 build/stm32g4xx_hal_gpio.o
 .debug_abbrev  0x00000fe9      0x379 build/stm32g4xx_hal_cortex.o
 .debug_abbrev  0x00001362      0x11b build/system_stm32g4xx.o
 .debug_abbrev  0x0000147d       0xea build/sysmem.o
 .debug_abbrev  0x00001567      0x1cb build/syscalls.o
 .debug_abbrev  0x00001732      0x298 build/stm32g4xx_hal_tim.o
 .debug_abbrev  0x000019ca      0x308 build/stm32g4xx_hal_adc.o
 .debug_abbrev  0x00001cd2      0x36a build/stm32g4xx_hal_adc_ex.o
 .debug_abbrev  0x0000203c      0x343 build/stm32g4xx_hal_uart.o
 .debug_abbrev  0x0000237f       0x12 build/startup_stm32g491xx.o

.debug_loc      0x00000000    0x15b16
 .debug_loc     0x00000000      0x1a2 build/main.o
 .debug_loc     0x000001a2       0x20 build/stm32g4xx_it.o
 .debug_loc     0x000001c2       0x38 build/stm32g4xx_hal_msp.o
 .debug_loc     0x000001fa      0xa26 build/stm32g4xx_hal_pwr_ex.o
 .debug_loc     0x00000c20      0x2af build/stm32g4xx_hal.o
 .debug_loc     0x00000ecf      0x999 build/stm32g4xx_hal_rcc.o
 .debug_loc     0x00001868     0x158d build/stm32g4xx_hal_rcc_ex.o
 .debug_loc     0x00002df5      0x46f build/stm32g4xx_hal_gpio.o
 .debug_loc     0x00003264      0x796 build/stm32g4xx_hal_cortex.o
 .debug_loc     0x000039fa       0x9d build/system_stm32g4xx.o
 .debug_loc     0x00003a97       0x84 build/sysmem.o
 .debug_loc     0x00003b1b      0x511 build/syscalls.o
 .debug_loc     0x0000402c     0x6466 build/stm32g4xx_hal_tim.o
 .debug_loc     0x0000a492     0x2ad1 build/stm32g4xx_hal_adc.o
 .debug_loc     0x0000cf63     0x28aa build/stm32g4xx_hal_adc_ex.o
 .debug_loc     0x0000f80d     0x6309 build/stm32g4xx_hal_uart.o

.debug_aranges  0x00000000      0xec8
 .debug_aranges
                0x00000000       0x30 build/main.o
 .debug_aranges
                0x00000030       0x60 build/stm32g4xx_it.o
 .debug_aranges
                0x00000090       0x20 build/stm32g4xx_hal_msp.o
 .debug_aranges
                0x000000b0      0x140 build/stm32g4xx_hal_pwr_ex.o
 .debug_aranges
                0x000001f0      0x148 build/stm32g4xx_hal.o
 .debug_aranges
                0x00000338       0x98 build/stm32g4xx_hal_rcc.o
 .debug_aranges
                0x000003d0       0xb0 build/stm32g4xx_hal_rcc_ex.o
 .debug_aranges
                0x00000480       0x58 build/stm32g4xx_hal_gpio.o
 .debug_aranges
                0x000004d8       0xb8 build/stm32g4xx_hal_cortex.o
 .debug_aranges
                0x00000590       0x28 build/system_stm32g4xx.o
 .debug_aranges
                0x000005b8       0x20 build/sysmem.o
 .debug_aranges
                0x000005d8       0xa8 build/syscalls.o
 .debug_aranges
                0x00000680      0x3e0 build/stm32g4xx_hal_tim.o
 .debug_aranges
                0x00000a60      0x108 build/stm32g4xx_hal_adc.o
 .debug_aranges
                0x00000b68       0xf0 build/stm32g4xx_hal_adc_ex.o
 .debug_aranges
                0x00000c58      0x248 build/stm32g4xx_hal_uart.o
 .debug_aranges
                0x00000ea0       0x28 build/startup_stm32g491xx.o

.debug_ranges   0x00000000     0x10c0
 .debug_ranges  0x00000000       0x38 build/main.o
 .debug_ranges  0x00000038       0x50 build/stm32g4xx_it.o
 .debug_ranges  0x00000088       0x10 build/stm32g4xx_hal_msp.o
 .debug_ranges  0x00000098      0x130 build/stm32g4xx_hal_pwr_ex.o
 .debug_ranges  0x000001c8      0x138 build/stm32g4xx_hal.o
 .debug_ranges  0x00000300       0xa0 build/stm32g4xx_hal_rcc.o
 .debug_ranges  0x000003a0       0xb8 build/stm32g4xx_hal_rcc_ex.o
 .debug_ranges  0x00000458       0x48 build/stm32g4xx_hal_gpio.o
 .debug_ranges  0x000004a0      0x108 build/stm32g4xx_hal_cortex.o
 .debug_ranges  0x000005a8       0x18 build/system_stm32g4xx.o
 .debug_ranges  0x000005c0       0x10 build/sysmem.o
 .debug_ranges  0x000005d0       0x98 build/syscalls.o
 .debug_ranges  0x00000668      0x3d0 build/stm32g4xx_hal_tim.o
 .debug_ranges  0x00000a38      0x230 build/stm32g4xx_hal_adc.o
 .debug_ranges  0x00000c68      0x200 build/stm32g4xx_hal_adc_ex.o
 .debug_ranges  0x00000e68      0x238 build/stm32g4xx_hal_uart.o
 .debug_ranges  0x000010a0       0x20 build/startup_stm32g491xx.o

.debug_line     0x00000000    0x156a1
 .debug_line    0x00000000      0x6cc build/main.o
 .debug_line    0x000006cc      0x179 build/stm32g4xx_it.o
 .debug_line    0x00000845      0x1d8 build/stm32g4xx_hal_msp.o
 .debug_line    0x00000a1d      0xaaa build/stm32g4xx_hal_pwr_ex.o
 .debug_line    0x000014c7      0x70b build/stm32g4xx_hal.o
 .debug_line    0x00001bd2      0xe28 build/stm32g4xx_hal_rcc.o
 .debug_line    0x000029fa     0x1234 build/stm32g4xx_hal_rcc_ex.o
 .debug_line    0x00003c2e      0x6ce build/stm32g4xx_hal_gpio.o
 .debug_line    0x000042fc      0x7ca build/stm32g4xx_hal_cortex.o
 .debug_line    0x00004ac6      0x27f build/system_stm32g4xx.o
 .debug_line    0x00004d45      0x225 build/sysmem.o
 .debug_line    0x00004f6a      0x444 build/syscalls.o
 .debug_line    0x000053ae     0x5549 build/stm32g4xx_hal_tim.o
 .debug_line    0x0000a8f7     0x277a build/stm32g4xx_hal_adc.o
 .debug_line    0x0000d071     0x216b build/stm32g4xx_hal_adc_ex.o
 .debug_line    0x0000f1dc     0x644e build/stm32g4xx_hal_uart.o
 .debug_line    0x0001562a       0x77 build/startup_stm32g491xx.o

.debug_str      0x00000000     0x599c
 .debug_str     0x00000000     0x1348 build/main.o
                               0x14cb (size before relaxing)
 .debug_str     0x00001348       0xb4 build/stm32g4xx_it.o
                                0x246 (size before relaxing)
 .debug_str     0x000013fc       0x4a build/stm32g4xx_hal_msp.o
                                0x349 (size before relaxing)
 .debug_str     0x00001446      0x5a5 build/stm32g4xx_hal_pwr_ex.o
                                0x7fd (size before relaxing)
 .debug_str     0x000019eb      0x9a1 build/stm32g4xx_hal.o
                                0xd49 (size before relaxing)
 .debug_str     0x0000238c      0x297 build/stm32g4xx_hal_rcc.o
                                0x84a (size before relaxing)
 .debug_str     0x00002623      0x372 build/stm32g4xx_hal_rcc_ex.o
                                0xa6d (size before relaxing)
 .debug_str     0x00002995       0xc5 build/stm32g4xx_hal_gpio.o
                                0x55b (size before relaxing)
 .debug_str     0x00002a5a      0x479 build/stm32g4xx_hal_cortex.o
                                0xca9 (size before relaxing)
 .debug_str     0x00002ed3       0x3d build/system_stm32g4xx.o
                                0x3e2 (size before relaxing)
 .debug_str     0x00002f10       0x7a build/sysmem.o
                                0x23c (size before relaxing)
 .debug_str     0x00002f8a      0x20d build/syscalls.o
                                0x410 (size before relaxing)
 .debug_str     0x00003197      0xf57 build/stm32g4xx_hal_tim.o
                               0x188a (size before relaxing)
 .debug_str     0x000040ee      0x9c5 build/stm32g4xx_hal_adc.o
                               0x1304 (size before relaxing)
 .debug_str     0x00004ab3      0x61e build/stm32g4xx_hal_adc_ex.o
                               0x12db (size before relaxing)
 .debug_str     0x000050d1      0x8a7 build/stm32g4xx_hal_uart.o
                               0x1245 (size before relaxing)
 .debug_str     0x00005978       0x24 build/startup_stm32g491xx.o
                                 0x81 (size before relaxing)

.debug_frame    0x00000000     0x37c8
 .debug_frame   0x00000000       0x68 build/main.o
 .debug_frame   0x00000068       0xa8 build/stm32g4xx_it.o
 .debug_frame   0x00000110       0x2c build/stm32g4xx_hal_msp.o
 .debug_frame   0x0000013c      0x268 build/stm32g4xx_hal_pwr_ex.o
 .debug_frame   0x000003a4      0x2a4 build/stm32g4xx_hal.o
 .debug_frame   0x00000648      0x198 build/stm32g4xx_hal_rcc.o
 .debug_frame   0x000007e0      0x1a0 build/stm32g4xx_hal_rcc_ex.o
 .debug_frame   0x00000980       0xd0 build/stm32g4xx_hal_gpio.o
 .debug_frame   0x00000a50      0x168 build/stm32g4xx_hal_cortex.o
 .debug_frame   0x00000bb8       0x30 build/system_stm32g4xx.o
 .debug_frame   0x00000be8       0x28 build/sysmem.o
 .debug_frame   0x00000c10      0x190 build/syscalls.o
 .debug_frame   0x00000da0      0xb58 build/stm32g4xx_hal_tim.o
 .debug_frame   0x000018f8      0x2f8 build/stm32g4xx_hal_adc.o
 .debug_frame   0x00001bf0      0x2c8 build/stm32g4xx_hal_adc_ex.o
 .debug_frame   0x00001eb8      0x67c build/stm32g4xx_hal_uart.o
 .debug_frame   0x00002534       0x20 c:/programdata/chocolatey/lib/gcc-arm-embedded/tools/gcc-arm-none-eabi-10.3-2021.10/bin/../lib/gcc/arm-none-eabi/10.3.1/../../../../arm-none-eabi/lib/thumb/v7e-m+fp/hard\libc_nano.a(lib_a-errno.o)
 .debug_frame   0x00002554       0x2c c:/programdata/chocolatey/lib/gcc-arm-embedded/tools/gcc-arm-none-eabi-10.3-2021.10/bin/../lib/gcc/arm-none-eabi/10.3.1/../../../../arm-none-eabi/lib/thumb/v7e-m+fp/hard\libc_nano.a(lib_a-init.o)
 .debug_frame   0x00002580       0x20 c:/programdata/chocolatey/lib/gcc-arm-embedded/tools/gcc-arm-none-eabi-10.3-2021.10/bin/../lib/gcc/arm-none-eabi/10.3.1/../../../../arm-none-eabi/lib/thumb/v7e-m+fp/hard\libc_nano.a(lib_a-memset.o)
 .debug_frame   0x000025a0       0xa0 c:/programdata/chocolatey/lib/gcc-arm-embedded/tools/gcc-arm-none-eabi-10.3-2021.10/bin/../lib/gcc/arm-none-eabi/10.3.1/../../../../arm-none-eabi/lib/thumb/v7e-m+fp/hard\libc_nano.a(lib_a-nano-vfprintf_float.o)
 .debug_frame   0x00002640       0x60 c:/programdata/chocolatey/lib/gcc-arm-embedded/tools/gcc-arm-none-eabi-10.3-2021.10/bin/../lib/gcc/arm-none-eabi/10.3.1/../../../../arm-none-eabi/lib/thumb/v7e-m+fp/hard\libc_nano.a(lib_a-nano-vfprintf_i.o)
 .debug_frame   0x000026a0       0x7c c:/programdata/chocolatey/lib/gcc-arm-embedded/tools/gcc-arm-none-eabi-10.3-2021.10/bin/../lib/gcc/arm-none-eabi/10.3.1/../../../../arm-none-eabi/lib/thumb/v7e-m+fp/hard\libc_nano.a(lib_a-snprintf.o)
 .debug_frame   0x0000271c       0x88 c:/programdata/chocolatey/lib/gcc-arm-embedded/tools/gcc-arm-none-eabi-10.3-2021.10/bin/../lib/gcc/arm-none-eabi/10.3.1/../../../../arm-none-eabi/lib/thumb/v7e-m+fp/hard\libc_nano.a(lib_a-dtoa.o)
 .debug_frame   0x000027a4       0x40 c:/programdata/chocolatey/lib/gcc-arm-embedded/tools/gcc-arm-none-eabi-10.3-2021.10/bin/../lib/gcc/arm-none-eabi/10.3.1/../../../../arm-none-eabi/lib/thumb/v7e-m+fp/hard\libc_nano.a(lib_a-localeconv.o)
 .debug_frame   0x000027e4       0x30 c:/programdata/chocolatey/lib/gcc-arm-embedded/tools/gcc-arm-none-eabi-10.3-2021.10/bin/../lib/gcc/arm-none-eabi/10.3.1/../../../../arm-none-eabi/lib/thumb/v7e-m+fp/hard\libc_nano.a(lib_a-malloc.o)
 .debug_frame   0x00002814       0x28 c:/programdata/chocolatey/lib/gcc-arm-embedded/tools/gcc-arm-none-eabi-10.3-2021.10/bin/../lib/gcc/arm-none-eabi/10.3.1/../../../../arm-none-eabi/lib/thumb/v7e-m+fp/hard\libc_nano.a(lib_a-memcpy-stub.o)
 .debug_frame   0x0000283c      0x25c c:/programdata/chocolatey/lib/gcc-arm-embedded/tools/gcc-arm-none-eabi-10.3-2021.10/bin/../lib/gcc/arm-none-eabi/10.3.1/../../../../arm-none-eabi/lib/thumb/v7e-m+fp/hard\libc_nano.a(lib_a-mprec.o)
 .debug_frame   0x00002a98       0x30 c:/programdata/chocolatey/lib/gcc-arm-embedded/tools/gcc-arm-none-eabi-10.3-2021.10/bin/../lib/gcc/arm-none-eabi/10.3.1/../../../../arm-none-eabi/lib/thumb/v7e-m+fp/hard\libc_nano.a(lib_a-nano-callocr.o)
 .debug_frame   0x00002ac8       0x38 c:/programdata/chocolatey/lib/gcc-arm-embedded/tools/gcc-arm-none-eabi-10.3-2021.10/bin/../lib/gcc/arm-none-eabi/10.3.1/../../../../arm-none-eabi/lib/thumb/v7e-m+fp/hard\libc_nano.a(lib_a-nano-freer.o)
 .debug_frame   0x00002b00       0x4c c:/programdata/chocolatey/lib/gcc-arm-embedded/tools/gcc-arm-none-eabi-10.3-2021.10/bin/../lib/gcc/arm-none-eabi/10.3.1/../../../../arm-none-eabi/lib/thumb/v7e-m+fp/hard\libc_nano.a(lib_a-nano-mallocr.o)
 .debug_frame   0x00002b4c       0x90 c:/programdata/chocolatey/lib/gcc-arm-embedded/tools/gcc-arm-none-eabi-10.3-2021.10/bin/../lib/gcc/arm-none-eabi/10.3.1/../../../../arm-none-eabi/lib/thumb/v7e-m+fp/hard\libc_nano.a(lib_a-nano-svfprintf.o)
 .debug_frame   0x00002bdc       0x2c c:/programdata/chocolatey/lib/gcc-arm-embedded/tools/gcc-arm-none-eabi-10.3-2021.10/bin/../lib/gcc/arm-none-eabi/10.3.1/../../../../arm-none-eabi/lib/thumb/v7e-m+fp/hard\libc_nano.a(lib_a-sbrkr.o)
 .debug_frame   0x00002c08       0x40 c:/programdata/chocolatey/lib/gcc-arm-embedded/tools/gcc-arm-none-eabi-10.3-2021.10/bin/../lib/gcc/arm-none-eabi/10.3.1/../../../../arm-none-eabi/lib/thumb/v7e-m+fp/hard\libc_nano.a(lib_a-assert.o)
 .debug_frame   0x00002c48       0x64 c:/programdata/chocolatey/lib/gcc-arm-embedded/tools/gcc-arm-none-eabi-10.3-2021.10/bin/../lib/gcc/arm-none-eabi/10.3.1/../../../../arm-none-eabi/lib/thumb/v7e-m+fp/hard\libc_nano.a(lib_a-fprintf.o)
 .debug_frame   0x00002cac       0x48 c:/programdata/chocolatey/lib/gcc-arm-embedded/tools/gcc-arm-none-eabi-10.3-2021.10/bin/../lib/gcc/arm-none-eabi/10.3.1/../../../../arm-none-eabi/lib/thumb/v7e-m+fp/hard\libc_nano.a(lib_a-locale.o)
 .debug_frame   0x00002cf4       0x48 c:/programdata/chocolatey/lib/gcc-arm-embedded/tools/gcc-arm-none-eabi-10.3-2021.10/bin/../lib/gcc/arm-none-eabi/10.3.1/../../../../arm-none-eabi/lib/thumb/v7e-m+fp/hard\libc_nano.a(lib_a-mbtowc_r.o)
 .debug_frame   0x00002d3c       0x28 c:/programdata/chocolatey/lib/gcc-arm-embedded/tools/gcc-arm-none-eabi-10.3-2021.10/bin/../lib/gcc/arm-none-eabi/10.3.1/../../../../arm-none-eabi/lib/thumb/v7e-m+fp/hard\libc_nano.a(lib_a-memmove.o)
 .debug_frame   0x00002d64       0x30 c:/programdata/chocolatey/lib/gcc-arm-embedded/tools/gcc-arm-none-eabi-10.3-2021.10/bin/../lib/gcc/arm-none-eabi/10.3.1/../../../../arm-none-eabi/lib/thumb/v7e-m+fp/hard\libc_nano.a(lib_a-mlock.o)