Archive member included to satisfy reference by file (symbol)

c:/programdata/chocolatey/lib/gcc-arm-embedded/tools/gcc-arm-none-eabi-10.3-2021.10/bin/../lib/gcc/arm-none-eabi/10.3.1/../../../../arm-none-eabi/lib/thumb/v7e-m+fp/hard\libc_nano.a(lib_a-errno.o)
                              build/sysmem.o (__errno)
c:/programdata/chocolatey/lib/gcc-arm-embedded/tools/gcc-arm-none-eabi-10.3-2021.10/bin/../lib/gcc/arm-none-eabi/10.3.1/../../../../arm-none-eabi/lib/thumb/v7e-m+fp/hard\libc_nano.a(lib_a-exit.o)
                              c:/programdata/chocolatey/lib/gcc-arm-embedded/tools/gcc-arm-none-eabi-10.3-2021.10/bin/../lib/gcc/arm-none-eabi/10.3.1/../../../../arm-none-eabi/lib/thumb/v7e-m+fp/hard/crt0.o (exit)
c:/programdata/chocolatey/lib/gcc-arm-embedded/tools/gcc-arm-none-eabi-10.3-2021.10/bin/../lib/gcc/arm-none-eabi/10.3.1/../../../../arm-none-eabi/lib/thumb/v7e-m+fp/hard\libc_nano.a(lib_a-impure.o)
                              c:/programdata/chocolatey/lib/gcc-arm-embedded/tools/gcc-arm-none-eabi-10.3-2021.10/bin/../lib/gcc/arm-none-eabi/10.3.1/../../../../arm-none-eabi/lib/thumb/v7e-m+fp/hard\libc_nano.a(lib_a-exit.o) (_global_impure_ptr)
c:/programdata/chocolatey/lib/gcc-arm-embedded/tools/gcc-arm-none-eabi-10.3-2021.10/bin/../lib/gcc/arm-none-eabi/10.3.1/../../../../arm-none-eabi/lib/thumb/v7e-m+fp/hard\libc_nano.a(lib_a-init.o)
                              c:/programdata/chocolatey/lib/gcc-arm-embedded/tools/gcc-arm-none-eabi-10.3-2021.10/bin/../lib/gcc/arm-none-eabi/10.3.1/../../../../arm-none-eabi/lib/thumb/v7e-m+fp/hard/crt0.o (__libc_init_array)
c:/programdata/chocolatey/lib/gcc-arm-embedded/tools/gcc-arm-none-eabi-10.3-2021.10/bin/../lib/gcc/arm-none-eabi/10.3.1/../../../../arm-none-eabi/lib/thumb/v7e-m+fp/hard\libc_nano.a(lib_a-memset.o)
                              c:/programdata/chocolatey/lib/gcc-arm-embedded/tools/gcc-arm-none-eabi-10.3-2021.10/bin/../lib/gcc/arm-none-eabi/10.3.1/../../../../arm-none-eabi/lib/thumb/v7e-m+fp/hard/crt0.o (memset)

Discarded input sections

 .text          0x00000000        0x0 c:/programdata/chocolatey/lib/gcc-arm-embedded/tools/gcc-arm-none-eabi-10.3-2021.10/bin/../lib/gcc/arm-none-eabi/10.3.1/thumb/v7e-m+fp/hard/crti.o
 .data          0x00000000        0x0 c:/programdata/chocolatey/lib/gcc-arm-embedded/tools/gcc-arm-none-eabi-10.3-2021.10/bin/../lib/gcc/arm-none-eabi/10.3.1/thumb/v7e-m+fp/hard/crti.o
 .bss           0x00000000        0x0 c:/programdata/chocolatey/lib/gcc-arm-embedded/tools/gcc-arm-none-eabi-10.3-2021.10/bin/../lib/gcc/arm-none-eabi/10.3.1/thumb/v7e-m+fp/hard/crti.o
 .text          0x00000000       0x40 c:/programdata/chocolatey/lib/gcc-arm-embedded/tools/gcc-arm-none-eabi-10.3-2021.10/bin/../lib/gcc/arm-none-eabi/10.3.1/thumb/v7e-m+fp/hard/crtbegin.o
 .data          0x00000000        0x4 c:/programdata/chocolatey/lib/gcc-arm-embedded/tools/gcc-arm-none-eabi-10.3-2021.10/bin/../lib/gcc/arm-none-eabi/10.3.1/thumb/v7e-m+fp/hard/crtbegin.o
 .bss           0x00000000       0x1c c:/programdata/chocolatey/lib/gcc-arm-embedded/tools/gcc-arm-none-eabi-10.3-2021.10/bin/../lib/gcc/arm-none-eabi/10.3.1/thumb/v7e-m+fp/hard/crtbegin.o
 .rodata        0x00000000       0x24 c:/programdata/chocolatey/lib/gcc-arm-embedded/tools/gcc-arm-none-eabi-10.3-2021.10/bin/../lib/gcc/arm-none-eabi/10.3.1/thumb/v7e-m+fp/hard/crtbegin.o
 .init_array    0x00000000        0x4 c:/programdata/chocolatey/lib/gcc-arm-embedded/tools/gcc-arm-none-eabi-10.3-2021.10/bin/../lib/gcc/arm-none-eabi/10.3.1/thumb/v7e-m+fp/hard/crtbegin.o
 .fini_array    0x00000000        0x4 c:/programdata/chocolatey/lib/gcc-arm-embedded/tools/gcc-arm-none-eabi-10.3-2021.10/bin/../lib/gcc/arm-none-eabi/10.3.1/thumb/v7e-m+fp/hard/crtbegin.o
 .eh_frame      0x00000000        0x0 c:/programdata/chocolatey/lib/gcc-arm-embedded/tools/gcc-arm-none-eabi-10.3-2021.10/bin/../lib/gcc/arm-none-eabi/10.3.1/thumb/v7e-m+fp/hard/crtbegin.o
 .ARM.attributes
                0x00000000       0x34 c:/programdata/chocolatey/lib/gcc-arm-embedded/tools/gcc-arm-none-eabi-10.3-2021.10/bin/../lib/gcc/arm-none-eabi/10.3.1/thumb/v7e-m+fp/hard/crtbegin.o
 .text          0x00000000       0x7c c:/programdata/chocolatey/lib/gcc-arm-embedded/tools/gcc-arm-none-eabi-10.3-2021.10/bin/../lib/gcc/arm-none-eabi/10.3.1/../../../../arm-none-eabi/lib/thumb/v7e-m+fp/hard/crt0.o
 .data          0x00000000        0x0 c:/programdata/chocolatey/lib/gcc-arm-embedded/tools/gcc-arm-none-eabi-10.3-2021.10/bin/../lib/gcc/arm-none-eabi/10.3.1/../../../../arm-none-eabi/lib/thumb/v7e-m+fp/hard/crt0.o
 .bss           0x00000000        0x0 c:/programdata/chocolatey/lib/gcc-arm-embedded/tools/gcc-arm-none-eabi-10.3-2021.10/bin/../lib/gcc/arm-none-eabi/10.3.1/../../../../arm-none-eabi/lib/thumb/v7e-m+fp/hard/crt0.o
 .ARM.extab     0x00000000        0x0 c:/programdata/chocolatey/lib/gcc-arm-embedded/tools/gcc-arm-none-eabi-10.3-2021.10/bin/../lib/gcc/arm-none-eabi/10.3.1/../../../../arm-none-eabi/lib/thumb/v7e-m+fp/hard/crt0.o
[...]
Memory Configuration

Name             Origin             Length             Attributes
RAM              0x20000000         0x0001c000         xrw
FLASH            0x08000000         0x00080000         xr
*default*        0x00000000         0xffffffff

Linker script and memory map

LOAD c:/programdata/chocolatey/lib/gcc-arm-embedded/tools/gcc-arm-none-eabi-10.3-2021.10/bin/../lib/gcc/arm-none-eabi/10.3.1/thumb/v7e-m+fp/hard/crti.o
LOAD c:/programdata/chocolatey/lib/gcc-arm-embedded/tools/gcc-arm-none-eabi-10.3-2021.10/bin/../lib/gcc/arm-none-eabi/10.3.1/thumb/v7e-m+fp/hard/crtbegin.o
LOAD c:/programdata/chocolatey/lib/gcc-arm-embedded/tools/gcc-arm-none-eabi-10.3-2021.10/bin/../lib/gcc/arm-none-eabi/10.3.1/../../../../arm-none-eabi/lib/thumb/v7e-m+fp/hard/crt0.o
LOAD build/main.o
LOAD build/stm32g4xx_it.o
LOAD build/stm32g4xx_hal_msp.o
LOAD build/stm32g4xx_hal_pwr_ex.o
LOAD build/stm32g4xx_hal.o
LOAD build/stm32g4xx_hal_rcc.o
LOAD build/stm32g4xx_hal_rcc_ex.o
LOAD build/stm32g4xx_hal_flash.o
LOAD build/stm32g4xx_hal_flash_ex.o
LOAD build/stm32g4xx_hal_flash_ramfunc.o
LOAD build/stm32g4xx_hal_gpio.o
LOAD build/stm32g4xx_hal_exti.o
LOAD build/stm32g4xx_hal_dma.o
LOAD build/stm32g4xx_hal_dma_ex.o
LOAD build/stm32g4xx_hal_pwr.o
LOAD build/stm32g4xx_hal_cortex.o
LOAD build/system_stm32g4xx.o
LOAD build/sysmem.o
LOAD build/syscalls.o
LOAD build/stm32g4xx_hal_tim.o
LOAD build/stm32g4xx_hal_tim_ex.o
LOAD build/startup_stm32g491xx.o
LOAD c:/programdata/chocolatey/lib/gcc-arm-embedded/tools/gcc-arm-none-eabi-10.3-2021.10/bin/../lib/gcc/arm-none-eabi/10.3.1/../../../../arm-none-eabi/lib/thumb/v7e-m+fp/hard\libc_nano.a
LOAD c:/programdata/chocolatey/lib/gcc-arm-embedded/tools/gcc-arm-none-eabi-10.3-2021.10/bin/../lib/gcc/arm-none-eabi/10.3.1/../../../../arm-none-eabi/lib/thumb/v7e-m+fp/hard\libm.a
LOAD c:/programdata/chocolatey/lib/gcc-arm-embedded/tools/gcc-arm-none-eabi-10.3-2021.10/bin/../lib/gcc/arm-none-eabi/10.3.1/../../../../arm-none-eabi/lib/thumb/v7e-m+fp/hard\libnosys.a
START GROUP
LOAD c:/programdata/chocolatey/lib/gcc-arm-embedded/tools/gcc-arm-none-eabi-10.3-2021.10/bin/../lib/gcc/arm-none-eabi/10.3.1/thumb/v7e-m+fp/hard\libgcc.a
LOAD c:/programdata/chocolatey/lib/gcc-arm-embedded/tools/gcc-arm-none-eabi-10.3-2021.10/bin/../lib/gcc/arm-none-eabi/10.3.1/../../../../arm-none-eabi/lib/thumb/v7e-m+fp/hard\libc_nano.a
END GROUP
START GROUP
LOAD c:/programdata/chocolatey/lib/gcc-arm-embedded/tools/gcc-arm-none-eabi-10.3-2021.10/bin/../lib/gcc/arm-none-eabi/10.3.1/thumb/v7e-m+fp/hard\libgcc.a
LOAD c:/programdata/chocolatey/lib/gcc-arm-embedded/tools/gcc-arm-none-eabi-10.3-2021.10/bin/../lib/gcc/arm-none-eabi/10.3.1/../../../../arm-none-eabi/lib/thumb/v7e-m+fp/hard\libc_nano.a
END GROUP
LOAD c:/programdata/chocolatey/lib/gcc-arm-embedded/tools/gcc-arm-none-eabi-10.3-2021.10/bin/../lib/gcc/arm-none-eabi/10.3.1/thumb/v7e-m+fp/hard/crtend.o
LOAD c:/programdata/chocolatey/lib/gcc-arm-embedded/tools/gcc-arm-none-eabi-10.3-2021.10/bin/../lib/gcc/arm-none-eabi/10.3.1/thumb/v7e-m+fp/hard/crtn.o
                0x2001c000                _estack = (ORIGIN (RAM) + LENGTH (RAM))
                0x2001bc00                _sstack = (_estack - _Min_Stack_Size)
                0x00000200                _Min_Heap_Size = 0x200
                0x00000400                _Min_Stack_Size = 0x400

.isr_vector     0x08000000      0x1d8
                0x08000000                . = ALIGN (0x4)
 *(.isr_vector)
 .isr_vector    0x08000000      0x1d8 build/startup_stm32g491xx.o
                0x08000000                g_pfnVectors
                0x080001d8                . = ALIGN (0x4)

.text           0x080001d8      0xbc0
                0x080001d8                . = ALIGN (0x4)
 *(.text)
 *(.text*)
 .text.Error_Handler
                0x080001d8        0x4 build/main.o
                0x080001d8                Error_Handler
 .text.SystemClock_Config
                0x080001dc       0x5e build/main.o
                0x080001dc                SystemClock_Config
 .text.main     0x0800023a        0xc build/main.o
                0x0800023a                main
 .text.NMI_Handler
                0x08000246        0x2 build/stm32g4xx_it.o
                0x08000246                NMI_Handler
 .text.HardFault_Handler
                0x08000248        0x2 build/stm32g4xx_it.o
                0x08000248                HardFault_Handler
 .text.MemManage_Handler
                0x0800024a        0x2 build/stm32g4xx_it.o
                0x0800024a                MemManage_Handler
 .text.BusFault_Handler
                0x0800024c        0x2 build/stm32g4xx_it.o
                0x0800024c                BusFault_Handler
 .text.UsageFault_Handler
                0x0800024e        0x2 build/stm32g4xx_it.o
                0x0800024e                UsageFault_Handler
 .text.SVC_Handler
                0x08000250        0x2 build/stm32g4xx_it.o
                0x08000250                SVC_Handler
 .text.DebugMon_Handler
                0x08000252        0x2 build/stm32g4xx_it.o
                0x08000252                DebugMon_Handler
 .text.PendSV_Handler
                0x08000254        0x2 build/stm32g4xx_it.o
                0x08000254                PendSV_Handler
 .text.SysTick_Handler
                0x08000256        0x8 build/stm32g4xx_it.o
                0x08000256                SysTick_Handler
 *fill*         0x0800025e        0x2 
 .text.HAL_MspInit
                0x08000260       0x38 build/stm32g4xx_hal_msp.o
                0x08000260                HAL_MspInit
 .text.HAL_PWREx_ControlVoltageScaling
                0x08000298      0x10c build/stm32g4xx_hal_pwr_ex.o
                0x08000298                HAL_PWREx_ControlVoltageScaling
 .text.HAL_PWREx_DisableUCPDDeadBattery
                0x080003a4       0x10 build/stm32g4xx_hal_pwr_ex.o
                0x080003a4                HAL_PWREx_DisableUCPDDeadBattery
 .text.HAL_InitTick
                0x080003b4       0x50 build/stm32g4xx_hal.o
                0x080003b4                HAL_InitTick
 .text.HAL_Init
                0x08000404       0x1e build/stm32g4xx_hal.o
                0x08000404                HAL_Init
 *fill*         0x08000422        0x2 
 .text.HAL_IncTick
                0x08000424       0x18 build/stm32g4xx_hal.o
                0x08000424                HAL_IncTick
 .text.HAL_GetTick
                0x0800043c        0xc build/stm32g4xx_hal.o
                0x0800043c                HAL_GetTick
 .text.RCC_GetSysClockFreqFromPLLSource
                0x08000448       0x58 build/stm32g4xx_hal_rcc.o
 .text.HAL_RCC_OscConfig
                0x080004a0      0x4e4 build/stm32g4xx_hal_rcc.o
                0x080004a0                HAL_RCC_OscConfig
 .text.HAL_RCC_GetSysClockFreq
                0x08000984       0x88 build/stm32g4xx_hal_rcc.o
                0x08000984                HAL_RCC_GetSysClockFreq
 .text.HAL_RCC_ClockConfig
                0x08000a0c      0x1f8 build/stm32g4xx_hal_rcc.o
                0x08000a0c                HAL_RCC_ClockConfig
 .text.HAL_NVIC_SetPriorityGrouping
                0x08000c04       0x24 build/stm32g4xx_hal_cortex.o
                0x08000c04                HAL_NVIC_SetPriorityGrouping
 .text.HAL_NVIC_SetPriority
                0x08000c28       0x70 build/stm32g4xx_hal_cortex.o
                0x08000c28                HAL_NVIC_SetPriority
 .text.HAL_SYSTICK_Config
                0x08000c98       0x28 build/stm32g4xx_hal_cortex.o
                0x08000c98                HAL_SYSTICK_Config
 .text.SystemInit
                0x08000cc0       0x14 build/system_stm32g4xx.o
                0x08000cc0                SystemInit
 .text.Reset_Handler
                0x08000cd4       0x50 build/startup_stm32g491xx.o
                0x08000cd4                Reset_Handler
 .text.Default_Handler
                0x08000d24        0x2 build/startup_stm32g491xx.o
                0x08000d24                RTC_Alarm_IRQHandler
                0x08000d24                EXTI2_IRQHandler
                0x08000d24                TIM8_TRG_COM_IRQHandler
                0x08000d24                TIM8_CC_IRQHandler
                0x08000d24                TIM1_CC_IRQHandler
                0x08000d24                USB_HP_IRQHandler
                0x08000d24                CORDIC_IRQHandler
                0x08000d24                DMA2_Channel8_IRQHandler
                0x08000d24                EXTI3_IRQHandler
                0x08000d24                I2C3_ER_IRQHandler
                0x08000d24                EXTI0_IRQHandler
                0x08000d24                I2C2_EV_IRQHandler
                0x08000d24                FPU_IRQHandler
                0x08000d24                FDCAN1_IT1_IRQHandler
                0x08000d24                TIM1_UP_TIM16_IRQHandler
                0x08000d24                ADC1_2_IRQHandler
                0x08000d24                SPI1_IRQHandler
                0x08000d24                TIM6_DAC_IRQHandler
                0x08000d24                TIM8_UP_IRQHandler
                0x08000d24                DMA2_Channel2_IRQHandler
                0x08000d24                DMA1_Channel4_IRQHandler
                0x08000d24                TIM20_TRG_COM_IRQHandler
                0x08000d24                USART3_IRQHandler
                0x08000d24                DMA1_Channel7_IRQHandler
                0x08000d24                UART5_IRQHandler
                0x08000d24                ADC3_IRQHandler
                0x08000d24                TIM4_IRQHandler
                0x08000d24                DMA2_Channel1_IRQHandler
                0x08000d24                QUADSPI_IRQHandler
                0x08000d24                I2C1_EV_IRQHandler
                0x08000d24                DMA1_Channel6_IRQHandler
                0x08000d24                UART4_IRQHandler
                0x08000d24                DMA2_Channel4_IRQHandler
                0x08000d24                TIM3_IRQHandler
                0x08000d24                RCC_IRQHandler
                0x08000d24                TIM20_UP_IRQHandler
                0x08000d24                DMA1_Channel1_IRQHandler
                0x08000d24                Default_Handler
                0x08000d24                DMA2_Channel7_IRQHandler
                0x08000d24                RTC_TAMP_LSECSS_IRQHandler
                0x08000d24                FMAC_IRQHandler
                0x08000d24                EXTI15_10_IRQHandler
                0x08000d24                DMA1_Channel8_IRQHandler
                0x08000d24                TIM7_IRQHandler
                0x08000d24                UCPD1_IRQHandler
                0x08000d24                I2C3_EV_IRQHandler
                0x08000d24                EXTI9_5_IRQHandler
                0x08000d24                RTC_WKUP_IRQHandler
                0x08000d24                PVD_PVM_IRQHandler
                0x08000d24                SPI2_IRQHandler
                0x08000d24                DMA2_Channel5_IRQHandler
                0x08000d24                CRS_IRQHandler
                0x08000d24                DMA1_Channel5_IRQHandler
                0x08000d24                USB_LP_IRQHandler
                0x08000d24                EXTI4_IRQHandler
                0x08000d24                RNG_IRQHandler
                0x08000d24                TIM1_TRG_COM_TIM17_IRQHandler
                0x08000d24                FDCAN2_IT1_IRQHandler
                0x08000d24                DMA1_Channel3_IRQHandler
                0x08000d24                WWDG_IRQHandler
                0x08000d24                FDCAN2_IT0_IRQHandler
                0x08000d24                LPUART1_IRQHandler
                0x08000d24                DMA2_Channel6_IRQHandler
                0x08000d24                FDCAN1_IT0_IRQHandler
                0x08000d24                TIM2_IRQHandler
                0x08000d24                COMP1_2_3_IRQHandler
                0x08000d24                EXTI1_IRQHandler
                0x08000d24                USART2_IRQHandler
                0x08000d24                TIM20_BRK_IRQHandler
                0x08000d24                I2C2_ER_IRQHandler
                0x08000d24                DMA1_Channel2_IRQHandler
                0x08000d24                TIM8_BRK_IRQHandler
                0x08000d24                FLASH_IRQHandler
                0x08000d24                TIM20_CC_IRQHandler
                0x08000d24                USART1_IRQHandler
                0x08000d24                SPI3_IRQHandler
                0x08000d24                I2C1_ER_IRQHandler
                0x08000d24                LPTIM1_IRQHandler
                0x08000d24                DMAMUX_OVR_IRQHandler
                0x08000d24                USBWakeUp_IRQHandler
                0x08000d24                SAI1_IRQHandler
                0x08000d24                DMA2_Channel3_IRQHandler
                0x08000d24                COMP4_IRQHandler
                0x08000d24                TIM1_BRK_TIM15_IRQHandler
 *fill*         0x08000d26        0x2 
 .text.__libc_init_array
                0x08000d28       0x48 c:/programdata/chocolatey/lib/gcc-arm-embedded/tools/gcc-arm-none-eabi-10.3-2021.10/bin/../lib/gcc/arm-none-eabi/10.3.1/../../../../arm-none-eabi/lib/thumb/v7e-m+fp/hard\libc_nano.a(lib_a-init.o)
                0x08000d28                __libc_init_array
 .text.memset   0x08000d70       0x10 c:/programdata/chocolatey/lib/gcc-arm-embedded/tools/gcc-arm-none-eabi-10.3-2021.10/bin/../lib/gcc/arm-none-eabi/10.3.1/../../../../arm-none-eabi/lib/thumb/v7e-m+fp/hard\libc_nano.a(lib_a-memset.o)
                0x08000d70                memset
 *(.glue_7)
 .glue_7        0x08000d80        0x0 linker stubs
 *(.glue_7t)
 .glue_7t       0x08000d80        0x0 linker stubs
 *(.eh_frame)
 *(.init)
 .init          0x08000d80        0x4 c:/programdata/chocolatey/lib/gcc-arm-embedded/tools/gcc-arm-none-eabi-10.3-2021.10/bin/../lib/gcc/arm-none-eabi/10.3.1/thumb/v7e-m+fp/hard/crti.o
                0x08000d80                _init
 .init          0x08000d84        0x8 c:/programdata/chocolatey/lib/gcc-arm-embedded/tools/gcc-arm-none-eabi-10.3-2021.10/bin/../lib/gcc/arm-none-eabi/10.3.1/thumb/v7e-m+fp/hard/crtn.o
 *(.fini)
 .fini          0x08000d8c        0x4 c:/programdata/chocolatey/lib/gcc-arm-embedded/tools/gcc-arm-none-eabi-10.3-2021.10/bin/../lib/gcc/arm-none-eabi/10.3.1/thumb/v7e-m+fp/hard/crti.o
                0x08000d8c                _fini
 .fini          0x08000d90        0x8 c:/programdata/chocolatey/lib/gcc-arm-embedded/tools/gcc-arm-none-eabi-10.3-2021.10/bin/../lib/gcc/arm-none-eabi/10.3.1/thumb/v7e-m+fp/hard/crtn.o
                0x08000d98                . = ALIGN (0x4)
                0x08000d98                _etext = .

.vfp11_veneer   0x08000d98        0x0
 .vfp11_veneer  0x08000d98        0x0 linker stubs

.v4_bx          0x08000d98        0x0
 .v4_bx         0x08000d98        0x0 linker stubs

.iplt           0x08000d98        0x0
 .iplt          0x08000d98        0x0 build/main.o

.rodata         0x08000d98       0x10
                0x08000d98                . = ALIGN (0x4)
 *(.rodata)
 *(.rodata*)
 .rodata.AHBPrescTable
                0x08000d98       0x10 build/system_stm32g4xx.o
                0x08000d98                AHBPrescTable
                0x08000da8                . = ALIGN (0x4)

.rel.dyn        0x08000da8        0x0
 .rel.iplt      0x08000da8        0x0 build/main.o

.ARM.extab      0x08000da8        0x0
                0x08000da8                . = ALIGN (0x4)
 *(.ARM.extab* .gnu.linkonce.armextab.*)
                0x08000da8                . = ALIGN (0x4)

.ARM            0x08000da8        0x0
                0x08000da8                . = ALIGN (0x4)
                0x08000da8                __exidx_start = .
 *(.ARM.exidx*)
                0x08000da8                __exidx_end = .
                0x08000da8                . = ALIGN (0x4)

.preinit_array  0x08000da8        0x0
                0x08000da8                . = ALIGN (0x4)
                0x08000da8                PROVIDE (__preinit_array_start = .)
 *(.preinit_array*)
                0x08000da8                PROVIDE (__preinit_array_end = .)
                0x08000da8                . = ALIGN (0x4)
                0x08000da8                _sidata = LOADADDR (.data)

.data           0x20000000        0xc load address 0x08000da8
                0x20000000                . = ALIGN (0x4)
                0x20000000                _sdata = .
 *(.data)
 *(.data*)
 .data.uwTickFreq
                0x20000000        0x4 build/stm32g4xx_hal.o
                0x20000000                uwTickFreq
 .data.uwTickPrio
                0x20000004        0x4 build/stm32g4xx_hal.o
                0x20000004                uwTickPrio
 .data.SystemCoreClock
                0x20000008        0x4 build/system_stm32g4xx.o
                0x20000008                SystemCoreClock
 *(.RamFunc)
 *(.RamFunc*)
                0x2000000c                . = ALIGN (0x4)
                0x2000000c                _edata = .

.igot.plt       0x2000000c        0x0 load address 0x08000db4
 .igot.plt      0x2000000c        0x0 build/main.o
                0x2000000c                . = ALIGN (0x4)

.bss            0x2000000c        0x4 load address 0x08000db4
                0x2000000c                _sbss = .
                0x2000000c                __bss_start__ = _sbss
 *(.bss)
 *(.bss*)
 .bss.uwTick    0x2000000c        0x4 build/stm32g4xx_hal.o
                0x2000000c                uwTick
 *(COMMON)
                0x20000010                . = ALIGN (0x4)
                0x20000010                _ebss = .
                0x20000010                __bss_end__ = _ebss

._user_heap_stack
                0x20000010      0x600 load address 0x08000db4
                0x20000010                . = ALIGN (0x8)
                [!provide]                PROVIDE (end = .)
                0x20000010                PROVIDE (_end = .)
                0x20000210                . = (. + _Min_Heap_Size)
 *fill*         0x20000010      0x200 
                0x20000610                . = (. + _Min_Stack_Size)
 *fill*         0x20000210      0x400 
                0x20000610                . = ALIGN (0x8)

/DISCARD/
 libc.a(*)
 libm.a(*)
 libgcc.a(*)
OUTPUT(build/blink.elf elf32-littlearm)
LOAD linker stubs
LOAD c:/programdata/chocolatey/lib/gcc-arm-embedded/tools/gcc-arm-none-eabi-10.3-2021.10/bin/../lib/gcc/arm-none-eabi/10.3.1/../../../../arm-none-eabi/lib/thumb/v7e-m+fp/hard\libc.a
LOAD c:/programdata/chocolatey/lib/gcc-arm-embedded/tools/gcc-arm-none-eabi-10.3-2021.10/bin/../lib/gcc/arm-none-eabi/10.3.1/../../../../arm-none-eabi/lib/thumb/v7e-m+fp/hard\libm.a
LOAD c:/programdata/chocolatey/lib/gcc-arm-embedded/tools/gcc-arm-none-eabi-10.3-2021.10/bin/../lib/gcc/arm-none-eabi/10.3.1/thumb/v7e-m+fp/hard\libgcc.a

.ARM.attributes
                0x00000000       0x30
 .ARM.attributes
                0x00000000       0x1e c:/programdata/chocolatey/lib/gcc-arm-embedded/tools/gcc-arm-none-eabi-10.3-2021.10/bin/../lib/gcc/arm-none-eabi/10.3.1/thumb/v7e-m+fp/hard/crti.o
 .ARM.attributes
                0x0000001e       0x34 build/main.o
 .ARM.attributes
                0x00000052       0x34 build/stm32g4xx_it.o
 .ARM.attributes
                0x00000086       0x34 build/stm32g4xx_hal_msp.o
 .ARM.attributes
                0x000000ba       0x34 build/stm32g4xx_hal_pwr_ex.o
 .ARM.attributes
                0x000000ee       0x34 build/stm32g4xx_hal.o
 .ARM.attributes
                0x00000122       0x34 build/stm32g4xx_hal_rcc.o
 .ARM.attributes
                0x00000156       0x34 build/stm32g4xx_hal_cortex.o
 .ARM.attributes
                0x0000018a       0x34 build/system_stm32g4xx.o
 .ARM.attributes
                0x000001be       0x21 build/startup_stm32g491xx.o
 .ARM.attributes
                0x000001df       0x34 c:/programdata/chocolatey/lib/gcc-arm-embedded/tools/gcc-arm-none-eabi-10.3-2021.10/bin/../lib/gcc/arm-none-eabi/10.3.1/../../../../arm-none-eabi/lib/thumb/v7e-m+fp/hard\libc_nano.a(lib_a-init.o)
 .ARM.attributes
                0x00000213       0x34 c:/programdata/chocolatey/lib/gcc-arm-embedded/tools/gcc-arm-none-eabi-10.3-2021.10/bin/../lib/gcc/arm-none-eabi/10.3.1/../../../../arm-none-eabi/lib/thumb/v7e-m+fp/hard\libc_nano.a(lib_a-memset.o)
 .ARM.attributes
                0x00000247       0x1e c:/programdata/chocolatey/lib/gcc-arm-embedded/tools/gcc-arm-none-eabi-10.3-2021.10/bin/../lib/gcc/arm-none-eabi/10.3.1/thumb/v7e-m+fp/hard/crtn.o

.comment        0x00000000       0x49
 .comment       0x00000000       0x49 build/main.o
                                 0x4a (size before relaxing)
 .comment       0x00000049       0x4a build/stm32g4xx_it.o
 .comment       0x00000049       0x4a build/stm32g4xx_hal_msp.o
 .comment       0x00000049       0x4a build/stm32g4xx_hal_pwr_ex.o
 .comment       0x00000049       0x4a build/stm32g4xx_hal.o
 .comment       0x00000049       0x4a build/stm32g4xx_hal_rcc.o
 .comment       0x00000049       0x4a build/stm32g4xx_hal_cortex.o
 .comment       0x00000049       0x4a build/system_stm32g4xx.o

.debug_info     0x00000000     0x48f9
 .debug_info    0x00000000      0x389 build/main.o
 .debug_info    0x00000389      0x15b build/stm32g4xx_it.o
 .debug_info    0x000004e4      0x3a1 build/stm32g4xx_hal_msp.o
 .debug_info    0x00000885      0xb25 build/stm32g4xx_hal_pwr_ex.o
 .debug_info    0x000013aa      0xd32 build/stm32g4xx_hal.o
 .debug_info    0x000020dc      0xff1 build/stm32g4xx_hal_rcc.o
 .debug_info    0x000030cd     0x11c1 build/stm32g4xx_hal_cortex.o
 .debug_info    0x0000428e      0x649 build/system_stm32g4xx.o
 .debug_info    0x000048d7       0x22 build/startup_stm32g491xx.o

.debug_abbrev   0x00000000      0xecd
 .debug_abbrev  0x00000000      0x160 build/main.o
 .debug_abbrev  0x00000160       0x81 build/stm32g4xx_it.o
 .debug_abbrev  0x000001e1       0xd9 build/stm32g4xx_hal_msp.o
 .debug_abbrev  0x000002ba      0x264 build/stm32g4xx_hal_pwr_ex.o
 .debug_abbrev  0x0000051e      0x25d build/stm32g4xx_hal.o
 .debug_abbrev  0x0000077b      0x2ac build/stm32g4xx_hal_rcc.o
 .debug_abbrev  0x00000a27      0x379 build/stm32g4xx_hal_cortex.o
 .debug_abbrev  0x00000da0      0x11b build/system_stm32g4xx.o
 .debug_abbrev  0x00000ebb       0x12 build/startup_stm32g491xx.o

.debug_loc      0x00000000     0x1f5f
 .debug_loc     0x00000000       0x66 build/main.o
 .debug_loc     0x00000066       0x20 build/stm32g4xx_it.o
 .debug_loc     0x00000086       0x38 build/stm32g4xx_hal_msp.o
 .debug_loc     0x000000be      0xa26 build/stm32g4xx_hal_pwr_ex.o
 .debug_loc     0x00000ae4      0x2af build/stm32g4xx_hal.o
 .debug_loc     0x00000d93      0x999 build/stm32g4xx_hal_rcc.o
 .debug_loc     0x0000172c      0x796 build/stm32g4xx_hal_cortex.o
 .debug_loc     0x00001ec2       0x9d build/system_stm32g4xx.o

.debug_aranges  0x00000000      0x4d8
 .debug_aranges
                0x00000000       0x30 build/main.o
 .debug_aranges
                0x00000030       0x60 build/stm32g4xx_it.o
 .debug_aranges
                0x00000090       0x20 build/stm32g4xx_hal_msp.o
 .debug_aranges
                0x000000b0      0x140 build/stm32g4xx_hal_pwr_ex.o
 .debug_aranges
                0x000001f0      0x148 build/stm32g4xx_hal.o
 .debug_aranges
                0x00000338       0x98 build/stm32g4xx_hal_rcc.o
 .debug_aranges
                0x000003d0       0xb8 build/stm32g4xx_hal_cortex.o
 .debug_aranges
                0x00000488       0x28 build/system_stm32g4xx.o
 .debug_aranges
                0x000004b0       0x28 build/startup_stm32g491xx.o

.debug_ranges   0x00000000      0x4c8
 .debug_ranges  0x00000000       0x20 build/main.o
 .debug_ranges  0x00000020       0x50 build/stm32g4xx_it.o
 .debug_ranges  0x00000070       0x10 build/stm32g4xx_hal_msp.o
 .debug_ranges  0x00000080      0x130 build/stm32g4xx_hal_pwr_ex.o
 .debug_ranges  0x000001b0      0x138 build/stm32g4xx_hal.o
 .debug_ranges  0x000002e8       0xa0 build/stm32g4xx_hal_rcc.o
 .debug_ranges  0x00000388      0x108 build/stm32g4xx_hal_cortex.o
 .debug_ranges  0x00000490       0x18 build/system_stm32g4xx.o
 .debug_ranges  0x000004a8       0x20 build/startup_stm32g491xx.o

.debug_line     0x00000000     0x30b9
 .debug_line    0x00000000      0x2cb build/main.o
 .debug_line    0x000002cb      0x179 build/stm32g4xx_it.o
 .debug_line    0x00000444      0x1d8 build/stm32g4xx_hal_msp.o
 .debug_line    0x0000061c      0xaaa build/stm32g4xx_hal_pwr_ex.o
 .debug_line    0x000010c6      0x70b build/stm32g4xx_hal.o
 .debug_line    0x000017d1      0xe28 build/stm32g4xx_hal_rcc.o
 .debug_line    0x000025f9      0x7ca build/stm32g4xx_hal_cortex.o
 .debug_line    0x00002dc3      0x27f build/system_stm32g4xx.o
 .debug_line    0x00003042       0x77 build/startup_stm32g491xx.o

.debug_str      0x00000000     0x1d09
 .debug_str     0x00000000      0x347 build/main.o
                                0x395 (size before relaxing)
 .debug_str     0x00000347       0xb4 build/stm32g4xx_it.o
                                0x246 (size before relaxing)
 .debug_str     0x000003fb      0x19e build/stm32g4xx_hal_msp.o
                                0x349 (size before relaxing)
 .debug_str     0x00000599      0x5b6 build/stm32g4xx_hal_pwr_ex.o
                                0x7fd (size before relaxing)
 .debug_str     0x00000b4f      0x9c2 build/stm32g4xx_hal.o
                                0xd49 (size before relaxing)
 .debug_str     0x00001511      0x303 build/stm32g4xx_hal_rcc.o
                                0x84a (size before relaxing)
 .debug_str     0x00001814      0x494 build/stm32g4xx_hal_cortex.o
                                0xca9 (size before relaxing)
 .debug_str     0x00001ca8       0x3d build/system_stm32g4xx.o
                                0x3e2 (size before relaxing)
 .debug_str     0x00001ce5       0x24 build/startup_stm32g491xx.o
                                 0x81 (size before relaxing)

.debug_frame    0x00000000      0x9b4
 .debug_frame   0x00000000       0x58 build/main.o
 .debug_frame   0x00000058       0xa8 build/stm32g4xx_it.o
 .debug_frame   0x00000100       0x2c build/stm32g4xx_hal_msp.o
 .debug_frame   0x0000012c      0x268 build/stm32g4xx_hal_pwr_ex.o
 .debug_frame   0x00000394      0x2a4 build/stm32g4xx_hal.o
 .debug_frame   0x00000638      0x198 build/stm32g4xx_hal_rcc.o
 .debug_frame   0x000007d0      0x168 build/stm32g4xx_hal_cortex.o
 .debug_frame   0x00000938       0x30 build/system_stm32g4xx.o
 .debug_frame   0x00000968       0x2c c:/programdata/chocolatey/lib/gcc-arm-embedded/tools/gcc-arm-none-eabi-10.3-2021.10/bin/../lib/gcc/arm-none-eabi/10.3.1/../../../../arm-none-eabi/lib/thumb/v7e-m+fp/hard\libc_nano.a(lib_a-init.o)
 .debug_frame   0x00000994       0x20 c:/programdata/chocolatey/lib/gcc-arm-embedded/tools/gcc-arm-none-eabi-10.3-2021.10/bin/../lib/gcc/arm-none-eabi/10.3.1/../../../../arm-none-eabi/lib/thumb/v7e-m+fp/hard\libc_nano.a(lib_a-memset.o)

Cross Reference Table

Symbol                                            File
ADC1_2_IRQHandler                                 build/startup_stm32g491xx.o
ADC3_IRQHandler                                   build/startup_stm32g491xx.o
AHBPrescTable                                     build/system_stm32g4xx.o
                                                  build/stm32g4xx_hal_rcc.o
APBPrescTable                                     build/system_stm32g4xx.o
                                                  build/stm32g4xx_hal_rcc.o
BusFault_Handler                                  build/stm32g4xx_it.o
COMP1_2_3_IRQHandler                              build/startup_stm32g491xx.o
COMP4_IRQHandler                                  build/startup_stm32g491xx.o
CORDIC_IRQHandler                                 build/startup_stm32g491xx.o
CRS_IRQHandler                                    build/startup_stm32g491xx.o
DMA1_Channel1_IRQHandler                          build/startup_stm32g491xx.o
DMA1_Channel2_IRQHandler                          build/startup_stm32g491xx.o
DMA1_Channel3_IRQHandler                          build/startup_stm32g491xx.o
DMA1_Channel4_IRQHandler                          build/startup_stm32g491xx.o
DMA1_Channel5_IRQHandler                          build/startup_stm32g491xx.o
DMA1_Channel6_IRQHandler                          build/startup_stm32g491xx.o
DMA1_Channel7_IRQHandler                          build/startup_stm32g491xx.o
DMA1_Channel8_IRQHandler                          build/startup_stm32g491xx.o
DMA2_Channel1_IRQHandler                          build/startup_stm32g491xx.o
DMA2_Channel2_IRQHandler                          build/startup_stm32g491xx.o
DMA2_Channel3_IRQHandler                          build/startup_stm32g491xx.o
DMA2_Channel4_IRQHandler                          build/startup_stm32g491xx.o
DMA2_Channel5_IRQHandler                          build/startup_stm32g491xx.o
DMA2_Channel6_IRQHandler                          build/startup_stm32g491xx.o
DMA2_Channel7_IRQHandler                          build/startup_stm32g491xx.o
DMA2_Channel8_IRQHandler                          build/startup_stm32g491xx.o
DMAMUX_OVR_IRQHandler                             build/startup_stm32g491xx.o
DebugMon_Handler                                  build/stm32g4xx_it.o
Default_Handler                                   build/startup_stm32g491xx.o
EXTI0_IRQHandler                                  build/startup_stm32g491xx.o
EXTI15_10_IRQHandler                              build/startup_stm32g491xx.o
EXTI1_IRQHandler                                  build/startup_stm32g491xx.o
EXTI2_IRQHandler                                  build/startup_stm32g491xx.o
EXTI3_IRQHandler                                  build/startup_stm32g491xx.o
EXTI4_IRQHandler                                  build/startup_stm32g491xx.o
EXTI9_5_IRQHandler                                build/startup_stm32g491xx.o
Error_Handler                                     build/main.o
FDCAN1_IT0_IRQHandler                             build/startup_stm32g491xx.o
FDCAN1_IT1_IRQHandler                             build/startup_stm32g491xx.o
FDCAN2_IT0_IRQHandler                             build/startup_stm32g491xx.o
FDCAN2_IT1_IRQHandler                             build/startup_stm32g491xx.o
FLASH_FlushCaches                                 build/stm32g4xx_hal_flash_ex.o
                                                  build/stm32g4xx_hal_flash.o
FLASH_IRQHandler                                  build/startup_stm32g491xx.o
FLASH_PageErase                                   build/stm32g4xx_hal_flash_ex.o
                                                  build/stm32g4xx_hal_flash.o
FLASH_WaitForLastOperation                        build/stm32g4xx_hal_flash.o
                                                  build/stm32g4xx_hal_flash_ex.o
FMAC_IRQHandler                                   build/startup_stm32g491xx.o
FPU_IRQHandler                                    build/startup_stm32g491xx.o
HAL_DBGMCU_DisableDBGSleepMode                    build/stm32g4xx_hal.o
HAL_DBGMCU_DisableDBGStandbyMode                  build/stm32g4xx_hal.o
HAL_DBGMCU_DisableDBGStopMode                     build/stm32g4xx_hal.o
HAL_DBGMCU_EnableDBGSleepMode                     build/stm32g4xx_hal.o
HAL_DBGMCU_EnableDBGStandbyMode                   build/stm32g4xx_hal.o
HAL_DBGMCU_EnableDBGStopMode                      build/stm32g4xx_hal.o
HAL_DMAEx_ConfigMuxRequestGenerator               build/stm32g4xx_hal_dma_ex.o
HAL_DMAEx_ConfigMuxSync                           build/stm32g4xx_hal_dma_ex.o
HAL_DMAEx_DisableMuxRequestGenerator              build/stm32g4xx_hal_dma_ex.o
HAL_DMAEx_EnableMuxRequestGenerator               build/stm32g4xx_hal_dma_ex.o
HAL_DMAEx_MUX_IRQHandler                          build/stm32g4xx_hal_dma_ex.o
HAL_DMA_Abort                                     build/stm32g4xx_hal_dma.o
HAL_DMA_Abort_IT                                  build/stm32g4xx_hal_dma.o
                                                  build/stm32g4xx_hal_tim_ex.o
                                                  build/stm32g4xx_hal_tim.o
HAL_DMA_DeInit                                    build/stm32g4xx_hal_dma.o
HAL_DMA_GetError                                  build/stm32g4xx_hal_dma.o
HAL_DMA_GetState                                  build/stm32g4xx_hal_dma.o
HAL_DMA_IRQHandler                                build/stm32g4xx_hal_dma.o
HAL_DMA_Init                                      build/stm32g4xx_hal_dma.o
HAL_DMA_PollForTransfer                           build/stm32g4xx_hal_dma.o
HAL_DMA_RegisterCallback                          build/stm32g4xx_hal_dma.o
HAL_DMA_Start                                     build/stm32g4xx_hal_dma.o
HAL_DMA_Start_IT                                  build/stm32g4xx_hal_dma.o
                                                  build/stm32g4xx_hal_tim_ex.o
                                                  build/stm32g4xx_hal_tim.o
HAL_DMA_UnRegisterCallback                        build/stm32g4xx_hal_dma.o
HAL_DeInit                                        build/stm32g4xx_hal.o
HAL_Delay                                         build/stm32g4xx_hal.o
HAL_EXTI_ClearConfigLine                          build/stm32g4xx_hal_exti.o
HAL_EXTI_ClearPending                             build/stm32g4xx_hal_exti.o
HAL_EXTI_GenerateSWI                              build/stm32g4xx_hal_exti.o
HAL_EXTI_GetConfigLine                            build/stm32g4xx_hal_exti.o
HAL_EXTI_GetHandle                                build/stm32g4xx_hal_exti.o
HAL_EXTI_GetPending                               build/stm32g4xx_hal_exti.o
HAL_EXTI_IRQHandler                               build/stm32g4xx_hal_exti.o
HAL_EXTI_RegisterCallback                         build/stm32g4xx_hal_exti.o
HAL_EXTI_SetConfigLine                            build/stm32g4xx_hal_exti.o
HAL_FLASHEx_DisableDebugger                       build/stm32g4xx_hal_flash_ex.o
HAL_FLASHEx_DisableRunPowerDown                   build/stm32g4xx_hal_flash_ramfunc.o
HAL_FLASHEx_EnableDebugger                        build/stm32g4xx_hal_flash_ex.o
HAL_FLASHEx_EnableRunPowerDown                    build/stm32g4xx_hal_flash_ramfunc.o
HAL_FLASHEx_EnableSecMemProtection                build/stm32g4xx_hal_flash_ex.o
HAL_FLASHEx_Erase                                 build/stm32g4xx_hal_flash_ex.o
HAL_FLASHEx_Erase_IT                              build/stm32g4xx_hal_flash_ex.o
HAL_FLASHEx_OBGetConfig                           build/stm32g4xx_hal_flash_ex.o
HAL_FLASHEx_OBProgram                             build/stm32g4xx_hal_flash_ex.o
HAL_FLASH_EndOfOperationCallback                  build/stm32g4xx_hal_flash.o
HAL_FLASH_GetError                                build/stm32g4xx_hal_flash.o
HAL_FLASH_IRQHandler                              build/stm32g4xx_hal_flash.o
HAL_FLASH_Lock                                    build/stm32g4xx_hal_flash.o
HAL_FLASH_OB_Launch                               build/stm32g4xx_hal_flash.o
HAL_FLASH_OB_Lock                                 build/stm32g4xx_hal_flash.o
HAL_FLASH_OB_Unlock                               build/stm32g4xx_hal_flash.o
HAL_FLASH_OperationErrorCallback                  build/stm32g4xx_hal_flash.o
HAL_FLASH_Program                                 build/stm32g4xx_hal_flash.o
HAL_FLASH_Program_IT                              build/stm32g4xx_hal_flash.o
HAL_FLASH_Unlock                                  build/stm32g4xx_hal_flash.o
HAL_GPIO_DeInit                                   build/stm32g4xx_hal_gpio.o
HAL_GPIO_EXTI_Callback                            build/stm32g4xx_hal_gpio.o
HAL_GPIO_EXTI_IRQHandler                          build/stm32g4xx_hal_gpio.o
HAL_GPIO_Init                                     build/stm32g4xx_hal_gpio.o
                                                  build/stm32g4xx_hal_rcc_ex.o
                                                  build/stm32g4xx_hal_rcc.o
HAL_GPIO_LockPin                                  build/stm32g4xx_hal_gpio.o
HAL_GPIO_ReadPin                                  build/stm32g4xx_hal_gpio.o
HAL_GPIO_TogglePin                                build/stm32g4xx_hal_gpio.o
HAL_GPIO_WritePin                                 build/stm32g4xx_hal_gpio.o
HAL_GetDEVID                                      build/stm32g4xx_hal.o
HAL_GetHalVersion                                 build/stm32g4xx_hal.o
HAL_GetREVID                                      build/stm32g4xx_hal.o
HAL_GetTick                                       build/stm32g4xx_hal.o
                                                  build/stm32g4xx_hal_tim_ex.o
                                                  build/stm32g4xx_hal_dma.o
                                                  build/stm32g4xx_hal_flash.o
                                                  build/stm32g4xx_hal_rcc_ex.o
                                                  build/stm32g4xx_hal_rcc.o
HAL_GetTickFreq                                   build/stm32g4xx_hal.o
HAL_GetTickPrio                                   build/stm32g4xx_hal.o
HAL_GetUIDw0                                      build/stm32g4xx_hal.o
HAL_GetUIDw1                                      build/stm32g4xx_hal.o
HAL_GetUIDw2                                      build/stm32g4xx_hal.o
HAL_IncTick                                       build/stm32g4xx_hal.o
                                                  build/stm32g4xx_it.o
HAL_Init                                          build/stm32g4xx_hal.o
                                                  build/main.o
HAL_InitTick                                      build/stm32g4xx_hal.o
                                                  build/stm32g4xx_hal_rcc.o
HAL_MPU_ConfigRegion                              build/stm32g4xx_hal_cortex.o
HAL_MPU_Disable                                   build/stm32g4xx_hal_cortex.o
HAL_MPU_DisableRegion                             build/stm32g4xx_hal_cortex.o
HAL_MPU_Enable                                    build/stm32g4xx_hal_cortex.o
HAL_MPU_EnableRegion                              build/stm32g4xx_hal_cortex.o
HAL_MspDeInit                                     build/stm32g4xx_hal.o
HAL_MspInit                                       build/stm32g4xx_hal_msp.o
HAL_NVIC_ClearPendingIRQ                          build/stm32g4xx_hal_cortex.o
HAL_NVIC_DisableIRQ                               build/stm32g4xx_hal_cortex.o
HAL_NVIC_EnableIRQ                                build/stm32g4xx_hal_cortex.o
HAL_NVIC_GetActive                                build/stm32g4xx_hal_cortex.o
HAL_NVIC_GetPendingIRQ                            build/stm32g4xx_hal_cortex.o
HAL_NVIC_GetPriority                              build/stm32g4xx_hal_cortex.o
HAL_NVIC_GetPriorityGrouping                      build/stm32g4xx_hal_cortex.o
HAL_NVIC_SetPendingIRQ                            build/stm32g4xx_hal_cortex.o
HAL_NVIC_SetPriority                              build/stm32g4xx_hal_cortex.o
                                                  build/stm32g4xx_hal.o
HAL_NVIC_SetPriorityGrouping                      build/stm32g4xx_hal_cortex.o
                                                  build/stm32g4xx_hal.o
HAL_NVIC_SystemReset                              build/stm32g4xx_hal_cortex.o
HAL_PWREx_ConfigPVM                               build/stm32g4xx_hal_pwr_ex.o
HAL_PWREx_ControlVoltageScaling                   build/stm32g4xx_hal_pwr_ex.o
                                                  build/main.o
HAL_PWREx_DisableBatteryCharging                  build/stm32g4xx_hal_pwr_ex.o
HAL_PWREx_DisableGPIOPullDown                     build/stm32g4xx_hal_pwr_ex.o
HAL_PWREx_DisableGPIOPullUp                       build/stm32g4xx_hal_pwr_ex.o
HAL_PWREx_DisableInternalWakeUpLine               build/stm32g4xx_hal_pwr_ex.o
HAL_PWREx_DisableLowPowerRunMode                  build/stm32g4xx_hal_pwr_ex.o
                                                  build/stm32g4xx_hal_pwr.o
HAL_PWREx_DisablePVM1                             build/stm32g4xx_hal_pwr_ex.o
HAL_PWREx_DisablePVM2                             build/stm32g4xx_hal_pwr_ex.o
HAL_PWREx_DisablePVM3                             build/stm32g4xx_hal_pwr_ex.o
HAL_PWREx_DisablePVM4                             build/stm32g4xx_hal_pwr_ex.o
HAL_PWREx_DisablePullUpPullDownConfig             build/stm32g4xx_hal_pwr_ex.o
HAL_PWREx_DisableSRAM2ContentRetention            build/stm32g4xx_hal_pwr_ex.o
HAL_PWREx_DisableUCPDDeadBattery                  build/stm32g4xx_hal_pwr_ex.o
                                                  build/stm32g4xx_hal_msp.o
HAL_PWREx_DisableUCPDStandbyMode                  build/stm32g4xx_hal_pwr_ex.o
HAL_PWREx_EnableBatteryCharging                   build/stm32g4xx_hal_pwr_ex.o
HAL_PWREx_EnableGPIOPullDown                      build/stm32g4xx_hal_pwr_ex.o
HAL_PWREx_EnableGPIOPullUp                        build/stm32g4xx_hal_pwr_ex.o
HAL_PWREx_EnableInternalWakeUpLine                build/stm32g4xx_hal_pwr_ex.o
HAL_PWREx_EnableLowPowerRunMode                   build/stm32g4xx_hal_pwr_ex.o
                                                  build/stm32g4xx_hal_pwr.o
HAL_PWREx_EnablePVM1                              build/stm32g4xx_hal_pwr_ex.o
HAL_PWREx_EnablePVM2                              build/stm32g4xx_hal_pwr_ex.o
HAL_PWREx_EnablePVM3                              build/stm32g4xx_hal_pwr_ex.o
HAL_PWREx_EnablePVM4                              build/stm32g4xx_hal_pwr_ex.o
HAL_PWREx_EnablePullUpPullDownConfig              build/stm32g4xx_hal_pwr_ex.o
HAL_PWREx_EnableSRAM2ContentRetention             build/stm32g4xx_hal_pwr_ex.o
HAL_PWREx_EnableUCPDDeadBattery                   build/stm32g4xx_hal_pwr_ex.o
HAL_PWREx_EnableUCPDStandbyMode                   build/stm32g4xx_hal_pwr_ex.o
HAL_PWREx_EnterSHUTDOWNMode                       build/stm32g4xx_hal_pwr_ex.o
HAL_PWREx_EnterSTOP0Mode                          build/stm32g4xx_hal_pwr_ex.o
                                                  build/stm32g4xx_hal_pwr.o
HAL_PWREx_EnterSTOP1Mode                          build/stm32g4xx_hal_pwr_ex.o
                                                  build/stm32g4xx_hal_pwr.o
HAL_PWREx_GetVoltageRange                         build/stm32g4xx_hal_pwr_ex.o
HAL_PWREx_PVD_PVM_IRQHandler                      build/stm32g4xx_hal_pwr_ex.o
HAL_PWREx_PVM1Callback                            build/stm32g4xx_hal_pwr_ex.o
HAL_PWREx_PVM2Callback                            build/stm32g4xx_hal_pwr_ex.o
HAL_PWREx_PVM3Callback                            build/stm32g4xx_hal_pwr_ex.o
HAL_PWREx_PVM4Callback                            build/stm32g4xx_hal_pwr_ex.o
HAL_PWR_ConfigPVD                                 build/stm32g4xx_hal_pwr.o
HAL_PWR_DeInit                                    build/stm32g4xx_hal_pwr.o
HAL_PWR_DisableBkUpAccess                         build/stm32g4xx_hal_pwr.o
                                                  build/stm32g4xx_hal_rcc_ex.o
HAL_PWR_DisablePVD                                build/stm32g4xx_hal_pwr.o
HAL_PWR_DisableSEVOnPend                          build/stm32g4xx_hal_pwr.o
HAL_PWR_DisableSleepOnExit                        build/stm32g4xx_hal_pwr.o
HAL_PWR_DisableWakeUpPin                          build/stm32g4xx_hal_pwr.o
HAL_PWR_EnableBkUpAccess                          build/stm32g4xx_hal_pwr.o
                                                  build/stm32g4xx_hal_rcc_ex.o
HAL_PWR_EnablePVD                                 build/stm32g4xx_hal_pwr.o
HAL_PWR_EnableSEVOnPend                           build/stm32g4xx_hal_pwr.o
HAL_PWR_EnableSleepOnExit                         build/stm32g4xx_hal_pwr.o
HAL_PWR_EnableWakeUpPin                           build/stm32g4xx_hal_pwr.o
HAL_PWR_EnterSLEEPMode                            build/stm32g4xx_hal_pwr.o
HAL_PWR_EnterSTANDBYMode                          build/stm32g4xx_hal_pwr.o
HAL_PWR_EnterSTOPMode                             build/stm32g4xx_hal_pwr.o
HAL_PWR_PVDCallback                               build/stm32g4xx_hal_pwr.o
                                                  build/stm32g4xx_hal_pwr_ex.o
HAL_RCCEx_CRSConfig                               build/stm32g4xx_hal_rcc_ex.o
HAL_RCCEx_CRSGetSynchronizationInfo               build/stm32g4xx_hal_rcc_ex.o
HAL_RCCEx_CRSSoftwareSynchronizationGenerate      build/stm32g4xx_hal_rcc_ex.o
HAL_RCCEx_CRSWaitSynchronization                  build/stm32g4xx_hal_rcc_ex.o
HAL_RCCEx_CRS_ErrorCallback                       build/stm32g4xx_hal_rcc_ex.o
HAL_RCCEx_CRS_ExpectedSyncCallback                build/stm32g4xx_hal_rcc_ex.o
HAL_RCCEx_CRS_IRQHandler                          build/stm32g4xx_hal_rcc_ex.o
HAL_RCCEx_CRS_SyncOkCallback                      build/stm32g4xx_hal_rcc_ex.o
HAL_RCCEx_CRS_SyncWarnCallback                    build/stm32g4xx_hal_rcc_ex.o
HAL_RCCEx_DisableLSCO                             build/stm32g4xx_hal_rcc_ex.o
HAL_RCCEx_DisableLSECSS                           build/stm32g4xx_hal_rcc_ex.o
HAL_RCCEx_EnableLSCO                              build/stm32g4xx_hal_rcc_ex.o
HAL_RCCEx_EnableLSECSS                            build/stm32g4xx_hal_rcc_ex.o
HAL_RCCEx_EnableLSECSS_IT                         build/stm32g4xx_hal_rcc_ex.o
HAL_RCCEx_GetPeriphCLKConfig                      build/stm32g4xx_hal_rcc_ex.o
HAL_RCCEx_GetPeriphCLKFreq                        build/stm32g4xx_hal_rcc_ex.o
HAL_RCCEx_LSECSS_Callback                         build/stm32g4xx_hal_rcc_ex.o
HAL_RCCEx_LSECSS_IRQHandler                       build/stm32g4xx_hal_rcc_ex.o
HAL_RCCEx_PeriphCLKConfig                         build/stm32g4xx_hal_rcc_ex.o
HAL_RCC_CSSCallback                               build/stm32g4xx_hal_rcc.o
HAL_RCC_ClockConfig                               build/stm32g4xx_hal_rcc.o
                                                  build/main.o
HAL_RCC_DeInit                                    build/stm32g4xx_hal_rcc.o
HAL_RCC_DisableLSECSS                             build/stm32g4xx_hal_rcc.o
HAL_RCC_EnableCSS                                 build/stm32g4xx_hal_rcc.o
HAL_RCC_EnableLSECSS                              build/stm32g4xx_hal_rcc.o
HAL_RCC_GetClockConfig                            build/stm32g4xx_hal_rcc.o
HAL_RCC_GetHCLKFreq                               build/stm32g4xx_hal_rcc.o
HAL_RCC_GetOscConfig                              build/stm32g4xx_hal_rcc.o
HAL_RCC_GetPCLK1Freq                              build/stm32g4xx_hal_rcc.o
                                                  build/stm32g4xx_hal_rcc_ex.o
HAL_RCC_GetPCLK2Freq                              build/stm32g4xx_hal_rcc.o
                                                  build/stm32g4xx_hal_rcc_ex.o
HAL_RCC_GetSysClockFreq                           build/stm32g4xx_hal_rcc.o
                                                  build/stm32g4xx_hal_rcc_ex.o
HAL_RCC_MCOConfig                                 build/stm32g4xx_hal_rcc.o
HAL_RCC_NMI_IRQHandler                            build/stm32g4xx_hal_rcc.o
HAL_RCC_OscConfig                                 build/stm32g4xx_hal_rcc.o
                                                  build/main.o
HAL_ResumeTick                                    build/stm32g4xx_hal.o
HAL_SYSCFG_CCMSRAMErase                           build/stm32g4xx_hal.o
HAL_SYSCFG_CCMSRAM_WriteProtectionEnable          build/stm32g4xx_hal.o
HAL_SYSCFG_DisableIOSwitchBooster                 build/stm32g4xx_hal.o
HAL_SYSCFG_DisableIOSwitchVDD                     build/stm32g4xx_hal.o
HAL_SYSCFG_DisableMemorySwappingBank              build/stm32g4xx_hal.o
HAL_SYSCFG_DisableVREFBUF                         build/stm32g4xx_hal.o
HAL_SYSCFG_EnableIOSwitchBooster                  build/stm32g4xx_hal.o
HAL_SYSCFG_EnableIOSwitchVDD                      build/stm32g4xx_hal.o
HAL_SYSCFG_EnableMemorySwappingBank               build/stm32g4xx_hal.o
HAL_SYSCFG_EnableVREFBUF                          build/stm32g4xx_hal.o
HAL_SYSCFG_VREFBUF_HighImpedanceConfig            build/stm32g4xx_hal.o
HAL_SYSCFG_VREFBUF_TrimmingConfig                 build/stm32g4xx_hal.o
HAL_SYSCFG_VREFBUF_VoltageScalingConfig           build/stm32g4xx_hal.o
HAL_SYSTICK_CLKSourceConfig                       build/stm32g4xx_hal_cortex.o
HAL_SYSTICK_Callback                              build/stm32g4xx_hal_cortex.o
HAL_SYSTICK_Config                                build/stm32g4xx_hal_cortex.o
                                                  build/stm32g4xx_hal.o
HAL_SYSTICK_IRQHandler                            build/stm32g4xx_hal_cortex.o
HAL_SetTickFreq                                   build/stm32g4xx_hal.o
HAL_SuspendTick                                   build/stm32g4xx_hal.o
HAL_TIMEx_Break2Callback                          build/stm32g4xx_hal_tim_ex.o
                                                  build/stm32g4xx_hal_tim.o
HAL_TIMEx_BreakCallback                           build/stm32g4xx_hal_tim_ex.o
                                                  build/stm32g4xx_hal_tim.o
HAL_TIMEx_CommutCallback                          build/stm32g4xx_hal_tim_ex.o
                                                  build/stm32g4xx_hal_tim.o
HAL_TIMEx_CommutHalfCpltCallback                  build/stm32g4xx_hal_tim_ex.o
HAL_TIMEx_ConfigAsymmetricalDeadTime              build/stm32g4xx_hal_tim_ex.o
HAL_TIMEx_ConfigBreakDeadTime                     build/stm32g4xx_hal_tim_ex.o
HAL_TIMEx_ConfigBreakInput                        build/stm32g4xx_hal_tim_ex.o
HAL_TIMEx_ConfigCommutEvent                       build/stm32g4xx_hal_tim_ex.o
HAL_TIMEx_ConfigCommutEvent_DMA                   build/stm32g4xx_hal_tim_ex.o
HAL_TIMEx_ConfigCommutEvent_IT                    build/stm32g4xx_hal_tim_ex.o
HAL_TIMEx_ConfigDeadTime                          build/stm32g4xx_hal_tim_ex.o
HAL_TIMEx_ConfigEncoderIndex                      build/stm32g4xx_hal_tim_ex.o
HAL_TIMEx_ConfigSlaveModePreload                  build/stm32g4xx_hal_tim_ex.o
HAL_TIMEx_DirectionChangeCallback                 build/stm32g4xx_hal_tim_ex.o
                                                  build/stm32g4xx_hal_tim.o
HAL_TIMEx_DisableAsymmetricalDeadTime             build/stm32g4xx_hal_tim_ex.o
HAL_TIMEx_DisableDeadTimePreload                  build/stm32g4xx_hal_tim_ex.o
HAL_TIMEx_DisableEncoderFirstIndex                build/stm32g4xx_hal_tim_ex.o
HAL_TIMEx_DisableEncoderIndex                     build/stm32g4xx_hal_tim_ex.o
HAL_TIMEx_DisableSlaveModePreload                 build/stm32g4xx_hal_tim_ex.o
HAL_TIMEx_DisarmBreakInput                        build/stm32g4xx_hal_tim_ex.o
HAL_TIMEx_DitheringDisable                        build/stm32g4xx_hal_tim_ex.o
HAL_TIMEx_DitheringEnable                         build/stm32g4xx_hal_tim_ex.o
HAL_TIMEx_EnableAsymmetricalDeadTime              build/stm32g4xx_hal_tim_ex.o
HAL_TIMEx_EnableDeadTimePreload                   build/stm32g4xx_hal_tim_ex.o
HAL_TIMEx_EnableEncoderFirstIndex                 build/stm32g4xx_hal_tim_ex.o
HAL_TIMEx_EnableEncoderIndex                      build/stm32g4xx_hal_tim_ex.o
HAL_TIMEx_EnableSlaveModePreload                  build/stm32g4xx_hal_tim_ex.o
HAL_TIMEx_EncoderIndexCallback                    build/stm32g4xx_hal_tim_ex.o
                                                  build/stm32g4xx_hal_tim.o
HAL_TIMEx_GetChannelNState                        build/stm32g4xx_hal_tim_ex.o
HAL_TIMEx_GroupChannel5                           build/stm32g4xx_hal_tim_ex.o
HAL_TIMEx_HallSensor_DeInit                       build/stm32g4xx_hal_tim_ex.o
HAL_TIMEx_HallSensor_GetState                     build/stm32g4xx_hal_tim_ex.o
HAL_TIMEx_HallSensor_Init                         build/stm32g4xx_hal_tim_ex.o
HAL_TIMEx_HallSensor_MspDeInit                    build/stm32g4xx_hal_tim_ex.o
HAL_TIMEx_HallSensor_MspInit                      build/stm32g4xx_hal_tim_ex.o
HAL_TIMEx_HallSensor_Start                        build/stm32g4xx_hal_tim_ex.o
HAL_TIMEx_HallSensor_Start_DMA                    build/stm32g4xx_hal_tim_ex.o
HAL_TIMEx_HallSensor_Start_IT                     build/stm32g4xx_hal_tim_ex.o
HAL_TIMEx_HallSensor_Stop                         build/stm32g4xx_hal_tim_ex.o
HAL_TIMEx_HallSensor_Stop_DMA                     build/stm32g4xx_hal_tim_ex.o
HAL_TIMEx_HallSensor_Stop_IT                      build/stm32g4xx_hal_tim_ex.o
HAL_TIMEx_IndexErrorCallback                      build/stm32g4xx_hal_tim_ex.o
                                                  build/stm32g4xx_hal_tim.o
HAL_TIMEx_MasterConfigSynchronization             build/stm32g4xx_hal_tim_ex.o
HAL_TIMEx_OCN_Start                               build/stm32g4xx_hal_tim_ex.o
HAL_TIMEx_OCN_Start_DMA                           build/stm32g4xx_hal_tim_ex.o
HAL_TIMEx_OCN_Start_IT                            build/stm32g4xx_hal_tim_ex.o
HAL_TIMEx_OCN_Stop                                build/stm32g4xx_hal_tim_ex.o
HAL_TIMEx_OCN_Stop_DMA                            build/stm32g4xx_hal_tim_ex.o
HAL_TIMEx_OCN_Stop_IT                             build/stm32g4xx_hal_tim_ex.o
HAL_TIMEx_OC_ConfigPulseOnCompare                 build/stm32g4xx_hal_tim_ex.o
HAL_TIMEx_OnePulseN_Start                         build/stm32g4xx_hal_tim_ex.o
HAL_TIMEx_OnePulseN_Start_IT                      build/stm32g4xx_hal_tim_ex.o
HAL_TIMEx_OnePulseN_Stop                          build/stm32g4xx_hal_tim_ex.o
HAL_TIMEx_OnePulseN_Stop_IT                       build/stm32g4xx_hal_tim_ex.o
HAL_TIMEx_PWMN_Start                              build/stm32g4xx_hal_tim_ex.o
HAL_TIMEx_PWMN_Start_DMA                          build/stm32g4xx_hal_tim_ex.o
HAL_TIMEx_PWMN_Start_IT                           build/stm32g4xx_hal_tim_ex.o
HAL_TIMEx_PWMN_Stop                               build/stm32g4xx_hal_tim_ex.o
HAL_TIMEx_PWMN_Stop_DMA                           build/stm32g4xx_hal_tim_ex.o
HAL_TIMEx_PWMN_Stop_IT                            build/stm32g4xx_hal_tim_ex.o
HAL_TIMEx_ReArmBreakInput                         build/stm32g4xx_hal_tim_ex.o
HAL_TIMEx_RemapConfig                             build/stm32g4xx_hal_tim_ex.o
HAL_TIMEx_TISelection                             build/stm32g4xx_hal_tim_ex.o
HAL_TIMEx_TransitionErrorCallback                 build/stm32g4xx_hal_tim_ex.o
                                                  build/stm32g4xx_hal_tim.o
HAL_TIM_Base_DeInit                               build/stm32g4xx_hal_tim.o
HAL_TIM_Base_GetState                             build/stm32g4xx_hal_tim.o
HAL_TIM_Base_Init                                 build/stm32g4xx_hal_tim.o
HAL_TIM_Base_MspDeInit                            build/stm32g4xx_hal_tim.o
HAL_TIM_Base_MspInit                              build/stm32g4xx_hal_tim.o
HAL_TIM_Base_Start                                build/stm32g4xx_hal_tim.o
HAL_TIM_Base_Start_DMA                            build/stm32g4xx_hal_tim.o
HAL_TIM_Base_Start_IT                             build/stm32g4xx_hal_tim.o
HAL_TIM_Base_Stop                                 build/stm32g4xx_hal_tim.o
HAL_TIM_Base_Stop_DMA                             build/stm32g4xx_hal_tim.o
HAL_TIM_Base_Stop_IT                              build/stm32g4xx_hal_tim.o
HAL_TIM_ConfigClockSource                         build/stm32g4xx_hal_tim.o
HAL_TIM_ConfigOCrefClear                          build/stm32g4xx_hal_tim.o
HAL_TIM_ConfigTI1Input                            build/stm32g4xx_hal_tim.o
HAL_TIM_DMABurstState                             build/stm32g4xx_hal_tim.o
HAL_TIM_DMABurst_MultiReadStart                   build/stm32g4xx_hal_tim.o
HAL_TIM_DMABurst_MultiWriteStart                  build/stm32g4xx_hal_tim.o
HAL_TIM_DMABurst_ReadStart                        build/stm32g4xx_hal_tim.o
HAL_TIM_DMABurst_ReadStop                         build/stm32g4xx_hal_tim.o
HAL_TIM_DMABurst_WriteStart                       build/stm32g4xx_hal_tim.o
HAL_TIM_DMABurst_WriteStop                        build/stm32g4xx_hal_tim.o
HAL_TIM_Encoder_DeInit                            build/stm32g4xx_hal_tim.o
HAL_TIM_Encoder_GetState                          build/stm32g4xx_hal_tim.o
HAL_TIM_Encoder_Init                              build/stm32g4xx_hal_tim.o
HAL_TIM_Encoder_MspDeInit                         build/stm32g4xx_hal_tim.o
HAL_TIM_Encoder_MspInit                           build/stm32g4xx_hal_tim.o
HAL_TIM_Encoder_Start                             build/stm32g4xx_hal_tim.o
HAL_TIM_Encoder_Start_DMA                         build/stm32g4xx_hal_tim.o
HAL_TIM_Encoder_Start_IT                          build/stm32g4xx_hal_tim.o
HAL_TIM_Encoder_Stop                              build/stm32g4xx_hal_tim.o
HAL_TIM_Encoder_Stop_DMA                          build/stm32g4xx_hal_tim.o
HAL_TIM_Encoder_Stop_IT                           build/stm32g4xx_hal_tim.o
HAL_TIM_ErrorCallback                             build/stm32g4xx_hal_tim.o
                                                  build/stm32g4xx_hal_tim_ex.o
HAL_TIM_GenerateEvent                             build/stm32g4xx_hal_tim.o
HAL_TIM_GetActiveChannel                          build/stm32g4xx_hal_tim.o
HAL_TIM_GetChannelState                           build/stm32g4xx_hal_tim.o
HAL_TIM_IC_CaptureCallback                        build/stm32g4xx_hal_tim.o
HAL_TIM_IC_CaptureHalfCpltCallback                build/stm32g4xx_hal_tim.o
HAL_TIM_IC_ConfigChannel                          build/stm32g4xx_hal_tim.o
HAL_TIM_IC_DeInit                                 build/stm32g4xx_hal_tim.o
HAL_TIM_IC_GetState                               build/stm32g4xx_hal_tim.o
HAL_TIM_IC_Init                                   build/stm32g4xx_hal_tim.o
HAL_TIM_IC_MspDeInit                              build/stm32g4xx_hal_tim.o
HAL_TIM_IC_MspInit                                build/stm32g4xx_hal_tim.o
HAL_TIM_IC_Start                                  build/stm32g4xx_hal_tim.o
HAL_TIM_IC_Start_DMA                              build/stm32g4xx_hal_tim.o
HAL_TIM_IC_Start_IT                               build/stm32g4xx_hal_tim.o
HAL_TIM_IC_Stop                                   build/stm32g4xx_hal_tim.o
HAL_TIM_IC_Stop_DMA                               build/stm32g4xx_hal_tim.o
HAL_TIM_IC_Stop_IT                                build/stm32g4xx_hal_tim.o
HAL_TIM_IRQHandler                                build/stm32g4xx_hal_tim.o
HAL_TIM_OC_ConfigChannel                          build/stm32g4xx_hal_tim.o
HAL_TIM_OC_DeInit                                 build/stm32g4xx_hal_tim.o
HAL_TIM_OC_DelayElapsedCallback                   build/stm32g4xx_hal_tim.o
HAL_TIM_OC_GetState                               build/stm32g4xx_hal_tim.o
HAL_TIM_OC_Init                                   build/stm32g4xx_hal_tim.o
HAL_TIM_OC_MspDeInit                              build/stm32g4xx_hal_tim.o
HAL_TIM_OC_MspInit                                build/stm32g4xx_hal_tim.o
HAL_TIM_OC_Start                                  build/stm32g4xx_hal_tim.o
HAL_TIM_OC_Start_DMA                              build/stm32g4xx_hal_tim.o
HAL_TIM_OC_Start_IT                               build/stm32g4xx_hal_tim.o
HAL_TIM_OC_Stop                                   build/stm32g4xx_hal_tim.o
HAL_TIM_OC_Stop_DMA                               build/stm32g4xx_hal_tim.o
HAL_TIM_OC_Stop_IT                                build/stm32g4xx_hal_tim.o
HAL_TIM_OnePulse_ConfigChannel                    build/stm32g4xx_hal_tim.o
HAL_TIM_OnePulse_DeInit                           build/stm32g4xx_hal_tim.o
HAL_TIM_OnePulse_GetState                         build/stm32g4xx_hal_tim.o
HAL_TIM_OnePulse_Init                             build/stm32g4xx_hal_tim.o
HAL_TIM_OnePulse_MspDeInit                        build/stm32g4xx_hal_tim.o
HAL_TIM_OnePulse_MspInit                          build/stm32g4xx_hal_tim.o
HAL_TIM_OnePulse_Start                            build/stm32g4xx_hal_tim.o
HAL_TIM_OnePulse_Start_IT                         build/stm32g4xx_hal_tim.o
HAL_TIM_OnePulse_Stop                             build/stm32g4xx_hal_tim.o
HAL_TIM_OnePulse_Stop_IT                          build/stm32g4xx_hal_tim.o
HAL_TIM_PWM_ConfigChannel                         build/stm32g4xx_hal_tim.o
HAL_TIM_PWM_DeInit                                build/stm32g4xx_hal_tim.o
HAL_TIM_PWM_GetState                              build/stm32g4xx_hal_tim.o
HAL_TIM_PWM_Init                                  build/stm32g4xx_hal_tim.o
HAL_TIM_PWM_MspDeInit                             build/stm32g4xx_hal_tim.o
HAL_TIM_PWM_MspInit                               build/stm32g4xx_hal_tim.o
HAL_TIM_PWM_PulseFinishedCallback                 build/stm32g4xx_hal_tim.o
                                                  build/stm32g4xx_hal_tim_ex.o
HAL_TIM_PWM_PulseFinishedHalfCpltCallback         build/stm32g4xx_hal_tim.o
HAL_TIM_PWM_Start                                 build/stm32g4xx_hal_tim.o
HAL_TIM_PWM_Start_DMA                             build/stm32g4xx_hal_tim.o
HAL_TIM_PWM_Start_IT                              build/stm32g4xx_hal_tim.o
HAL_TIM_PWM_Stop                                  build/stm32g4xx_hal_tim.o
HAL_TIM_PWM_Stop_DMA                              build/stm32g4xx_hal_tim.o
HAL_TIM_PWM_Stop_IT                               build/stm32g4xx_hal_tim.o
HAL_TIM_PeriodElapsedCallback                     build/stm32g4xx_hal_tim.o
HAL_TIM_PeriodElapsedHalfCpltCallback             build/stm32g4xx_hal_tim.o
HAL_TIM_ReadCapturedValue                         build/stm32g4xx_hal_tim.o
HAL_TIM_SlaveConfigSynchro                        build/stm32g4xx_hal_tim.o
HAL_TIM_SlaveConfigSynchro_IT                     build/stm32g4xx_hal_tim.o
HAL_TIM_TriggerCallback                           build/stm32g4xx_hal_tim.o
HAL_TIM_TriggerHalfCpltCallback                   build/stm32g4xx_hal_tim.o
HardFault_Handler                                 build/stm32g4xx_it.o
I2C1_ER_IRQHandler                                build/startup_stm32g491xx.o
I2C1_EV_IRQHandler                                build/startup_stm32g491xx.o
I2C2_ER_IRQHandler                                build/startup_stm32g491xx.o
I2C2_EV_IRQHandler                                build/startup_stm32g491xx.o
I2C3_ER_IRQHandler                                build/startup_stm32g491xx.o
I2C3_EV_IRQHandler                                build/startup_stm32g491xx.o
LPTIM1_IRQHandler                                 build/startup_stm32g491xx.o
LPUART1_IRQHandler                                build/startup_stm32g491xx.o
MemManage_Handler                                 build/stm32g4xx_it.o
NMI_Handler                                       build/stm32g4xx_it.o
PVD_PVM_IRQHandler                                build/startup_stm32g491xx.o
PendSV_Handler                                    build/stm32g4xx_it.o
QUADSPI_IRQHandler                                build/startup_stm32g491xx.o
RCC_IRQHandler                                    build/startup_stm32g491xx.o
RNG_IRQHandler                                    build/startup_stm32g491xx.o
RTC_Alarm_IRQHandler                              build/startup_stm32g491xx.o
RTC_TAMP_LSECSS_IRQHandler                        build/startup_stm32g491xx.o
RTC_WKUP_IRQHandler                               build/startup_stm32g491xx.o
Reset_Handler                                     build/startup_stm32g491xx.o
SAI1_IRQHandler                                   build/startup_stm32g491xx.o
SPI1_IRQHandler                                   build/startup_stm32g491xx.o
SPI2_IRQHandler                                   build/startup_stm32g491xx.o
SPI3_IRQHandler                                   build/startup_stm32g491xx.o
SVC_Handler                                       build/stm32g4xx_it.o
SysTick_Handler                                   build/stm32g4xx_it.o
SystemClock_Config                                build/main.o
SystemCoreClock                                   build/system_stm32g4xx.o
                                                  build/stm32g4xx_hal_rcc.o
                                                  build/stm32g4xx_hal.o
                                                  build/stm32g4xx_hal_pwr_ex.o
SystemCoreClockUpdate                             build/system_stm32g4xx.o
SystemInit                                        build/system_stm32g4xx.o
                                                  build/startup_stm32g491xx.o
TIM1_BRK_TIM15_IRQHandler                         build/startup_stm32g491xx.o
TIM1_CC_IRQHandler                                build/startup_stm32g491xx.o
TIM1_TRG_COM_TIM17_IRQHandler                     build/startup_stm32g491xx.o
TIM1_UP_TIM16_IRQHandler                          build/startup_stm32g491xx.o
TIM20_BRK_IRQHandler                              build/startup_stm32g491xx.o
TIM20_CC_IRQHandler                               build/startup_stm32g491xx.o
TIM20_TRG_COM_IRQHandler                          build/startup_stm32g491xx.o
TIM20_UP_IRQHandler                               build/startup_stm32g491xx.o
TIM2_IRQHandler                                   build/startup_stm32g491xx.o
TIM3_IRQHandler                                   build/startup_stm32g491xx.o
TIM4_IRQHandler                                   build/startup_stm32g491xx.o
TIM6_DAC_IRQHandler                               build/startup_stm32g491xx.o
TIM7_IRQHandler                                   build/startup_stm32g491xx.o
TIM8_BRK_IRQHandler                               build/startup_stm32g491xx.o
TIM8_CC_IRQHandler                                build/startup_stm32g491xx.o
TIM8_TRG_COM_IRQHandler                           build/startup_stm32g491xx.o
TIM8_UP_IRQHandler                                build/startup_stm32g491xx.o
TIMEx_DMACommutationCplt                          build/stm32g4xx_hal_tim_ex.o
                                                  build/stm32g4xx_hal_tim.o
TIMEx_DMACommutationHalfCplt                      build/stm32g4xx_hal_tim_ex.o
                                                  build/stm32g4xx_hal_tim.o
TIM_Base_SetConfig                                build/stm32g4xx_hal_tim.o
                                                  build/stm32g4xx_hal_tim_ex.o
TIM_CCxChannelCmd                                 build/stm32g4xx_hal_tim.o
                                                  build/stm32g4xx_hal_tim_ex.o
TIM_DMACaptureCplt                                build/stm32g4xx_hal_tim.o
                                                  build/stm32g4xx_hal_tim_ex.o
TIM_DMACaptureHalfCplt                            build/stm32g4xx_hal_tim.o
                                                  build/stm32g4xx_hal_tim_ex.o
TIM_DMADelayPulseHalfCplt                         build/stm32g4xx_hal_tim.o
                                                  build/stm32g4xx_hal_tim_ex.o
TIM_DMAError                                      build/stm32g4xx_hal_tim.o
                                                  build/stm32g4xx_hal_tim_ex.o
TIM_ETR_SetConfig                                 build/stm32g4xx_hal_tim.o
                                                  build/stm32g4xx_hal_tim_ex.o
TIM_OC2_SetConfig                                 build/stm32g4xx_hal_tim.o
                                                  build/stm32g4xx_hal_tim_ex.o
TIM_TI1_SetConfig                                 build/stm32g4xx_hal_tim.o
                                                  build/stm32g4xx_hal_tim_ex.o
UART4_IRQHandler                                  build/startup_stm32g491xx.o
UART5_IRQHandler                                  build/startup_stm32g491xx.o
UCPD1_IRQHandler                                  build/startup_stm32g491xx.o
USART1_IRQHandler                                 build/startup_stm32g491xx.o
USART2_IRQHandler                                 build/startup_stm32g491xx.o
USART3_IRQHandler                                 build/startup_stm32g491xx.o
USBWakeUp_IRQHandler                              build/startup_stm32g491xx.o
USB_HP_IRQHandler                                 build/startup_stm32g491xx.o
USB_LP_IRQHandler                                 build/startup_stm32g491xx.o
UsageFault_Handler                                build/stm32g4xx_it.o
WWDG_IRQHandler                                   build/startup_stm32g491xx.o
_Min_Stack_Size                                   build/sysmem.o
__bss_end__                                       c:/programdata/chocolatey/lib/gcc-arm-embedded/tools/gcc-arm-none-eabi-10.3-2021.10/bin/../lib/gcc/arm-none-eabi/10.3.1/../../../../arm-none-eabi/lib/thumb/v7e-m+fp/hard/crt0.o
__bss_start__                                     c:/programdata/chocolatey/lib/gcc-arm-embedded/tools/gcc-arm-none-eabi-10.3-2021.10/bin/../lib/gcc/arm-none-eabi/10.3.1/../../../../arm-none-eabi/lib/thumb/v7e-m+fp/hard/crt0.o
__call_exitprocs                                  c:/programdata/chocolatey/lib/gcc-arm-embedded/tools/gcc-arm-none-eabi-10.3-2021.10/bin/../lib/gcc/arm-none-eabi/10.3.1/../../../../arm-none-eabi/lib/thumb/v7e-m+fp/hard\libc_nano.a(lib_a-exit.o)
__deregister_frame_info                           c:/programdata/chocolatey/lib/gcc-arm-embedded/tools/gcc-arm-none-eabi-10.3-2021.10/bin/../lib/gcc/arm-none-eabi/10.3.1/thumb/v7e-m+fp/hard/crtbegin.o
__dso_handle                                      c:/programdata/chocolatey/lib/gcc-arm-embedded/tools/gcc-arm-none-eabi-10.3-2021.10/bin/../lib/gcc/arm-none-eabi/10.3.1/thumb/v7e-m+fp/hard/crtbegin.o
__env                                             build/syscalls.o
__errno                                           c:/programdata/chocolatey/lib/gcc-arm-embedded/tools/gcc-arm-none-eabi-10.3-2021.10/bin/../lib/gcc/arm-none-eabi/10.3.1/../../../../arm-none-eabi/lib/thumb/v7e-m+fp/hard\libc_nano.a(lib_a-errno.o)
                                                  build/syscalls.o
                                                  build/sysmem.o
__init_array_end                                  c:/programdata/chocolatey/lib/gcc-arm-embedded/tools/gcc-arm-none-eabi-10.3-2021.10/bin/../lib/gcc/arm-none-eabi/10.3.1/../../../../arm-none-eabi/lib/thumb/v7e-m+fp/hard\libc_nano.a(lib_a-init.o)
__init_array_start                                c:/programdata/chocolatey/lib/gcc-arm-embedded/tools/gcc-arm-none-eabi-10.3-2021.10/bin/../lib/gcc/arm-none-eabi/10.3.1/../../../../arm-none-eabi/lib/thumb/v7e-m+fp/hard\libc_nano.a(lib_a-init.o)
__io_getchar                                      build/syscalls.o
__io_putchar                                      build/syscalls.o
__libc_fini_array                                 c:/programdata/chocolatey/lib/gcc-arm-embedded/tools/gcc-arm-none-eabi-10.3-2021.10/bin/../lib/gcc/arm-none-eabi/10.3.1/../../../../arm-none-eabi/lib/thumb/v7e-m+fp/hard/crt0.o
__libc_init_array                                 c:/programdata/chocolatey/lib/gcc-arm-embedded/tools/gcc-arm-none-eabi-10.3-2021.10/bin/../lib/gcc/arm-none-eabi/10.3.1/../../../../arm-none-eabi/lib/thumb/v7e-m+fp/hard\libc_nano.a(lib_a-init.o)
                                                  build/startup_stm32g491xx.o
                                                  c:/programdata/chocolatey/lib/gcc-arm-embedded/tools/gcc-arm-none-eabi-10.3-2021.10/bin/../lib/gcc/arm-none-eabi/10.3.1/../../../../arm-none-eabi/lib/thumb/v7e-m+fp/hard/crt0.o
__preinit_array_end                               c:/programdata/chocolatey/lib/gcc-arm-embedded/tools/gcc-arm-none-eabi-10.3-2021.10/bin/../lib/gcc/arm-none-eabi/10.3.1/../../../../arm-none-eabi/lib/thumb/v7e-m+fp/hard\libc_nano.a(lib_a-init.o)
__preinit_array_start                             c:/programdata/chocolatey/lib/gcc-arm-embedded/tools/gcc-arm-none-eabi-10.3-2021.10/bin/../lib/gcc/arm-none-eabi/10.3.1/../../../../arm-none-eabi/lib/thumb/v7e-m+fp/hard\libc_nano.a(lib_a-init.o)
__register_frame_info                             c:/programdata/chocolatey/lib/gcc-arm-embedded/tools/gcc-arm-none-eabi-10.3-2021.10/bin/../lib/gcc/arm-none-eabi/10.3.1/thumb/v7e-m+fp/hard/crtbegin.o
__sf_fake_stderr                                  c:/programdata/chocolatey/lib/gcc-arm-embedded/tools/gcc-arm-none-eabi-10.3-2021.10/bin/../lib/gcc/arm-none-eabi/10.3.1/../../../../arm-none-eabi/lib/thumb/v7e-m+fp/hard\libc_nano.a(lib_a-impure.o)
__sf_fake_stdin                                   c:/programdata/chocolatey/lib/gcc-arm-embedded/tools/gcc-arm-none-eabi-10.3-2021.10/bin/../lib/gcc/arm-none-eabi/10.3.1/../../../../arm-none-eabi/lib/thumb/v7e-m+fp/hard\libc_nano.a(lib_a-impure.o)
__sf_fake_stdout                                  c:/programdata/chocolatey/lib/gcc-arm-embedded/tools/gcc-arm-none-eabi-10.3-2021.10/bin/../lib/gcc/arm-none-eabi/10.3.1/../../../../arm-none-eabi/lib/thumb/v7e-m+fp/hard\libc_nano.a(lib_a-impure.o)
__stack                                           c:/programdata/chocolatey/lib/gcc-arm-embedded/tools/gcc-arm-none-eabi-10.3-2021.10/bin/../lib/gcc/arm-none-eabi/10.3.1/../../../../arm-none-eabi/lib/thumb/v7e-m+fp/hard/crt0.o
_close                                            build/syscalls.o
_ebss                                             build/startup_stm32g491xx.o
_edata                                            build/startup_stm32g491xx.o
_end                                              build/sysmem.o
_estack                                           build/startup_stm32g491xx.o
                                                  build/sysmem.o
_execve                                           build/syscalls.o
_exit                                             build/syscalls.o
                                                  c:/programdata/chocolatey/lib/gcc-arm-embedded/tools/gcc-arm-none-eabi-10.3-2021.10/bin/../lib/gcc/arm-none-eabi/10.3.1/../../../../arm-none-eabi/lib/thumb/v7e-m+fp/hard\libc_nano.a(lib_a-exit.o)
_fini                                             c:/programdata/chocolatey/lib/gcc-arm-embedded/tools/gcc-arm-none-eabi-10.3-2021.10/bin/../lib/gcc/arm-none-eabi/10.3.1/thumb/v7e-m+fp/hard/crti.o
_fork                                             build/syscalls.o
_fstat                                            build/syscalls.o
_getpid                                           build/syscalls.o
_global_impure_ptr                                c:/programdata/chocolatey/lib/gcc-arm-embedded/tools/gcc-arm-none-eabi-10.3-2021.10/bin/../lib/gcc/arm-none-eabi/10.3.1/../../../../arm-none-eabi/lib/thumb/v7e-m+fp/hard\libc_nano.a(lib_a-impure.o)
                                                  c:/programdata/chocolatey/lib/gcc-arm-embedded/tools/gcc-arm-none-eabi-10.3-2021.10/bin/../lib/gcc/arm-none-eabi/10.3.1/../../../../arm-none-eabi/lib/thumb/v7e-m+fp/hard\libc_nano.a(lib_a-exit.o)
_impure_ptr                                       c:/programdata/chocolatey/lib/gcc-arm-embedded/tools/gcc-arm-none-eabi-10.3-2021.10/bin/../lib/gcc/arm-none-eabi/10.3.1/../../../../arm-none-eabi/lib/thumb/v7e-m+fp/hard\libc_nano.a(lib_a-impure.o)
                                                  c:/programdata/chocolatey/lib/gcc-arm-embedded/tools/gcc-arm-none-eabi-10.3-2021.10/bin/../lib/gcc/arm-none-eabi/10.3.1/../../../../arm-none-eabi/lib/thumb/v7e-m+fp/hard\libc_nano.a(lib_a-errno.o)
_init                                             c:/programdata/chocolatey/lib/gcc-arm-embedded/tools/gcc-arm-none-eabi-10.3-2021.10/bin/../lib/gcc/arm-none-eabi/10.3.1/thumb/v7e-m+fp/hard/crti.o
                                                  c:/programdata/chocolatey/lib/gcc-arm-embedded/tools/gcc-arm-none-eabi-10.3-2021.10/bin/../lib/gcc/arm-none-eabi/10.3.1/../../../../arm-none-eabi/lib/thumb/v7e-m+fp/hard\libc_nano.a(lib_a-init.o)
_isatty                                           build/syscalls.o
_kill                                             build/syscalls.o
_link                                             build/syscalls.o
_lseek                                            build/syscalls.o
_mainCRTStartup                                   c:/programdata/chocolatey/lib/gcc-arm-embedded/tools/gcc-arm-none-eabi-10.3-2021.10/bin/../lib/gcc/arm-none-eabi/10.3.1/../../../../arm-none-eabi/lib/thumb/v7e-m+fp/hard/crt0.o
_open                                             build/syscalls.o
_read                                             build/syscalls.o
_sbrk                                             build/sysmem.o
_sbss                                             build/startup_stm32g491xx.o
_sdata                                            build/startup_stm32g491xx.o
_sidata                                           build/startup_stm32g491xx.o
_stack_init                                       c:/programdata/chocolatey/lib/gcc-arm-embedded/tools/gcc-arm-none-eabi-10.3-2021.10/bin/../lib/gcc/arm-none-eabi/10.3.1/../../../../arm-none-eabi/lib/thumb/v7e-m+fp/hard/crt0.o
_start                                            c:/programdata/chocolatey/lib/gcc-arm-embedded/tools/gcc-arm-none-eabi-10.3-2021.10/bin/../lib/gcc/arm-none-eabi/10.3.1/../../../../arm-none-eabi/lib/thumb/v7e-m+fp/hard/crt0.o
_stat                                             build/syscalls.o
_times                                            build/syscalls.o
_unlink                                           build/syscalls.o
_wait                                             build/syscalls.o
_write                                            build/syscalls.o
atexit                                            c:/programdata/chocolatey/lib/gcc-arm-embedded/tools/gcc-arm-none-eabi-10.3-2021.10/bin/../lib/gcc/arm-none-eabi/10.3.1/../../../../arm-none-eabi/lib/thumb/v7e-m+fp/hard/crt0.o
environ                                           build/syscalls.o
exit                                              c:/programdata/chocolatey/lib/gcc-arm-embedded/tools/gcc-arm-none-eabi-10.3-2021.10/bin/../lib/gcc/arm-none-eabi/10.3.1/../../../../arm-none-eabi/lib/thumb/v7e-m+fp/hard\libc_nano.a(lib_a-exit.o)
                                                  c:/programdata/chocolatey/lib/gcc-arm-embedded/tools/gcc-arm-none-eabi-10.3-2021.10/bin/../lib/gcc/arm-none-eabi/10.3.1/../../../../arm-none-eabi/lib/thumb/v7e-m+fp/hard/crt0.o
g_pfnVectors                                      build/startup_stm32g491xx.o
hardware_init_hook                                c:/programdata/chocolatey/lib/gcc-arm-embedded/tools/gcc-arm-none-eabi-10.3-2021.10/bin/../lib/gcc/arm-none-eabi/10.3.1/../../../../arm-none-eabi/lib/thumb/v7e-m+fp/hard/crt0.o
initialise_monitor_handles                        build/syscalls.o
main                                              build/main.o
                                                  build/startup_stm32g491xx.o
                                                  c:/programdata/chocolatey/lib/gcc-arm-embedded/tools/gcc-arm-none-eabi-10.3-2021.10/bin/../lib/gcc/arm-none-eabi/10.3.1/../../../../arm-none-eabi/lib/thumb/v7e-m+fp/hard/crt0.o
memset                                            c:/programdata/chocolatey/lib/gcc-arm-embedded/tools/gcc-arm-none-eabi-10.3-2021.10/bin/../lib/gcc/arm-none-eabi/10.3.1/../../../../arm-none-eabi/lib/thumb/v7e-m+fp/hard\libc_nano.a(lib_a-memset.o)
                                                  build/main.o
                                                  c:/programdata/chocolatey/lib/gcc-arm-embedded/tools/gcc-arm-none-eabi-10.3-2021.10/bin/../lib/gcc/arm-none-eabi/10.3.1/../../../../arm-none-eabi/lib/thumb/v7e-m+fp/hard/crt0.o
pFlash                                            build/stm32g4xx_hal_flash.o
                                                  build/stm32g4xx_hal_flash_ex.o
software_init_hook                                c:/programdata/chocolatey/lib/gcc-arm-embedded/tools/gcc-arm-none-eabi-10.3-2021.10/bin/../lib/gcc/arm-none-eabi/10.3.1/../../../../arm-none-eabi/lib/thumb/v7e-m+fp/hard/crt0.o
uwTick                                            build/stm32g4xx_hal.o
uwTickFreq                                        build/stm32g4xx_hal.o
uwTickPrio                                        build/stm32g4xx_hal.o
                                                  build/stm32g4xx_hal_rcc.o
