Archive member included to satisfy reference by file (symbol)

c:/programdata/chocolatey/lib/gcc-arm-embedded/tools/gcc-arm-none-eabi-10.3-2021.10/bin/../lib/gcc/arm-none-eabi/10.3.1/../../../../arm-none-eabi/lib/thumb/v7e-m+fp/hard\libc_nano.a(lib_a-errno.o)
                              build/sysmem.o (__errno)
c:/programdata/chocolatey/lib/gcc-arm-embedded/tools/gcc-arm-none-eabi-10.3-2021.10/bin/../lib/gcc/arm-none-eabi/10.3.1/../../../../arm-none-eabi/lib/thumb/v7e-m+fp/hard\libc_nano.a(lib_a-exit.o)
                              c:/programdata/chocolatey/lib/gcc-arm-embedded/tools/gcc-arm-none-eabi-10.3-2021.10/bin/../lib/gcc/arm-none-eabi/10.3.1/../../../../arm-none-eabi/lib/thumb/v7e-m+fp/hard/crt0.o (exit)
c:/programdata/chocolatey/lib/gcc-arm-embedded/tools/gcc-arm-none-eabi-10.3-2021.10/bin/../lib/gcc/arm-none-eabi/10.3.1/../../../../arm-none-eabi/lib/thumb/v7e-m+fp/hard\libc_nano.a(lib_a-impure.o)
                              c:/programdata/chocolatey/lib/gcc-arm-embedded/tools/gcc-arm-none-eabi-10.3-2021.10/bin/../lib/gcc/arm-none-eabi/10.3.1/../../../../arm-none-eabi/lib/thumb/v7e-m+fp/hard\libc_nano.a(lib_a-exit.o) (_global_impure_ptr)
c:/programdata/chocolatey/lib/gcc-arm-embedded/tools/gcc-arm-none-eabi-10.3-2021.10/bin/../lib/gcc/arm-none-eabi/10.3.1/../../../../arm-none-eabi/lib/thumb/v7e-m+fp/hard\libc_nano.a(lib_a-init.o)
                              c:/programdata/chocolatey/lib/gcc-arm-embedded/tools/gcc-arm-none-eabi-10.3-2021.10/bin/../lib/gcc/arm-none-eabi/10.3.1/../../../../arm-none-eabi/lib/thumb/v7e-m+fp/hard/crt0.o (__libc_init_array)
c:/programdata/chocolatey/lib/gcc-arm-embedded/tools/gcc-arm-none-eabi-10.3-2021.10/bin/../lib/gcc/arm-none-eabi/10.3.1/../../../../arm-none-eabi/lib/thumb/v7e-m+fp/hard\libc_nano.a(lib_a-memset.o)
                              c:/programdata/chocolatey/lib/gcc-arm-embedded/tools/gcc-arm-none-eabi-10.3-2021.10/bin/../lib/gcc/arm-none-eabi/10.3.1/../../../../arm-none-eabi/lib/thumb/v7e-m+fp/hard/crt0.o (memset)
c:/programdata/chocolatey/lib/gcc-arm-embedded/tools/gcc-arm-none-eabi-10.3-2021.10/bin/../lib/gcc/arm-none-eabi/10.3.1/../../../../arm-none-eabi/lib/thumb/v7e-m+fp/hard\libc_nano.a(lib_a-nano-vfprintf_float.o)
                              (_printf_float)
c:/programdata/chocolatey/lib/gcc-arm-embedded/tools/gcc-arm-none-eabi-10.3-2021.10/bin/../lib/gcc/arm-none-eabi/10.3.1/../../../../arm-none-eabi/lib/thumb/v7e-m+fp/hard\libc_nano.a(lib_a-nano-vfprintf_i.o)
                              c:/programdata/chocolatey/lib/gcc-arm-embedded/tools/gcc-arm-none-eabi-10.3-2021.10/bin/../lib/gcc/arm-none-eabi/10.3.1/../../../../arm-none-eabi/lib/thumb/v7e-m+fp/hard\libc_nano.a(lib_a-nano-vfprintf_float.o) (_printf_common)
c:/programdata/chocolatey/lib/gcc-arm-embedded/tools/gcc-arm-none-eabi-10.3-2021.10/bin/../lib/gcc/arm-none-eabi/10.3.1/../../../../arm-none-eabi/lib/thumb/v7e-m+fp/hard\libc_nano.a(lib_a-snprintf.o)
                              build/main.o (snprintf)
c:/programdata/chocolatey/lib/gcc-arm-embedded/tools/gcc-arm-none-eabi-10.3-2021.10/bin/../lib/gcc/arm-none-eabi/10.3.1/../../../../arm-none-eabi/lib/thumb/v7e-m+fp/hard\libc_nano.a(lib_a-strlen.o)
                              c:/programdata/chocolatey/lib/gcc-arm-embedded/tools/gcc-arm-none-eabi-10.3-2021.10/bin/../lib/gcc/arm-none-eabi/10.3.1/../../../../arm-none-eabi/lib/thumb/v7e-m+fp/hard\libc_nano.a(lib_a-nano-vfprintf_float.o) (strlen)
c:/programdata/chocolatey/lib/gcc-arm-embedded/tools/gcc-arm-none-eabi-10.3-2021.10/bin/../lib/gcc/arm-none-eabi/10.3.1/../../../../arm-none-eabi/lib/thumb/v7e-m+fp/hard\libc_nano.a(lib_a-dtoa.o)
                              c:/programdata/chocolatey/lib/gcc-arm-embedded/tools/gcc-arm-none-eabi-10.3-2021.10/bin/../lib/gcc/arm-none-eabi/10.3.1/../../../../arm-none-eabi/lib/thumb/v7e-m+fp/hard\libc_nano.a(lib_a-nano-vfprintf_float.o) (_dtoa_r)
c:/programdata/chocolatey/lib/gcc-arm-embedded/tools/gcc-arm-none-eabi-10.3-2021.10/bin/../lib/gcc/arm-none-eabi/10.3.1/../../../../arm-none-eabi/lib/thumb/v7e-m+fp/hard\libc_nano.a(lib_a-localeconv.o)
                              c:/programdata/chocolatey/lib/gcc-arm-embedded/tools/gcc-arm-none-eabi-10.3-2021.10/bin/../lib/gcc/arm-none-eabi/10.3.1/../../../../arm-none-eabi/lib/thumb/v7e-m+fp/hard\libc_nano.a(lib_a-nano-vfprintf_float.o) (_localeconv_r)
c:/programdata/chocolatey/lib/gcc-arm-embedded/tools/gcc-arm-none-eabi-10.3-2021.10/bin/../lib/gcc/arm-none-eabi/10.3.1/../../../../arm-none-eabi/lib/thumb/v7e-m+fp/hard\libc_nano.a(lib_a-malloc.o)
                              c:/programdata/chocolatey/lib/gcc-arm-embedded/tools/gcc-arm-none-eabi-10.3-2021.10/bin/../lib/gcc/arm-none-eabi/10.3.1/../../../../arm-none-eabi/lib/thumb/v7e-m+fp/hard\libc_nano.a(lib_a-dtoa.o) (malloc)
c:/programdata/chocolatey/lib/gcc-arm-embedded/tools/gcc-arm-none-eabi-10.3-2021.10/bin/../lib/gcc/arm-none-eabi/10.3.1/../../../../arm-none-eabi/lib/thumb/v7e-m+fp/hard\libc_nano.a(lib_a-memchr.o)
[...]
Memory Configuration

Name             Origin             Length             Attributes
RAM              0x20000000         0x0001c000         xrw
FLASH            0x08000000         0x00080000         xr
*default*        0x00000000         0xffffffff

Linker script and memory map

LOAD c:/programdata/chocolatey/lib/gcc-arm-embedded/tools/gcc-arm-none-eabi-10.3-2021.10/bin/../lib/gcc/arm-none-eabi/10.3.1/thumb/v7e-m+fp/hard/crti.o
LOAD c:/programdata/chocolatey/lib/gcc-arm-embedded/tools/gcc-arm-none-eabi-10.3-2021.10/bin/../lib/gcc/arm-none-eabi/10.3.1/thumb/v7e-m+fp/hard/crtbegin.o
LOAD c:/programdata/chocolatey/lib/gcc-arm-embedded/tools/gcc-arm-none-eabi-10.3-2021.10/bin/../lib/gcc/arm-none-eabi/10.3.1/../../../../arm-none-eabi/lib/thumb/v7e-m+fp/hard/crt0.o
LOAD build/main.o
LOAD build/stm32g4xx_it.o
LOAD build/stm32g4xx_hal_msp.o
LOAD build/stm32g4xx_hal_pwr_ex.o
LOAD build/stm32g4xx_hal.o
LOAD build/stm32g4xx_hal_rcc.o
LOAD build/stm32g4xx_hal_rcc_ex.o
LOAD build/stm32g4xx_hal_flash.o
LOAD build/stm32g4xx_hal_flash_ex.o
LOAD build/stm32g4xx_hal_flash_ramfunc.o
LOAD build/stm32g4xx_hal_gpio.o
LOAD build/stm32g4xx_hal_exti.o
LOAD build/stm32g4xx_hal_dma.o
LOAD build/stm32g4xx_hal_dma_ex.o
LOAD build/stm32g4xx_hal_pwr.o
LOAD build/stm32g4xx_hal_cortex.o
LOAD build/system_stm32g4xx.o
LOAD build/sysmem.o
LOAD build/syscalls.o
LOAD build/stm32g4xx_hal_tim.o
LOAD build/stm32g4xx_hal_tim_ex.o
LOAD build/stm32g4xx_hal_adc.o
LOAD build/stm32g4xx_hal_adc_ex.o
LOAD build/stm32g4xx_hal_uart.o
LOAD build/startup_stm32g491xx.o
LOAD c:/programdata/chocolatey/lib/gcc-arm-embedded/tools/gcc-arm-none-eabi-10.3-2021.10/bin/../lib/gcc/arm-none-eabi/10.3.1/../../../../arm-none-eabi/lib/thumb/v7e-m+fp/hard\libc_nano.a
LOAD c:/programdata/chocolatey/lib/gcc-arm-embedded/tools/gcc-arm-none-eabi-10.3-2021.10/bin/../lib/gcc/arm-none-eabi/10.3.1/../../../../arm-none-eabi/lib/thumb/v7e-m+fp/hard\libm.a
LOAD c:/programdata/chocolatey/lib/gcc-arm-embedded/tools/gcc-arm-none-eabi-10.3-2021.10/bin/../lib/gcc/arm-none-eabi/10.3.1/../../../../arm-none-eabi/lib/thumb/v7e-m+fp/hard\libnosys.a
START GROUP
LOAD c:/programdata/chocolatey/lib/gcc-arm-embedded/tools/gcc-arm-none-eabi-10.3-2021.10/bin/../lib/gcc/arm-none-eabi/10.3.1/thumb/v7e-m+fp/hard\libgcc.a
LOAD c:/programdata/chocolatey/lib/gcc-arm-embedded/tools/gcc-arm-none-eabi-10.3-2021.10/bin/../lib/gcc/arm-none-eabi/10.3.1/../../../../arm-none-eabi/lib/thumb/v7e-m+fp/hard\libc_nano.a
END GROUP
START GROUP
LOAD c:/programdata/chocolatey/lib/gcc-arm-embedded/tools/gcc-arm-none-eabi-10.3-2021.10/bin/../lib/gcc/arm-none-eabi/10.3.1/thumb/v7e-m+fp/hard\libgcc.a
LOAD c:/programdata/chocolatey/lib/gcc-arm-embedded/tools/gcc-arm-none-eabi-10.3-2021.10/bin/../lib/gcc/arm-none-eabi/10.3.1/../../../../arm-none-eabi/lib/thumb/v7e-m+fp/hard\libc_nano.a
END GROUP
LOAD c:/programdata/chocolatey/lib/gcc-arm-embedded/tools/gcc-arm-none-eabi-10.3-2021.10/bin/../lib/gcc/arm-none-eabi/10.3.1/thumb/v7e-m+fp/hard/crtend.o
LOAD c:/programdata/chocolatey/lib/gcc-arm-embedded/tools/gcc-arm-none-eabi-10.3-2021.10/bin/../lib/gcc/arm-none-eabi/10.3.1/thumb/v7e-m+fp/hard/crtn.o
                0x2001c000                _estack = (ORIGIN (RAM) + LENGTH (RAM))
                0x2001bc00                _sstack = (_estack - _Min_Stack_Size)
                0x00000200                _Min_Heap_Size = 0x200
                0x00000400                _Min_Stack_Size = 0x400

.isr_vector     0x08000000      0x1d8
                0x08000000                . = ALIGN (0x4)
 *(.isr_vector)
 .isr_vector    0x08000000      0x1d8 build/startup_stm32g491xx.o
                0x08000000                g_pfnVectors
                0x080001d8                . = ALIGN (0x4)

.text           0x080001e0     0x6268
                0x080001e0                . = ALIGN (0x4)
 *(.text)
 .text          0x080001e0       0x10 c:/programdata/chocolatey/lib/gcc-arm-embedded/tools/gcc-arm-none-eabi-10.3-2021.10/bin/../lib/gcc/arm-none-eabi/10.3.1/../../../../arm-none-eabi/lib/thumb/v7e-m+fp/hard\libc_nano.a(lib_a-strlen.o)
                0x080001e0                strlen
 .text          0x080001f0       0xa0 c:/programdata/chocolatey/lib/gcc-arm-embedded/tools/gcc-arm-none-eabi-10.3-2021.10/bin/../lib/gcc/arm-none-eabi/10.3.1/../../../../arm-none-eabi/lib/thumb/v7e-m+fp/hard\libc_nano.a(lib_a-memchr.o)
                0x080001f0                memchr
 .text          0x08000290      0x378 c:/programdata/chocolatey/lib/gcc-arm-embedded/tools/gcc-arm-none-eabi-10.3-2021.10/bin/../lib/gcc/arm-none-eabi/10.3.1/thumb/v7e-m+fp/hard\libgcc.a(_arm_addsubdf3.o)
                0x08000290                __aeabi_drsub
                0x08000298                __aeabi_dsub
                0x08000298                __subdf3
                0x0800029c                __aeabi_dadd
                0x0800029c                __adddf3
                0x08000514                __floatunsidf
                0x08000514                __aeabi_ui2d
                0x08000534                __floatsidf
                0x08000534                __aeabi_i2d
                0x08000558                __aeabi_f2d
                0x08000558                __extendsfdf2
                0x0800059c                __floatundidf
                0x0800059c                __aeabi_ul2d
                0x080005ac                __floatdidf
                0x080005ac                __aeabi_l2d
 .text          0x08000608      0x424 c:/programdata/chocolatey/lib/gcc-arm-embedded/tools/gcc-arm-none-eabi-10.3-2021.10/bin/../lib/gcc/arm-none-eabi/10.3.1/thumb/v7e-m+fp/hard\libgcc.a(_arm_muldivdf3.o)
                0x08000608                __aeabi_dmul
                0x08000608                __muldf3
                0x0800085c                __divdf3
                0x0800085c                __aeabi_ddiv
 .text          0x08000a2c      0x110 c:/programdata/chocolatey/lib/gcc-arm-embedded/tools/gcc-arm-none-eabi-10.3-2021.10/bin/../lib/gcc/arm-none-eabi/10.3.1/thumb/v7e-m+fp/hard\libgcc.a(_arm_cmpdf2.o)
                0x08000a2c                __gtdf2
                0x08000a2c                __gedf2
                0x08000a34                __ltdf2
                0x08000a34                __ledf2
                0x08000a3c                __nedf2
                0x08000a3c                __eqdf2
                0x08000a3c                __cmpdf2
                0x08000ab8                __aeabi_cdrcmple
                0x08000ac8                __aeabi_cdcmpeq
                0x08000ac8                __aeabi_cdcmple
                0x08000ad8                __aeabi_dcmpeq
                0x08000aec                __aeabi_dcmplt
                0x08000b00                __aeabi_dcmple
                0x08000b14                __aeabi_dcmpge
                0x08000b28                __aeabi_dcmpgt
 .text          0x08000b3c       0x2c c:/programdata/chocolatey/lib/gcc-arm-embedded/tools/gcc-arm-none-eabi-10.3-2021.10/bin/../lib/gcc/arm-none-eabi/10.3.1/thumb/v7e-m+fp/hard\libgcc.a(_arm_unorddf2.o)
                0x08000b3c                __unorddf2
                0x08000b3c                __aeabi_dcmpun
 .text          0x08000b68       0x50 c:/programdata/chocolatey/lib/gcc-arm-embedded/tools/gcc-arm-none-eabi-10.3-2021.10/bin/../lib/gcc/arm-none-eabi/10.3.1/thumb/v7e-m+fp/hard\libgcc.a(_arm_fixdfsi.o)
                0x08000b68                __aeabi_d2iz
                0x08000b68                __fixdfsi
 .text          0x08000bb8       0x30 c:/programdata/chocolatey/lib/gcc-arm-embedded/tools/gcc-arm-none-eabi-10.3-2021.10/bin/../lib/gcc/arm-none-eabi/10.3.1/thumb/v7e-m+fp/hard\libgcc.a(_aeabi_uldivmod.o)
                0x08000bb8                __aeabi_uldivmod
 .text          0x08000be8      0x2d0 c:/programdata/chocolatey/lib/gcc-arm-embedded/tools/gcc-arm-none-eabi-10.3-2021.10/bin/../lib/gcc/arm-none-eabi/10.3.1/thumb/v7e-m+fp/hard\libgcc.a(_udivmoddi4.o)
                0x08000be8                __udivmoddi4
 .text          0x08000eb8        0x4 c:/programdata/chocolatey/lib/gcc-arm-embedded/tools/gcc-arm-none-eabi-10.3-2021.10/bin/../lib/gcc/arm-none-eabi/10.3.1/thumb/v7e-m+fp/hard\libgcc.a(_dvmd_tls.o)
                0x08000eb8                __aeabi_idiv0
                0x08000eb8                __aeabi_ldiv0
 *(.text*)
 .text.Error_Handler
                0x08000ebc        0x4 build/main.o
                0x08000ebc                Error_Handler
 .text.SystemClock_Config
                0x08000ec0       0x5e build/main.o
                0x08000ec0                SystemClock_Config
 *fill*         0x08000f1e        0x2 
 .text.main     0x08000f20      0x1e8 build/main.o
                0x08000f20                main
 .text.NMI_Handler
                0x08001108        0x2 build/stm32g4xx_it.o
                0x08001108                NMI_Handler
 .text.HardFault_Handler
                0x0800110a        0x2 build/stm32g4xx_it.o
                0x0800110a                HardFault_Handler
 .text.MemManage_Handler
                0x0800110c        0x2 build/stm32g4xx_it.o
                0x0800110c                MemManage_Handler
 .text.BusFault_Handler
                0x0800110e        0x2 build/stm32g4xx_it.o
                0x0800110e                BusFault_Handler
 .text.UsageFault_Handler
                0x08001110        0x2 build/stm32g4xx_it.o
                0x08001110                UsageFault_Handler
 .text.SVC_Handler
                0x08001112        0x2 build/stm32g4xx_it.o
                0x08001112                SVC_Handler
 .text.DebugMon_Handler
                0x08001114        0x2 build/stm32g4xx_it.o
                0x08001114                DebugMon_Handler
 .text.PendSV_Handler
                0x08001116        0x2 build/stm32g4xx_it.o
                0x08001116                PendSV_Handler
 .text.SysTick_Handler
                0x08001118        0x8 build/stm32g4xx_it.o
                0x08001118                SysTick_Handler
 .text.HAL_MspInit
                0x08001120       0x38 build/stm32g4xx_hal_msp.o
                0x08001120                HAL_MspInit
 .text.HAL_PWREx_ControlVoltageScaling
                0x08001158      0x10c build/stm32g4xx_hal_pwr_ex.o
                0x08001158                HAL_PWREx_ControlVoltageScaling
 .text.HAL_PWREx_DisableUCPDDeadBattery
                0x08001264       0x10 build/stm32g4xx_hal_pwr_ex.o
                0x08001264                HAL_PWREx_DisableUCPDDeadBattery
 .text.HAL_InitTick
                0x08001274       0x50 build/stm32g4xx_hal.o
                0x08001274                HAL_InitTick
 .text.HAL_Init
                0x080012c4       0x1e build/stm32g4xx_hal.o
                0x080012c4                HAL_Init
 *fill*         0x080012e2        0x2 
 .text.HAL_IncTick
                0x080012e4       0x18 build/stm32g4xx_hal.o
                0x080012e4                HAL_IncTick
 .text.HAL_GetTick
                0x080012fc        0xc build/stm32g4xx_hal.o
                0x080012fc                HAL_GetTick
 .text.HAL_Delay
                0x08001308       0x28 build/stm32g4xx_hal.o
                0x08001308                HAL_Delay
 .text.RCC_GetSysClockFreqFromPLLSource
                0x08001330       0x58 build/stm32g4xx_hal_rcc.o
 .text.HAL_RCC_OscConfig
                0x08001388      0x4e4 build/stm32g4xx_hal_rcc.o
                0x08001388                HAL_RCC_OscConfig
 .text.HAL_RCC_GetSysClockFreq
                0x0800186c       0x88 build/stm32g4xx_hal_rcc.o
                0x0800186c                HAL_RCC_GetSysClockFreq
 .text.HAL_RCC_ClockConfig
                0x080018f4      0x1f8 build/stm32g4xx_hal_rcc.o
                0x080018f4                HAL_RCC_ClockConfig
 .text.HAL_RCC_GetHCLKFreq
                0x08001aec        0xc build/stm32g4xx_hal_rcc.o
                0x08001aec                HAL_RCC_GetHCLKFreq
 .text.HAL_RCC_GetPCLK1Freq
                0x08001af8       0x24 build/stm32g4xx_hal_rcc.o
                0x08001af8                HAL_RCC_GetPCLK1Freq
 .text.HAL_RCC_GetPCLK2Freq
                0x08001b1c       0x24 build/stm32g4xx_hal_rcc.o
                0x08001b1c                HAL_RCC_GetPCLK2Freq
 .text.HAL_RCCEx_PeriphCLKConfig
                0x08001b40      0x35c build/stm32g4xx_hal_rcc_ex.o
                0x08001b40                HAL_RCCEx_PeriphCLKConfig
 .text.HAL_GPIO_Init
                0x08001e9c      0x1e0 build/stm32g4xx_hal_gpio.o
                0x08001e9c                HAL_GPIO_Init
 .text.HAL_GPIO_ReadPin
                0x0800207c        0xe build/stm32g4xx_hal_gpio.o
                0x0800207c                HAL_GPIO_ReadPin
 .text.HAL_GPIO_TogglePin
                0x0800208a       0x12 build/stm32g4xx_hal_gpio.o
                0x0800208a                HAL_GPIO_TogglePin
 .text.HAL_NVIC_SetPriorityGrouping
                0x0800209c       0x24 build/stm32g4xx_hal_cortex.o
                0x0800209c                HAL_NVIC_SetPriorityGrouping
 .text.HAL_NVIC_SetPriority
                0x080020c0       0x70 build/stm32g4xx_hal_cortex.o
                0x080020c0                HAL_NVIC_SetPriority
 .text.HAL_SYSTICK_Config
                0x08002130       0x28 build/stm32g4xx_hal_cortex.o
                0x08002130                HAL_SYSTICK_Config
 .text.SystemInit
                0x08002158       0x14 build/system_stm32g4xx.o
                0x08002158                SystemInit
 .text._sbrk    0x0800216c       0x48 build/sysmem.o
                0x0800216c                _sbrk
 .text._getpid  0x080021b4        0x4 build/syscalls.o
                0x080021b4                _getpid
 .text._kill    0x080021b8       0x10 build/syscalls.o
                0x080021b8                _kill
 .text._exit    0x080021c8        0xc build/syscalls.o
                0x080021c8                _exit
 .text._read    0x080021d4       0x20 build/syscalls.o
                0x080021d4                _read
 .text._write   0x080021f4       0x1c build/syscalls.o
                0x080021f4                _write
 .text._close   0x08002210        0x6 build/syscalls.o
                0x08002210                _close
 .text._fstat   0x08002216        0xa build/syscalls.o
                0x08002216                _fstat
 .text._isatty  0x08002220        0x4 build/syscalls.o
                0x08002220                _isatty
 .text._lseek   0x08002224        0x4 build/syscalls.o
                0x08002224                _lseek
 .text.HAL_ADC_MspInit
                0x08002228        0x2 build/stm32g4xx_hal_adc.o
                0x08002228                HAL_ADC_MspInit
 *fill*         0x0800222a        0x2 
 .text.HAL_ADC_Init
                0x0800222c      0x274 build/stm32g4xx_hal_adc.o
                0x0800222c                HAL_ADC_Init
 .text.HAL_ADC_PollForConversion
                0x080024a0      0x13c build/stm32g4xx_hal_adc.o
                0x080024a0                HAL_ADC_PollForConversion
 .text.HAL_ADC_GetValue
                0x080025dc        0x6 build/stm32g4xx_hal_adc.o
                0x080025dc                HAL_ADC_GetValue
 *fill*         0x080025e2        0x2 
 .text.HAL_ADC_ConfigChannel
                0x080025e4      0x510 build/stm32g4xx_hal_adc.o
                0x080025e4                HAL_ADC_ConfigChannel
 .text.ADC_Enable
                0x08002af4       0xf8 build/stm32g4xx_hal_adc.o
                0x08002af4                ADC_Enable
 .text.HAL_ADC_Start
                0x08002bec      0x110 build/stm32g4xx_hal_adc.o
                0x08002bec                HAL_ADC_Start
 .text.ADC_Disable
                0x08002cfc       0x94 build/stm32g4xx_hal_adc.o
                0x08002cfc                ADC_Disable
 .text.HAL_ADCEx_Calibration_Start
                0x08002d90       0x9c build/stm32g4xx_hal_adc_ex.o
                0x08002d90                HAL_ADCEx_Calibration_Start
 .text.UART_EndRxTransfer
                0x08002e2c       0x56 build/stm32g4xx_hal_uart.o
 .text.HAL_UART_MspInit
                0x08002e82        0x2 build/stm32g4xx_hal_uart.o
                0x08002e82                HAL_UART_MspInit
 .text.UART_SetConfig
                0x08002e84      0x388 build/stm32g4xx_hal_uart.o
                0x08002e84                UART_SetConfig
 .text.UART_AdvFeatureConfig
                0x0800320c       0xca build/stm32g4xx_hal_uart.o
                0x0800320c                UART_AdvFeatureConfig
 .text.UART_WaitOnFlagUntilTimeout
                0x080032d6       0xa2 build/stm32g4xx_hal_uart.o
                0x080032d6                UART_WaitOnFlagUntilTimeout
 .text.HAL_UART_Transmit
                0x08003378       0xe2 build/stm32g4xx_hal_uart.o
                0x08003378                HAL_UART_Transmit
 .text.UART_CheckIdleState
                0x0800345a       0xca build/stm32g4xx_hal_uart.o
                0x0800345a                UART_CheckIdleState
 .text.HAL_UART_Init
                0x08003524       0x66 build/stm32g4xx_hal_uart.o
                0x08003524                HAL_UART_Init
 *fill*         0x0800358a        0x2 
 .text.Reset_Handler
                0x0800358c       0x50 build/startup_stm32g491xx.o
                0x0800358c                Reset_Handler
 .text.Default_Handler
                0x080035dc        0x2 build/startup_stm32g491xx.o
                0x080035dc                RTC_Alarm_IRQHandler
                0x080035dc                EXTI2_IRQHandler
                0x080035dc                TIM8_TRG_COM_IRQHandler
                0x080035dc                TIM8_CC_IRQHandler
                0x080035dc                TIM1_CC_IRQHandler
                0x080035dc                USB_HP_IRQHandler
                0x080035dc                CORDIC_IRQHandler
                0x080035dc                DMA2_Channel8_IRQHandler
                0x080035dc                EXTI3_IRQHandler
                0x080035dc                I2C3_ER_IRQHandler
                0x080035dc                EXTI0_IRQHandler
                0x080035dc                I2C2_EV_IRQHandler
                0x080035dc                FPU_IRQHandler
                0x080035dc                FDCAN1_IT1_IRQHandler
                0x080035dc                TIM1_UP_TIM16_IRQHandler
                0x080035dc                ADC1_2_IRQHandler
                0x080035dc                SPI1_IRQHandler
                0x080035dc                TIM6_DAC_IRQHandler
                0x080035dc                TIM8_UP_IRQHandler
                0x080035dc                DMA2_Channel2_IRQHandler
                0x080035dc                DMA1_Channel4_IRQHandler
                0x080035dc                TIM20_TRG_COM_IRQHandler
                0x080035dc                USART3_IRQHandler
                0x080035dc                DMA1_Channel7_IRQHandler
                0x080035dc                UART5_IRQHandler
                0x080035dc                ADC3_IRQHandler
                0x080035dc                TIM4_IRQHandler
                0x080035dc                DMA2_Channel1_IRQHandler
                0x080035dc                QUADSPI_IRQHandler
                0x080035dc                I2C1_EV_IRQHandler
                0x080035dc                DMA1_Channel6_IRQHandler
                0x080035dc                UART4_IRQHandler
                0x080035dc                DMA2_Channel4_IRQHandler
                0x080035dc                TIM3_IRQHandler
                0x080035dc                RCC_IRQHandler
                0x080035dc                TIM20_UP_IRQHandler
                0x080035dc                DMA1_Channel1_IRQHandler
                0x080035dc                Default_Handler
                0x080035dc                DMA2_Channel7_IRQHandler
                0x080035dc                RTC_TAMP_LSECSS_IRQHandler
                0x080035dc                FMAC_IRQHandler
                0x080035dc                EXTI15_10_IRQHandler
                0x080035dc                DMA1_Channel8_IRQHandler
                0x080035dc                TIM7_IRQHandler
                0x080035dc                UCPD1_IRQHandler
                0x080035dc                I2C3_EV_IRQHandler
                0x080035dc                EXTI9_5_IRQHandler
                0x080035dc                RTC_WKUP_IRQHandler
                0x080035dc                PVD_PVM_IRQHandler
                0x080035dc                SPI2_IRQHandler
                0x080035dc                DMA2_Channel5_IRQHandler
                0x080035dc                CRS_IRQHandler
                0x080035dc                DMA1_Channel5_IRQHandler
                0x080035dc                USB_LP_IRQHandler
                0x080035dc                EXTI4_IRQHandler
                0x080035dc                RNG_IRQHandler
                0x080035dc                TIM1_TRG_COM_TIM17_IRQHandler
                0x080035dc                FDCAN2_IT1_IRQHandler
                0x080035dc                DMA1_Channel3_IRQHandler
                0x080035dc                WWDG_IRQHandler
                0x080035dc                FDCAN2_IT0_IRQHandler
                0x080035dc                LPUART1_IRQHandler
                0x080035dc                DMA2_Channel6_IRQHandler
                0x080035dc                FDCAN1_IT0_IRQHandler
                0x080035dc                TIM2_IRQHandler
                0x080035dc                COMP1_2_3_IRQHandler
                0x080035dc                EXTI1_IRQHandler
                0x080035dc                USART2_IRQHandler
                0x080035dc                TIM20_BRK_IRQHandler
                0x080035dc                I2C2_ER_IRQHandler
                0x080035dc                DMA1_Channel2_IRQHandler
                0x080035dc                TIM8_BRK_IRQHandler
                0x080035dc                FLASH_IRQHandler
                0x080035dc                TIM20_CC_IRQHandler
                0x080035dc                USART1_IRQHandler
                0x080035dc                SPI3_IRQHandler
                0x080035dc                I2C1_ER_IRQHandler
                0x080035dc                LPTIM1_IRQHandler
                0x080035dc                DMAMUX_OVR_IRQHandler
                0x080035dc                USBWakeUp_IRQHandler
                0x080035dc                SAI1_IRQHandler
                0x080035dc                DMA2_Channel3_IRQHandler
                0x080035dc                COMP4_IRQHandler
                0x080035dc                TIM1_BRK_TIM15_IRQHandler
 *fill*         0x080035de        0x2 
 .text.__errno  0x080035e0        0xc c:/programdata/chocolatey/lib/gcc-arm-embedded/tools/gcc-arm-none-eabi-10.3-2021.10/bin/../lib/gcc/arm-none-eabi/10.3.1/../../../../arm-none-eabi/lib/thumb/v7e-m+fp/hard\libc_nano.a(lib_a-errno.o)
                0x080035e0                __errno
 .text.__libc_init_array
                0x080035ec       0x48 c:/programdata/chocolatey/lib/gcc-arm-embedded/tools/gcc-arm-none-eabi-10.3-2021.10/bin/../lib/gcc/arm-none-eabi/10.3.1/../../../../arm-none-eabi/lib/thumb/v7e-m+fp/hard\libc_nano.a(lib_a-init.o)
                0x080035ec                __libc_init_array
 .text.memset   0x08003634       0x10 c:/programdata/chocolatey/lib/gcc-arm-embedded/tools/gcc-arm-none-eabi-10.3-2021.10/bin/../lib/gcc/arm-none-eabi/10.3.1/../../../../arm-none-eabi/lib/thumb/v7e-m+fp/hard\libc_nano.a(lib_a-memset.o)
                0x08003634                memset
 .text.__cvt    0x08003644       0xc4 c:/programdata/chocolatey/lib/gcc-arm-embedded/tools/gcc-arm-none-eabi-10.3-2021.10/bin/../lib/gcc/arm-none-eabi/10.3.1/../../../../arm-none-eabi/lib/thumb/v7e-m+fp/hard\libc_nano.a(lib_a-nano-vfprintf_float.o)
                0x08003644                __cvt
 .text.__exponent
                0x08003708       0x7c c:/programdata/chocolatey/lib/gcc-arm-embedded/tools/gcc-arm-none-eabi-10.3-2021.10/bin/../lib/gcc/arm-none-eabi/10.3.1/../../../../arm-none-eabi/lib/thumb/v7e-m+fp/hard\libc_nano.a(lib_a-nano-vfprintf_float.o)
                0x08003708                __exponent
 .text._printf_float
                0x08003784      0x46c c:/programdata/chocolatey/lib/gcc-arm-embedded/tools/gcc-arm-none-eabi-10.3-2021.10/bin/../lib/gcc/arm-none-eabi/10.3.1/../../../../arm-none-eabi/lib/thumb/v7e-m+fp/hard\libc_nano.a(lib_a-nano-vfprintf_float.o)
                0x08003784                _printf_float
 .text._printf_common
                0x08003bf0       0xda c:/programdata/chocolatey/lib/gcc-arm-embedded/tools/gcc-arm-none-eabi-10.3-2021.10/bin/../lib/gcc/arm-none-eabi/10.3.1/../../../../arm-none-eabi/lib/thumb/v7e-m+fp/hard\libc_nano.a(lib_a-nano-vfprintf_i.o)
                0x08003bf0                _printf_common
 *fill*         0x08003cca        0x2 
 .text._printf_i
                0x08003ccc      0x24c c:/programdata/chocolatey/lib/gcc-arm-embedded/tools/gcc-arm-none-eabi-10.3-2021.10/bin/../lib/gcc/arm-none-eabi/10.3.1/../../../../arm-none-eabi/lib/thumb/v7e-m+fp/hard\libc_nano.a(lib_a-nano-vfprintf_i.o)
                0x08003ccc                _printf_i
 .text.snprintf
                0x08003f18       0x68 c:/programdata/chocolatey/lib/gcc-arm-embedded/tools/gcc-arm-none-eabi-10.3-2021.10/bin/../lib/gcc/arm-none-eabi/10.3.1/../../../../arm-none-eabi/lib/thumb/v7e-m+fp/hard\libc_nano.a(lib_a-snprintf.o)
                0x08003f18                sniprintf
                0x08003f18                snprintf
 .text.quorem   0x08003f80      0x116 c:/programdata/chocolatey/lib/gcc-arm-embedded/tools/gcc-arm-none-eabi-10.3-2021.10/bin/../lib/gcc/arm-none-eabi/10.3.1/../../../../arm-none-eabi/lib/thumb/v7e-m+fp/hard\libc_nano.a(lib_a-dtoa.o)
 *fill*         0x08004096        0x2 
 .text._dtoa_r  0x08004098      0xbdc c:/programdata/chocolatey/lib/gcc-arm-embedded/tools/gcc-arm-none-eabi-10.3-2021.10/bin/../lib/gcc/arm-none-eabi/10.3.1/../../../../arm-none-eabi/lib/thumb/v7e-m+fp/hard\libc_nano.a(lib_a-dtoa.o)
                0x08004098                _dtoa_r
 .text._localeconv_r
                0x08004c74        0x8 c:/programdata/chocolatey/lib/gcc-arm-embedded/tools/gcc-arm-none-eabi-10.3-2021.10/bin/../lib/gcc/arm-none-eabi/10.3.1/../../../../arm-none-eabi/lib/thumb/v7e-m+fp/hard\libc_nano.a(lib_a-localeconv.o)
                0x08004c74                _localeconv_r
 .text.malloc   0x08004c7c       0x10 c:/programdata/chocolatey/lib/gcc-arm-embedded/tools/gcc-arm-none-eabi-10.3-2021.10/bin/../lib/gcc/arm-none-eabi/10.3.1/../../../../arm-none-eabi/lib/thumb/v7e-m+fp/hard\libc_nano.a(lib_a-malloc.o)
                0x08004c7c                malloc
 .text.memcpy   0x08004c8c       0x1c c:/programdata/chocolatey/lib/gcc-arm-embedded/tools/gcc-arm-none-eabi-10.3-2021.10/bin/../lib/gcc/arm-none-eabi/10.3.1/../../../../arm-none-eabi/lib/thumb/v7e-m+fp/hard\libc_nano.a(lib_a-memcpy-stub.o)
                0x08004c8c                memcpy
 .text._Balloc  0x08004ca8       0x80 c:/programdata/chocolatey/lib/gcc-arm-embedded/tools/gcc-arm-none-eabi-10.3-2021.10/bin/../lib/gcc/arm-none-eabi/10.3.1/../../../../arm-none-eabi/lib/thumb/v7e-m+fp/hard\libc_nano.a(lib_a-mprec.o)
                0x08004ca8                _Balloc
 .text._Bfree   0x08004d28       0x44 c:/programdata/chocolatey/lib/gcc-arm-embedded/tools/gcc-arm-none-eabi-10.3-2021.10/bin/../lib/gcc/arm-none-eabi/10.3.1/../../../../arm-none-eabi/lib/thumb/v7e-m+fp/hard\libc_nano.a(lib_a-mprec.o)
                0x08004d28                _Bfree
 .text.__multadd
                0x08004d6c       0x8c c:/programdata/chocolatey/lib/gcc-arm-embedded/tools/gcc-arm-none-eabi-10.3-2021.10/bin/../lib/gcc/arm-none-eabi/10.3.1/../../../../arm-none-eabi/lib/thumb/v7e-m+fp/hard\libc_nano.a(lib_a-mprec.o)
                0x08004d6c                __multadd
 .text.__hi0bits
                0x08004df8       0x40 c:/programdata/chocolatey/lib/gcc-arm-embedded/tools/gcc-arm-none-eabi-10.3-2021.10/bin/../lib/gcc/arm-none-eabi/10.3.1/../../../../arm-none-eabi/lib/thumb/v7e-m+fp/hard\libc_nano.a(lib_a-mprec.o)
                0x08004df8                __hi0bits
 .text.__lo0bits
                0x08004e38       0x5e c:/programdata/chocolatey/lib/gcc-arm-embedded/tools/gcc-arm-none-eabi-10.3-2021.10/bin/../lib/gcc/arm-none-eabi/10.3.1/../../../../arm-none-eabi/lib/thumb/v7e-m+fp/hard\libc_nano.a(lib_a-mprec.o)
                0x08004e38                __lo0bits
 *fill*         0x08004e96        0x2 
 .text.__i2b    0x08004e98       0x2c c:/programdata/chocolatey/lib/gcc-arm-embedded/tools/gcc-arm-none-eabi-10.3-2021.10/bin/../lib/gcc/arm-none-eabi/10.3.1/../../../../arm-none-eabi/lib/thumb/v7e-m+fp/hard\libc_nano.a(lib_a-mprec.o)
                0x08004e98                __i2b
 .text.__multiply
                0x08004ec4      0x154 c:/programdata/chocolatey/lib/gcc-arm-embedded/tools/gcc-arm-none-eabi-10.3-2021.10/bin/../lib/gcc/arm-none-eabi/10.3.1/../../../../arm-none-eabi/lib/thumb/v7e-m+fp/hard\libc_nano.a(lib_a-mprec.o)
                0x08004ec4                __multiply
 .text.__pow5mult
                0x08005018       0xb4 c:/programdata/chocolatey/lib/gcc-arm-embedded/tools/gcc-arm-none-eabi-10.3-2021.10/bin/../lib/gcc/arm-none-eabi/10.3.1/../../../../arm-none-eabi/lib/thumb/v7e-m+fp/hard\libc_nano.a(lib_a-mprec.o)
                0x08005018                __pow5mult
 .text.__lshift
                0x080050cc       0xe0 c:/programdata/chocolatey/lib/gcc-arm-embedded/tools/gcc-arm-none-eabi-10.3-2021.10/bin/../lib/gcc/arm-none-eabi/10.3.1/../../../../arm-none-eabi/lib/thumb/v7e-m+fp/hard\libc_nano.a(lib_a-mprec.o)
                0x080050cc                __lshift
 .text.__mcmp   0x080051ac       0x38 c:/programdata/chocolatey/lib/gcc-arm-embedded/tools/gcc-arm-none-eabi-10.3-2021.10/bin/../lib/gcc/arm-none-eabi/10.3.1/../../../../arm-none-eabi/lib/thumb/v7e-m+fp/hard\libc_nano.a(lib_a-mprec.o)
                0x080051ac                __mcmp
 .text.__mdiff  0x080051e4      0x114 c:/programdata/chocolatey/lib/gcc-arm-embedded/tools/gcc-arm-none-eabi-10.3-2021.10/bin/../lib/gcc/arm-none-eabi/10.3.1/../../../../arm-none-eabi/lib/thumb/v7e-m+fp/hard\libc_nano.a(lib_a-mprec.o)
                0x080051e4                __mdiff
 .text.__d2b    0x080052f8       0xb8 c:/programdata/chocolatey/lib/gcc-arm-embedded/tools/gcc-arm-none-eabi-10.3-2021.10/bin/../lib/gcc/arm-none-eabi/10.3.1/../../../../arm-none-eabi/lib/thumb/v7e-m+fp/hard\libc_nano.a(lib_a-mprec.o)
                0x080052f8                __d2b
 .text._calloc_r
                0x080053b0       0x2c c:/programdata/chocolatey/lib/gcc-arm-embedded/tools/gcc-arm-none-eabi-10.3-2021.10/bin/../lib/gcc/arm-none-eabi/10.3.1/../../../../arm-none-eabi/lib/thumb/v7e-m+fp/hard\libc_nano.a(lib_a-nano-callocr.o)
                0x080053b0                _calloc_r
 .text._free_r  0x080053dc       0x98 c:/programdata/chocolatey/lib/gcc-arm-embedded/tools/gcc-arm-none-eabi-10.3-2021.10/bin/../lib/gcc/arm-none-eabi/10.3.1/../../../../arm-none-eabi/lib/thumb/v7e-m+fp/hard\libc_nano.a(lib_a-nano-freer.o)
                0x080053dc                _free_r
 .text.sbrk_aligned
                0x08005474       0x40 c:/programdata/chocolatey/lib/gcc-arm-embedded/tools/gcc-arm-none-eabi-10.3-2021.10/bin/../lib/gcc/arm-none-eabi/10.3.1/../../../../arm-none-eabi/lib/thumb/v7e-m+fp/hard\libc_nano.a(lib_a-nano-mallocr.o)
 .text._malloc_r
                0x080054b4       0xe8 c:/programdata/chocolatey/lib/gcc-arm-embedded/tools/gcc-arm-none-eabi-10.3-2021.10/bin/../lib/gcc/arm-none-eabi/10.3.1/../../../../arm-none-eabi/lib/thumb/v7e-m+fp/hard\libc_nano.a(lib_a-nano-mallocr.o)
                0x080054b4                _malloc_r
 .text.__ssputs_r
                0x0800559c       0xb6 c:/programdata/chocolatey/lib/gcc-arm-embedded/tools/gcc-arm-none-eabi-10.3-2021.10/bin/../lib/gcc/arm-none-eabi/10.3.1/../../../../arm-none-eabi/lib/thumb/v7e-m+fp/hard\libc_nano.a(lib_a-nano-svfprintf.o)
                0x0800559c                __ssputs_r
 *fill*         0x08005652        0x2 
 .text._svfprintf_r
                0x08005654      0x200 c:/programdata/chocolatey/lib/gcc-arm-embedded/tools/gcc-arm-none-eabi-10.3-2021.10/bin/../lib/gcc/arm-none-eabi/10.3.1/../../../../arm-none-eabi/lib/thumb/v7e-m+fp/hard\libc_nano.a(lib_a-nano-svfprintf.o)
                0x08005654                _svfiprintf_r
                0x08005654                _svfprintf_r
 .text._sbrk_r  0x08005854       0x20 c:/programdata/chocolatey/lib/gcc-arm-embedded/tools/gcc-arm-none-eabi-10.3-2021.10/bin/../lib/gcc/arm-none-eabi/10.3.1/../../../../arm-none-eabi/lib/thumb/v7e-m+fp/hard\libc_nano.a(lib_a-sbrkr.o)
                0x08005854                _sbrk_r
 .text.__assert_func
                0x08005874       0x3c c:/programdata/chocolatey/lib/gcc-arm-embedded/tools/gcc-arm-none-eabi-10.3-2021.10/bin/../lib/gcc/arm-none-eabi/10.3.1/../../../../arm-none-eabi/lib/thumb/v7e-m+fp/hard\libc_nano.a(lib_a-assert.o)
                0x08005874                __assert_func
 .text.fprintf  0x080058b0       0x24 c:/programdata/chocolatey/lib/gcc-arm-embedded/tools/gcc-arm-none-eabi-10.3-2021.10/bin/../lib/gcc/arm-none-eabi/10.3.1/../../../../arm-none-eabi/lib/thumb/v7e-m+fp/hard\libc_nano.a(lib_a-fprintf.o)
                0x080058b0                fiprintf
                0x080058b0                fprintf
 .text.__ascii_mbtowc
                0x080058d4       0x24 c:/programdata/chocolatey/lib/gcc-arm-embedded/tools/gcc-arm-none-eabi-10.3-2021.10/bin/../lib/gcc/arm-none-eabi/10.3.1/../../../../arm-none-eabi/lib/thumb/v7e-m+fp/hard\libc_nano.a(lib_a-mbtowc_r.o)
                0x080058d4                __ascii_mbtowc
 .text.memmove  0x080058f8       0x34 c:/programdata/chocolatey/lib/gcc-arm-embedded/tools/gcc-arm-none-eabi-10.3-2021.10/bin/../lib/gcc/arm-none-eabi/10.3.1/../../../../arm-none-eabi/lib/thumb/v7e-m+fp/hard\libc_nano.a(lib_a-memmove.o)
                0x080058f8                memmove
 .text.__malloc_lock
                0x0800592c        0xc c:/programdata/chocolatey/lib/gcc-arm-embedded/tools/gcc-arm-none-eabi-10.3-2021.10/bin/../lib/gcc/arm-none-eabi/10.3.1/../../../../arm-none-eabi/lib/thumb/v7e-m+fp/hard\libc_nano.a(lib_a-mlock.o)
                0x0800592c                __malloc_lock
 .text.__malloc_unlock
                0x08005938        0xc c:/programdata/chocolatey/lib/gcc-arm-embedded/tools/gcc-arm-none-eabi-10.3-2021.10/bin/../lib/gcc/arm-none-eabi/10.3.1/../../../../arm-none-eabi/lib/thumb/v7e-m+fp/hard\libc_nano.a(lib_a-mlock.o)
                0x08005938                __malloc_unlock
 .text._realloc_r
                0x08005944       0x5e c:/programdata/chocolatey/lib/gcc-arm-embedded/tools/gcc-arm-none-eabi-10.3-2021.10/bin/../lib/gcc/arm-none-eabi/10.3.1/../../../../arm-none-eabi/lib/thumb/v7e-m+fp/hard\libc_nano.a(lib_a-nano-reallocr.o)
                0x08005944                _realloc_r
 .text.__sfputc_r
                0x080059a2       0x2e c:/programdata/chocolatey/lib/gcc-arm-embedded/tools/gcc-arm-none-eabi-10.3-2021.10/bin/../lib/gcc/arm-none-eabi/10.3.1/../../../../arm-none-eabi/lib/thumb/v7e-m+fp/hard\libc_nano.a(lib_a-nano-vfprintf.o)
 .text.__sfputs_r
                0x080059d0       0x24 c:/programdata/chocolatey/lib/gcc-arm-embedded/tools/gcc-arm-none-eabi-10.3-2021.10/bin/../lib/gcc/arm-none-eabi/10.3.1/../../../../arm-none-eabi/lib/thumb/v7e-m+fp/hard\libc_nano.a(lib_a-nano-vfprintf.o)
                0x080059d0                __sfputs_r
 .text._vfprintf_r
                0x080059f4      0x260 c:/programdata/chocolatey/lib/gcc-arm-embedded/tools/gcc-arm-none-eabi-10.3-2021.10/bin/../lib/gcc/arm-none-eabi/10.3.1/../../../../arm-none-eabi/lib/thumb/v7e-m+fp/hard\libc_nano.a(lib_a-nano-vfprintf.o)
                0x080059f4                _vfprintf_r
                0x080059f4                _vfiprintf_r
 .text.__swbuf_r
                0x08005c54       0xa4 c:/programdata/chocolatey/lib/gcc-arm-embedded/tools/gcc-arm-none-eabi-10.3-2021.10/bin/../lib/gcc/arm-none-eabi/10.3.1/../../../../arm-none-eabi/lib/thumb/v7e-m+fp/hard\libc_nano.a(lib_a-wbuf.o)
                0x08005c54                __swbuf_r
 .text.__ascii_wctomb
                0x08005cf8       0x1a c:/programdata/chocolatey/lib/gcc-arm-embedded/tools/gcc-arm-none-eabi-10.3-2021.10/bin/../lib/gcc/arm-none-eabi/10.3.1/../../../../arm-none-eabi/lib/thumb/v7e-m+fp/hard\libc_nano.a(lib_a-wctomb_r.o)
                0x08005cf8                __ascii_wctomb
 *fill*         0x08005d12        0x2 
 .text.__swsetup_r
                0x08005d14       0xdc c:/programdata/chocolatey/lib/gcc-arm-embedded/tools/gcc-arm-none-eabi-10.3-2021.10/bin/../lib/gcc/arm-none-eabi/10.3.1/../../../../arm-none-eabi/lib/thumb/v7e-m+fp/hard\libc_nano.a(lib_a-wsetup.o)
                0x08005d14                __swsetup_r
 .text.abort    0x08005df0        0xe c:/programdata/chocolatey/lib/gcc-arm-embedded/tools/gcc-arm-none-eabi-10.3-2021.10/bin/../lib/gcc/arm-none-eabi/10.3.1/../../../../arm-none-eabi/lib/thumb/v7e-m+fp/hard\libc_nano.a(lib_a-abort.o)
                0x08005df0                abort
 *fill*         0x08005dfe        0x2 
 .text.__sflush_r
                0x08005e00      0x10c c:/programdata/chocolatey/lib/gcc-arm-embedded/tools/gcc-arm-none-eabi-10.3-2021.10/bin/../lib/gcc/arm-none-eabi/10.3.1/../../../../arm-none-eabi/lib/thumb/v7e-m+fp/hard\libc_nano.a(lib_a-fflush.o)
                0x08005e00                __sflush_r
 .text._fflush_r
                0x08005f0c       0x78 c:/programdata/chocolatey/lib/gcc-arm-embedded/tools/gcc-arm-none-eabi-10.3-2021.10/bin/../lib/gcc/arm-none-eabi/10.3.1/../../../../arm-none-eabi/lib/thumb/v7e-m+fp/hard\libc_nano.a(lib_a-fflush.o)
                0x08005f0c                _fflush_r
 .text.std      0x08005f84       0x48 c:/programdata/chocolatey/lib/gcc-arm-embedded/tools/gcc-arm-none-eabi-10.3-2021.10/bin/../lib/gcc/arm-none-eabi/10.3.1/../../../../arm-none-eabi/lib/thumb/v7e-m+fp/hard\libc_nano.a(lib_a-findfp.o)
 .text._cleanup_r
                0x08005fcc        0xc c:/programdata/chocolatey/lib/gcc-arm-embedded/tools/gcc-arm-none-eabi-10.3-2021.10/bin/../lib/gcc/arm-none-eabi/10.3.1/../../../../arm-none-eabi/lib/thumb/v7e-m+fp/hard\libc_nano.a(lib_a-findfp.o)
                0x08005fcc                _cleanup_r
 .text.__sfmoreglue
                0x08005fd8       0x2c c:/programdata/chocolatey/lib/gcc-arm-embedded/tools/gcc-arm-none-eabi-10.3-2021.10/bin/../lib/gcc/arm-none-eabi/10.3.1/../../../../arm-none-eabi/lib/thumb/v7e-m+fp/hard\libc_nano.a(lib_a-findfp.o)
                0x08005fd8                __sfmoreglue
 .text.__sfp_lock_acquire
                0x08006004        0xc c:/programdata/chocolatey/lib/gcc-arm-embedded/tools/gcc-arm-none-eabi-10.3-2021.10/bin/../lib/gcc/arm-none-eabi/10.3.1/../../../../arm-none-eabi/lib/thumb/v7e-m+fp/hard\libc_nano.a(lib_a-findfp.o)
                0x08006004                __sfp_lock_acquire
 .text.__sfp_lock_release
                0x08006010        0xc c:/programdata/chocolatey/lib/gcc-arm-embedded/tools/gcc-arm-none-eabi-10.3-2021.10/bin/../lib/gcc/arm-none-eabi/10.3.1/../../../../arm-none-eabi/lib/thumb/v7e-m+fp/hard\libc_nano.a(lib_a-findfp.o)
                0x08006010                __sfp_lock_release
 .text.__sinit_lock_acquire
                0x0800601c        0xc c:/programdata/chocolatey/lib/gcc-arm-embedded/tools/gcc-arm-none-eabi-10.3-2021.10/bin/../lib/gcc/arm-none-eabi/10.3.1/../../../../arm-none-eabi/lib/thumb/v7e-m+fp/hard\libc_nano.a(lib_a-findfp.o)
                0x0800601c                __sinit_lock_acquire
 .text.__sinit_lock_release
                0x08006028        0xc c:/programdata/chocolatey/lib/gcc-arm-embedded/tools/gcc-arm-none-eabi-10.3-2021.10/bin/../lib/gcc/arm-none-eabi/10.3.1/../../../../arm-none-eabi/lib/thumb/v7e-m+fp/hard\libc_nano.a(lib_a-findfp.o)
                0x08006028                __sinit_lock_release
 .text.__sinit  0x08006034       0x70 c:/programdata/chocolatey/lib/gcc-arm-embedded/tools/gcc-arm-none-eabi-10.3-2021.10/bin/../lib/gcc/arm-none-eabi/10.3.1/../../../../arm-none-eabi/lib/thumb/v7e-m+fp/hard\libc_nano.a(lib_a-findfp.o)
                0x08006034                __sinit
 .text.__sfp    0x080060a4       0x8c c:/programdata/chocolatey/lib/gcc-arm-embedded/tools/gcc-arm-none-eabi-10.3-2021.10/bin/../lib/gcc/arm-none-eabi/10.3.1/../../../../arm-none-eabi/lib/thumb/v7e-m+fp/hard\libc_nano.a(lib_a-findfp.o)
                0x080060a4                __sfp
 .text._fwalk_reent
                0x08006130       0x3e c:/programdata/chocolatey/lib/gcc-arm-embedded/tools/gcc-arm-none-eabi-10.3-2021.10/bin/../lib/gcc/arm-none-eabi/10.3.1/../../../../arm-none-eabi/lib/thumb/v7e-m+fp/hard\libc_nano.a(lib_a-fwalk.o)
                0x08006130                _fwalk_reent
 .text.__retarget_lock_init_recursive
                0x0800616e        0x2 c:/programdata/chocolatey/lib/gcc-arm-embedded/tools/gcc-arm-none-eabi-10.3-2021.10/bin/../lib/gcc/arm-none-eabi/10.3.1/../../../../arm-none-eabi/lib/thumb/v7e-m+fp/hard\libc_nano.a(lib_a-lock.o)
                0x0800616e                __retarget_lock_init_recursive
 .text.__retarget_lock_acquire_recursive
                0x08006170        0x2 c:/programdata/chocolatey/lib/gcc-arm-embedded/tools/gcc-arm-none-eabi-10.3-2021.10/bin/../lib/gcc/arm-none-eabi/10.3.1/../../../../arm-none-eabi/lib/thumb/v7e-m+fp/hard\libc_nano.a(lib_a-lock.o)
                0x08006170                __retarget_lock_acquire_recursive
 .text.__retarget_lock_release_recursive
                0x08006172        0x2 c:/programdata/chocolatey/lib/gcc-arm-embedded/tools/gcc-arm-none-eabi-10.3-2021.10/bin/../lib/gcc/arm-none-eabi/10.3.1/../../../../arm-none-eabi/lib/thumb/v7e-m+fp/hard\libc_nano.a(lib_a-lock.o)
                0x08006172                __retarget_lock_release_recursive
 .text.__swhatbuf_r
                0x08006174       0x4a c:/programdata/chocolatey/lib/gcc-arm-embedded/tools/gcc-arm-none-eabi-10.3-2021.10/bin/../lib/gcc/arm-none-eabi/10.3.1/../../../../arm-none-eabi/lib/thumb/v7e-m+fp/hard\libc_nano.a(lib_a-makebuf.o)
                0x08006174                __swhatbuf_r
 *fill*         0x080061be        0x2 
 .text.__smakebuf_r
                0x080061c0       0x80 c:/programdata/chocolatey/lib/gcc-arm-embedded/tools/gcc-arm-none-eabi-10.3-2021.10/bin/../lib/gcc/arm-none-eabi/10.3.1/../../../../arm-none-eabi/lib/thumb/v7e-m+fp/hard\libc_nano.a(lib_a-makebuf.o)
                0x080061c0                __smakebuf_r
 .text._malloc_usable_size_r
                0x08006240       0x10 c:/programdata/chocolatey/lib/gcc-arm-embedded/tools/gcc-arm-none-eabi-10.3-2021.10/bin/../lib/gcc/arm-none-eabi/10.3.1/../../../../arm-none-eabi/lib/thumb/v7e-m+fp/hard\libc_nano.a(lib_a-nano-msizer.o)
                0x08006240                _malloc_usable_size_r
 .text._raise_r
                0x08006250       0x50 c:/programdata/chocolatey/lib/gcc-arm-embedded/tools/gcc-arm-none-eabi-10.3-2021.10/bin/../lib/gcc/arm-none-eabi/10.3.1/../../../../arm-none-eabi/lib/thumb/v7e-m+fp/hard\libc_nano.a(lib_a-signal.o)
                0x08006250                _raise_r
 .text.raise    0x080062a0       0x10 c:/programdata/chocolatey/lib/gcc-arm-embedded/tools/gcc-arm-none-eabi-10.3-2021.10/bin/../lib/gcc/arm-none-eabi/10.3.1/../../../../arm-none-eabi/lib/thumb/v7e-m+fp/hard\libc_nano.a(lib_a-signal.o)
                0x080062a0                raise
 .text._kill_r  0x080062b0       0x24 c:/programdata/chocolatey/lib/gcc-arm-embedded/tools/gcc-arm-none-eabi-10.3-2021.10/bin/../lib/gcc/arm-none-eabi/10.3.1/../../../../arm-none-eabi/lib/thumb/v7e-m+fp/hard\libc_nano.a(lib_a-signalr.o)
                0x080062b0                _kill_r
 .text._getpid_r
                0x080062d4        0x4 c:/programdata/chocolatey/lib/gcc-arm-embedded/tools/gcc-arm-none-eabi-10.3-2021.10/bin/../lib/gcc/arm-none-eabi/10.3.1/../../../../arm-none-eabi/lib/thumb/v7e-m+fp/hard\libc_nano.a(lib_a-signalr.o)
                0x080062d4                _getpid_r
 .text.__sread  0x080062d8       0x22 c:/programdata/chocolatey/lib/gcc-arm-embedded/tools/gcc-arm-none-eabi-10.3-2021.10/bin/../lib/gcc/arm-none-eabi/10.3.1/../../../../arm-none-eabi/lib/thumb/v7e-m+fp/hard\libc_nano.a(lib_a-stdio.o)
                0x080062d8                __sread
 .text.__swrite
                0x080062fa       0x38 c:/programdata/chocolatey/lib/gcc-arm-embedded/tools/gcc-arm-none-eabi-10.3-2021.10/bin/../lib/gcc/arm-none-eabi/10.3.1/../../../../arm-none-eabi/lib/thumb/v7e-m+fp/hard\libc_nano.a(lib_a-stdio.o)
                0x080062fa                __swrite
 .text.__sseek  0x08006332       0x24 c:/programdata/chocolatey/lib/gcc-arm-embedded/tools/gcc-arm-none-eabi-10.3-2021.10/bin/../lib/gcc/arm-none-eabi/10.3.1/../../../../arm-none-eabi/lib/thumb/v7e-m+fp/hard\libc_nano.a(lib_a-stdio.o)
                0x08006332                __sseek
 .text.__sclose
                0x08006356        0x8 c:/programdata/chocolatey/lib/gcc-arm-embedded/tools/gcc-arm-none-eabi-10.3-2021.10/bin/../lib/gcc/arm-none-eabi/10.3.1/../../../../arm-none-eabi/lib/thumb/v7e-m+fp/hard\libc_nano.a(lib_a-stdio.o)
                0x08006356                __sclose
 *fill*         0x0800635e        0x2 
 .text._write_r
                0x08006360       0x24 c:/programdata/chocolatey/lib/gcc-arm-embedded/tools/gcc-arm-none-eabi-10.3-2021.10/bin/../lib/gcc/arm-none-eabi/10.3.1/../../../../arm-none-eabi/lib/thumb/v7e-m+fp/hard\libc_nano.a(lib_a-writer.o)
                0x08006360                _write_r
 .text._close_r
                0x08006384       0x20 c:/programdata/chocolatey/lib/gcc-arm-embedded/tools/gcc-arm-none-eabi-10.3-2021.10/bin/../lib/gcc/arm-none-eabi/10.3.1/../../../../arm-none-eabi/lib/thumb/v7e-m+fp/hard\libc_nano.a(lib_a-closer.o)
                0x08006384                _close_r
 .text._fstat_r
                0x080063a4       0x24 c:/programdata/chocolatey/lib/gcc-arm-embedded/tools/gcc-arm-none-eabi-10.3-2021.10/bin/../lib/gcc/arm-none-eabi/10.3.1/../../../../arm-none-eabi/lib/thumb/v7e-m+fp/hard\libc_nano.a(lib_a-fstatr.o)
                0x080063a4                _fstat_r
 .text._isatty_r
                0x080063c8       0x20 c:/programdata/chocolatey/lib/gcc-arm-embedded/tools/gcc-arm-none-eabi-10.3-2021.10/bin/../lib/gcc/arm-none-eabi/10.3.1/../../../../arm-none-eabi/lib/thumb/v7e-m+fp/hard\libc_nano.a(lib_a-isattyr.o)
                0x080063c8                _isatty_r
 .text._lseek_r
                0x080063e8       0x24 c:/programdata/chocolatey/lib/gcc-arm-embedded/tools/gcc-arm-none-eabi-10.3-2021.10/bin/../lib/gcc/arm-none-eabi/10.3.1/../../../../arm-none-eabi/lib/thumb/v7e-m+fp/hard\libc_nano.a(lib_a-lseekr.o)
                0x080063e8                _lseek_r
 .text._read_r  0x0800640c       0x24 c:/programdata/chocolatey/lib/gcc-arm-embedded/tools/gcc-arm-none-eabi-10.3-2021.10/bin/../lib/gcc/arm-none-eabi/10.3.1/../../../../arm-none-eabi/lib/thumb/v7e-m+fp/hard\libc_nano.a(lib_a-readr.o)
                0x0800640c                _read_r
 *(.glue_7)
 .glue_7        0x08006430        0x0 linker stubs
 *(.glue_7t)
 .glue_7t       0x08006430        0x0 linker stubs
 *(.eh_frame)
 *(.init)
 .init          0x08006430        0x4 c:/programdata/chocolatey/lib/gcc-arm-embedded/tools/gcc-arm-none-eabi-10.3-2021.10/bin/../lib/gcc/arm-none-eabi/10.3.1/thumb/v7e-m+fp/hard/crti.o
                0x08006430                _init
 .init          0x08006434        0x8 c:/programdata/chocolatey/lib/gcc-arm-embedded/tools/gcc-arm-none-eabi-10.3-2021.10/bin/../lib/gcc/arm-none-eabi/10.3.1/thumb/v7e-m+fp/hard/crtn.o
 *(.fini)
 .fini          0x0800643c        0x4 c:/programdata/chocolatey/lib/gcc-arm-embedded/tools/gcc-arm-none-eabi-10.3-2021.10/bin/../lib/gcc/arm-none-eabi/10.3.1/thumb/v7e-m+fp/hard/crti.o
                0x0800643c                _fini
 .fini          0x08006440        0x8 c:/programdata/chocolatey/lib/gcc-arm-embedded/tools/gcc-arm-none-eabi-10.3-2021.10/bin/../lib/gcc/arm-none-eabi/10.3.1/thumb/v7e-m+fp/hard/crtn.o
                0x08006448                . = ALIGN (0x4)
                0x08006448                _etext = .

.vfp11_veneer   0x08006448        0x0
 .vfp11_veneer  0x08006448        0x0 linker stubs

.v4_bx          0x08006448        0x0
 .v4_bx         0x08006448        0x0 linker stubs

.iplt           0x08006448        0x0
 .iplt          0x08006448        0x0 build/main.o

.rodata         0x08006448      0x484
                0x08006448                . = ALIGN (0x4)
 *(.rodata)
 *(.rodata*)
 .rodata.main.str1.4
                0x08006448       0x34 build/main.o
 .rodata.AHBPrescTable
                0x0800647c       0x10 build/system_stm32g4xx.o
                0x0800647c                AHBPrescTable
 .rodata.APBPrescTable
                0x0800648c        0x8 build/system_stm32g4xx.o
                0x0800648c                APBPrescTable
 .rodata.UARTPrescTable
                0x08006494       0x18 build/stm32g4xx_hal_uart.o
                0x08006494                UARTPrescTable
 .rodata._global_impure_ptr
                0x080064ac        0x4 c:/programdata/chocolatey/lib/gcc-arm-embedded/tools/gcc-arm-none-eabi-10.3-2021.10/bin/../lib/gcc/arm-none-eabi/10.3.1/../../../../arm-none-eabi/lib/thumb/v7e-m+fp/hard\libc_nano.a(lib_a-impure.o)
                0x080064ac                _global_impure_ptr
 .rodata._printf_float.str1.1
                0x080064b0       0x12 c:/programdata/chocolatey/lib/gcc-arm-embedded/tools/gcc-arm-none-eabi-10.3-2021.10/bin/../lib/gcc/arm-none-eabi/10.3.1/../../../../arm-none-eabi/lib/thumb/v7e-m+fp/hard\libc_nano.a(lib_a-nano-vfprintf_float.o)
 .rodata._printf_i.str1.1
                0x080064c2       0x22 c:/programdata/chocolatey/lib/gcc-arm-embedded/tools/gcc-arm-none-eabi-10.3-2021.10/bin/../lib/gcc/arm-none-eabi/10.3.1/../../../../arm-none-eabi/lib/thumb/v7e-m+fp/hard\libc_nano.a(lib_a-nano-vfprintf_i.o)
 .rodata._dtoa_r.str1.1
                0x080064e4       0xb3 c:/programdata/chocolatey/lib/gcc-arm-embedded/tools/gcc-arm-none-eabi-10.3-2021.10/bin/../lib/gcc/arm-none-eabi/10.3.1/../../../../arm-none-eabi/lib/thumb/v7e-m+fp/hard\libc_nano.a(lib_a-dtoa.o)
                                 0xb5 (size before relaxing)
 .rodata._Balloc.str1.1
                0x08006597       0x7f c:/programdata/chocolatey/lib/gcc-arm-embedded/tools/gcc-arm-none-eabi-10.3-2021.10/bin/../lib/gcc/arm-none-eabi/10.3.1/../../../../arm-none-eabi/lib/thumb/v7e-m+fp/hard\libc_nano.a(lib_a-mprec.o)
                                 0x96 (size before relaxing)
 .rodata.__multadd.str1.1
                0x08006616       0x11 c:/programdata/chocolatey/lib/gcc-arm-embedded/tools/gcc-arm-none-eabi-10.3-2021.10/bin/../lib/gcc/arm-none-eabi/10.3.1/../../../../arm-none-eabi/lib/thumb/v7e-m+fp/hard\libc_nano.a(lib_a-mprec.o)
 *fill*         0x08006616        0x2 
 .rodata.__mprec_bigtens
                0x08006618       0x28 c:/programdata/chocolatey/lib/gcc-arm-embedded/tools/gcc-arm-none-eabi-10.3-2021.10/bin/../lib/gcc/arm-none-eabi/10.3.1/../../../../arm-none-eabi/lib/thumb/v7e-m+fp/hard\libc_nano.a(lib_a-mprec.o)
                0x08006618                __mprec_bigtens
 .rodata.__mprec_tens
                0x08006640       0xc8 c:/programdata/chocolatey/lib/gcc-arm-embedded/tools/gcc-arm-none-eabi-10.3-2021.10/bin/../lib/gcc/arm-none-eabi/10.3.1/../../../../arm-none-eabi/lib/thumb/v7e-m+fp/hard\libc_nano.a(lib_a-mprec.o)
                0x08006640                __mprec_tens
 .rodata.p05.0  0x08006708        0xc c:/programdata/chocolatey/lib/gcc-arm-embedded/tools/gcc-arm-none-eabi-10.3-2021.10/bin/../lib/gcc/arm-none-eabi/10.3.1/../../../../arm-none-eabi/lib/thumb/v7e-m+fp/hard\libc_nano.a(lib_a-mprec.o)
 .rodata._svfprintf_r.str1.1
                0x08006714       0x11 c:/programdata/chocolatey/lib/gcc-arm-embedded/tools/gcc-arm-none-eabi-10.3-2021.10/bin/../lib/gcc/arm-none-eabi/10.3.1/../../../../arm-none-eabi/lib/thumb/v7e-m+fp/hard\libc_nano.a(lib_a-nano-svfprintf.o)
 .rodata.__assert_func.str1.1
                0x08006725       0x3c c:/programdata/chocolatey/lib/gcc-arm-embedded/tools/gcc-arm-none-eabi-10.3-2021.10/bin/../lib/gcc/arm-none-eabi/10.3.1/../../../../arm-none-eabi/lib/thumb/v7e-m+fp/hard\libc_nano.a(lib_a-assert.o)
                                 0x3d (size before relaxing)
 .rodata._setlocale_r.str1.1
                0x08006761        0x8 c:/programdata/chocolatey/lib/gcc-arm-embedded/tools/gcc-arm-none-eabi-10.3-2021.10/bin/../lib/gcc/arm-none-eabi/10.3.1/../../../../arm-none-eabi/lib/thumb/v7e-m+fp/hard\libc_nano.a(lib_a-locale.o)
                                  0x9 (size before relaxing)
 .rodata.str1.1
                0x08006769        0x2 c:/programdata/chocolatey/lib/gcc-arm-embedded/tools/gcc-arm-none-eabi-10.3-2021.10/bin/../lib/gcc/arm-none-eabi/10.3.1/../../../../arm-none-eabi/lib/thumb/v7e-m+fp/hard\libc_nano.a(lib_a-locale.o)
 .rodata._vfprintf_r.str1.1
                0x0800676b       0x11 c:/programdata/chocolatey/lib/gcc-arm-embedded/tools/gcc-arm-none-eabi-10.3-2021.10/bin/../lib/gcc/arm-none-eabi/10.3.1/../../../../arm-none-eabi/lib/thumb/v7e-m+fp/hard\libc_nano.a(lib_a-nano-vfprintf.o)
 .rodata._ctype_
                0x0800676b      0x101 c:/programdata/chocolatey/lib/gcc-arm-embedded/tools/gcc-arm-none-eabi-10.3-2021.10/bin/../lib/gcc/arm-none-eabi/10.3.1/../../../../arm-none-eabi/lib/thumb/v7e-m+fp/hard\libc_nano.a(lib_a-ctype_.o)
                0x0800676b                _ctype_
 .rodata.__sf_fake_stderr
                0x0800686c       0x20 c:/programdata/chocolatey/lib/gcc-arm-embedded/tools/gcc-arm-none-eabi-10.3-2021.10/bin/../lib/gcc/arm-none-eabi/10.3.1/../../../../arm-none-eabi/lib/thumb/v7e-m+fp/hard\libc_nano.a(lib_a-findfp.o)
                0x0800686c                __sf_fake_stderr
 .rodata.__sf_fake_stdin
                0x0800688c       0x20 c:/programdata/chocolatey/lib/gcc-arm-embedded/tools/gcc-arm-none-eabi-10.3-2021.10/bin/../lib/gcc/arm-none-eabi/10.3.1/../../../../arm-none-eabi/lib/thumb/v7e-m+fp/hard\libc_nano.a(lib_a-findfp.o)
                0x0800688c                __sf_fake_stdin
 .rodata.__sf_fake_stdout
                0x080068ac       0x20 c:/programdata/chocolatey/lib/gcc-arm-embedded/tools/gcc-arm-none-eabi-10.3-2021.10/bin/../lib/gcc/arm-none-eabi/10.3.1/../../../../arm-none-eabi/lib/thumb/v7e-m+fp/hard\libc_nano.a(lib_a-findfp.o)
                0x080068ac                __sf_fake_stdout
                0x080068cc                . = ALIGN (0x4)

.ARM.extab      0x080068cc        0x0
                0x080068cc                . = ALIGN (0x4)
 *(.ARM.extab* .gnu.linkonce.armextab.*)
                0x080068cc                . = ALIGN (0x4)

.ARM            0x080068cc        0x8
                0x080068cc                . = ALIGN (0x4)
                0x080068cc                __exidx_start = .
 *(.ARM.exidx*)
 .ARM.exidx     0x080068cc        0x8 c:/programdata/chocolatey/lib/gcc-arm-embedded/tools/gcc-arm-none-eabi-10.3-2021.10/bin/../lib/gcc/arm-none-eabi/10.3.1/thumb/v7e-m+fp/hard\libgcc.a(_udivmoddi4.o)
                0x080068d4                __exidx_end = .
                0x080068d4                . = ALIGN (0x4)

.rel.dyn        0x080068d4        0x0
 .rel.iplt      0x080068d4        0x0 build/main.o

.preinit_array  0x080068d4        0x0
                0x080068d4                . = ALIGN (0x4)
                0x080068d4                PROVIDE (__preinit_array_start = .)
 *(.preinit_array*)
                0x080068d4                PROVIDE (__preinit_array_end = .)
                0x080068d4                . = ALIGN (0x4)
                0x080068d4                _sidata = LOADADDR (.data)

.data           0x20000000      0x1dc load address 0x080068d4
                0x20000000                . = ALIGN (0x4)
                0x20000000                _sdata = .
 *(.data)
 *(.data*)
 .data.uwTickFreq
                0x20000000        0x4 build/stm32g4xx_hal.o
                0x20000000                uwTickFreq
 .data.uwTickPrio
                0x20000004        0x4 build/stm32g4xx_hal.o
                0x20000004                uwTickPrio
 .data.SystemCoreClock
                0x20000008        0x4 build/system_stm32g4xx.o
                0x20000008                SystemCoreClock
 .data._impure_ptr
                0x2000000c        0x4 c:/programdata/chocolatey/lib/gcc-arm-embedded/tools/gcc-arm-none-eabi-10.3-2021.10/bin/../lib/gcc/arm-none-eabi/10.3.1/../../../../arm-none-eabi/lib/thumb/v7e-m+fp/hard\libc_nano.a(lib_a-impure.o)
                0x2000000c                _impure_ptr
 .data.impure_data
                0x20000010       0x60 c:/programdata/chocolatey/lib/gcc-arm-embedded/tools/gcc-arm-none-eabi-10.3-2021.10/bin/../lib/gcc/arm-none-eabi/10.3.1/../../../../arm-none-eabi/lib/thumb/v7e-m+fp/hard\libc_nano.a(lib_a-impure.o)
 .data.__global_locale
                0x20000070      0x16c c:/programdata/chocolatey/lib/gcc-arm-embedded/tools/gcc-arm-none-eabi-10.3-2021.10/bin/../lib/gcc/arm-none-eabi/10.3.1/../../../../arm-none-eabi/lib/thumb/v7e-m+fp/hard\libc_nano.a(lib_a-locale.o)
                0x20000070                __global_locale
 *(.RamFunc)
 *(.RamFunc*)
                0x200001dc                . = ALIGN (0x4)
                0x200001dc                _edata = .

.igot.plt       0x200001dc        0x0 load address 0x08006ab0
 .igot.plt      0x200001dc        0x0 build/main.o
                0x200001dc                . = ALIGN (0x4)

.bss            0x200001dc      0x118 load address 0x08006ab0
                0x200001dc                _sbss = .
                0x200001dc                __bss_start__ = _sbss
 *(.bss)
 *(.bss*)
 .bss.hadc1.1   0x200001dc       0x6c build/main.o
 .bss.huart2.0  0x20000248       0x94 build/main.o
 .bss.uwTick    0x200002dc        0x4 build/stm32g4xx_hal.o
                0x200002dc                uwTick
 .bss.__sbrk_heap_end
                0x200002e0        0x4 build/sysmem.o
 .bss.__malloc_free_list
                0x200002e4        0x4 c:/programdata/chocolatey/lib/gcc-arm-embedded/tools/gcc-arm-none-eabi-10.3-2021.10/bin/../lib/gcc/arm-none-eabi/10.3.1/../../../../arm-none-eabi/lib/thumb/v7e-m+fp/hard\libc_nano.a(lib_a-nano-mallocr.o)
                0x200002e4                __malloc_free_list
 .bss.__malloc_sbrk_start
                0x200002e8        0x4 c:/programdata/chocolatey/lib/gcc-arm-embedded/tools/gcc-arm-none-eabi-10.3-2021.10/bin/../lib/gcc/arm-none-eabi/10.3.1/../../../../arm-none-eabi/lib/thumb/v7e-m+fp/hard\libc_nano.a(lib_a-nano-mallocr.o)
                0x200002e8                __malloc_sbrk_start
 .bss.errno     0x200002ec        0x4 c:/programdata/chocolatey/lib/gcc-arm-embedded/tools/gcc-arm-none-eabi-10.3-2021.10/bin/../lib/gcc/arm-none-eabi/10.3.1/../../../../arm-none-eabi/lib/thumb/v7e-m+fp/hard\libc_nano.a(lib_a-reent.o)
                0x200002ec                errno
 .bss.__lock___malloc_recursive_mutex
                0x200002f0        0x1 c:/programdata/chocolatey/lib/gcc-arm-embedded/tools/gcc-arm-none-eabi-10.3-2021.10/bin/../lib/gcc/arm-none-eabi/10.3.1/../../../../arm-none-eabi/lib/thumb/v7e-m+fp/hard\libc_nano.a(lib_a-lock.o)
                0x200002f0                __lock___malloc_recursive_mutex
 .bss.__lock___sfp_recursive_mutex
                0x200002f1        0x1 c:/programdata/chocolatey/lib/gcc-arm-embedded/tools/gcc-arm-none-eabi-10.3-2021.10/bin/../lib/gcc/arm-none-eabi/10.3.1/../../../../arm-none-eabi/lib/thumb/v7e-m+fp/hard\libc_nano.a(lib_a-lock.o)
                0x200002f1                __lock___sfp_recursive_mutex
 .bss.__lock___sinit_recursive_mutex
                0x200002f2        0x1 c:/programdata/chocolatey/lib/gcc-arm-embedded/tools/gcc-arm-none-eabi-10.3-2021.10/bin/../lib/gcc/arm-none-eabi/10.3.1/../../../../arm-none-eabi/lib/thumb/v7e-m+fp/hard\libc_nano.a(lib_a-lock.o)
                0x200002f2                __lock___sinit_recursive_mutex
 *(COMMON)
                0x200002f4                . = ALIGN (0x4)
 *fill*         0x200002f3        0x1 
                0x200002f4                _ebss = .
                0x200002f4                __bss_end__ = _ebss

._user_heap_stack
                0x200002f4      0x604 load address 0x08006ab0
                0x200002f8                . = ALIGN (0x8)
 *fill*         0x200002f4        0x4 
                [!provide]                PROVIDE (end = .)
                0x200002f8                PROVIDE (_end = .)
                0x200004f8                . = (. + _Min_Heap_Size)
 *fill*         0x200002f8      0x200 
                0x200008f8                . = (. + _Min_Stack_Size)
 *fill*         0x200004f8      0x400 
                0x200008f8                . = ALIGN (0x8)

/DISCARD/
 libc.a(*)
 libm.a(*)
 libgcc.a(*)
OUTPUT(build/blink.elf elf32-littlearm)
LOAD linker stubs
LOAD c:/programdata/chocolatey/lib/gcc-arm-embedded/tools/gcc-arm-none-eabi-10.3-2021.10/bin/../lib/gcc/arm-none-eabi/10.3.1/../../../../arm-none-eabi/lib/thumb/v7e-m+fp/hard\libc.a
LOAD c:/programdata/chocolatey/lib/gcc-arm-embedded/tools/gcc-arm-none-eabi-10.3-2021.10/bin/../lib/gcc/arm-none-eabi/10.3.1/../../../../arm-none-eabi/lib/thumb/v7e-m+fp/hard\libm.a
LOAD c:/programdata/chocolatey/lib/gcc-arm-embedded/tools/gcc-arm-none-eabi-10.3-2021.10/bin/../lib/gcc/arm-none-eabi/10.3.1/thumb/v7e-m+fp/hard\libgcc.a

.ARM.attributes
                0x00000000       0x30
 .ARM.attributes
                0x00000000       0x1e c:/programdata/chocolatey/lib/gcc-arm-embedded/tools/gcc-arm-none-eabi-10.3-2021.10/bin/../lib/gcc/arm-none-eabi/10.3.1/thumb/v7e-m+fp/hard/crti.o
 .ARM.attributes
                0x0000001e       0x34 build/main.o
 .ARM.attributes
                0x00000052       0x34 build/stm32g4xx_it.o
 .ARM.attributes
                0x00000086       0x34 build/stm32g4xx_hal_msp.o
 .ARM.attributes
                0x000000ba       0x34 build/stm32g4xx_hal_pwr_ex.o
 .ARM.attributes
                0x000000ee       0x34 build/stm32g4xx_hal.o
 .ARM.attributes
                0x00000122       0x34 build/stm32g4xx_hal_rcc.o
 .ARM.attributes
                0x00000156       0x34 build/stm32g4xx_hal_rcc_ex.o
 .ARM.attributes
                0x0000018a       0x34 build/stm32g4xx_hal_gpio.o
 .ARM.attributes
                0x000001be       0x34 build/stm32g4xx_hal_cortex.o
 .ARM.attributes
                0x000001f2       0x34 build/system_stm32g4xx.o
 .ARM.attributes
                0x00000226       0x34 build/sysmem.o
 .ARM.attributes
                0x0000025a       0x34 build/syscalls.o
 .ARM.attributes
                0x0000028e       0x34 build/stm32g4xx_hal_adc.o
 .ARM.attributes
                0x000002c2       0x34 build/stm32g4xx_hal_adc_ex.o
 .ARM.attributes
                0x000002f6       0x34 build/stm32g4xx_hal_uart.o
 .ARM.attributes
                0x0000032a       0x21 build/startup_stm32g491xx.o
 .ARM.attributes
                0x0000034b       0x34 c:/programdata/chocolatey/lib/gcc-arm-embedded/tools/gcc-arm-none-eabi-10.3-2021.10/bin/../lib/gcc/arm-none-eabi/10.3.1/../../../../arm-none-eabi/lib/thumb/v7e-m+fp/hard\libc_nano.a(lib_a-errno.o)
 .ARM.attributes
                0x0000037f       0x34 c:/programdata/chocolatey/lib/gcc-arm-embedded/tools/gcc-arm-none-eabi-10.3-2021.10/bin/../lib/gcc/arm-none-eabi/10.3.1/../../../../arm-none-eabi/lib/thumb/v7e-m+fp/hard\libc_nano.a(lib_a-impure.o)
 .ARM.attributes
                0x000003b3       0x34 c:/programdata/chocolatey/lib/gcc-arm-embedded/tools/gcc-arm-none-eabi-10.3-2021.10/bin/../lib/gcc/arm-none-eabi/10.3.1/../../../../arm-none-eabi/lib/thumb/v7e-m+fp/hard\libc_nano.a(lib_a-init.o)
 .ARM.attributes
                0x000003e7       0x34 c:/programdata/chocolatey/lib/gcc-arm-embedded/tools/gcc-arm-none-eabi-10.3-2021.10/bin/../lib/gcc/arm-none-eabi/10.3.1/../../../../arm-none-eabi/lib/thumb/v7e-m+fp/hard\libc_nano.a(lib_a-memset.o)
 .ARM.attributes
                0x0000041b       0x34 c:/programdata/chocolatey/lib/gcc-arm-embedded/tools/gcc-arm-none-eabi-10.3-2021.10/bin/../lib/gcc/arm-none-eabi/10.3.1/../../../../arm-none-eabi/lib/thumb/v7e-m+fp/hard\libc_nano.a(lib_a-nano-vfprintf_float.o)
 .ARM.attributes
                0x0000044f       0x34 c:/programdata/chocolatey/lib/gcc-arm-embedded/tools/gcc-arm-none-eabi-10.3-2021.10/bin/../lib/gcc/arm-none-eabi/10.3.1/../../../../arm-none-eabi/lib/thumb/v7e-m+fp/hard\libc_nano.a(lib_a-nano-vfprintf_i.o)
 .ARM.attributes
                0x00000483       0x34 c:/programdata/chocolatey/lib/gcc-arm-embedded/tools/gcc-arm-none-eabi-10.3-2021.10/bin/../lib/gcc/arm-none-eabi/10.3.1/../../../../arm-none-eabi/lib/thumb/v7e-m+fp/hard\libc_nano.a(lib_a-snprintf.o)
 .ARM.attributes
                0x000004b7       0x17 c:/programdata/chocolatey/lib/gcc-arm-embedded/tools/gcc-arm-none-eabi-10.3-2021.10/bin/../lib/gcc/arm-none-eabi/10.3.1/../../../../arm-none-eabi/lib/thumb/v7e-m+fp/hard\libc_nano.a(lib_a-strlen.o)
 .ARM.attributes
                0x000004ce       0x34 c:/programdata/chocolatey/lib/gcc-arm-embedded/tools/gcc-arm-none-eabi-10.3-2021.10/bin/../lib/gcc/arm-none-eabi/10.3.1/../../../../arm-none-eabi/lib/thumb/v7e-m+fp/hard\libc_nano.a(lib_a-dtoa.o)
 .ARM.attributes
                0x00000502       0x34 c:/programdata/chocolatey/lib/gcc-arm-embedded/tools/gcc-arm-none-eabi-10.3-2021.10/bin/../lib/gcc/arm-none-eabi/10.3.1/../../../../arm-none-eabi/lib/thumb/v7e-m+fp/hard\libc_nano.a(lib_a-localeconv.o)
 .ARM.attributes
                0x00000536       0x34 c:/programdata/chocolatey/lib/gcc-arm-embedded/tools/gcc-arm-none-eabi-10.3-2021.10/bin/../lib/gcc/arm-none-eabi/10.3.1/../../../../arm-none-eabi/lib/thumb/v7e-m+fp/hard\libc_nano.a(lib_a-malloc.o)
 .ARM.attributes
                0x0000056a       0x1c c:/programdata/chocolatey/lib/gcc-arm-embedded/tools/gcc-arm-none-eabi-10.3-2021.10/bin/../lib/gcc/arm-none-eabi/10.3.1/../../../../arm-none-eabi/lib/thumb/v7e-m+fp/hard\libc_nano.a(lib_a-memchr.o)
 .ARM.attributes
                0x00000586       0x34 c:/programdata/chocolatey/lib/gcc-arm-embedded/tools/gcc-arm-none-eabi-10.3-2021.10/bin/../lib/gcc/arm-none-eabi/10.3.1/../../../../arm-none-eabi/lib/thumb/v7e-m+fp/hard\libc_nano.a(lib_a-memcpy-stub.o)
 .ARM.attributes
                0x000005ba       0x34 c:/programdata/chocolatey/lib/gcc-arm-embedded/tools/gcc-arm-none-eabi-10.3-2021.10/bin/../lib/gcc/arm-none-eabi/10.3.1/../../../../arm-none-eabi/lib/thumb/v7e-m+fp/hard\libc_nano.a(lib_a-mprec.o)
 .ARM.attributes
                0x000005ee       0x34 c:/programdata/chocolatey/lib/gcc-arm-embedded/tools/gcc-arm-none-eabi-10.3-2021.10/bin/../lib/gcc/arm-none-eabi/10.3.1/../../../../arm-none-eabi/lib/thumb/v7e-m+fp/hard\libc_nano.a(lib_a-nano-callocr.o)
 .ARM.attributes
                0x00000622       0x34 c:/programdata/chocolatey/lib/gcc-arm-embedded/tools/gcc-arm-none-eabi-10.3-2021.10/bin/../lib/gcc/arm-none-eabi/10.3.1/../../../../arm-none-eabi/lib/thumb/v7e-m+fp/hard\libc_nano.a(lib_a-nano-freer.o)
 .ARM.attributes
                0x00000656       0x34 c:/programdata/chocolatey/lib/gcc-arm-embedded/tools/gcc-arm-none-eabi-10.3-2021.10/bin/../lib/gcc/arm-none-eabi/10.3.1/../../../../arm-none-eabi/lib/thumb/v7e-m+fp/hard\libc_nano.a(lib_a-nano-mallocr.o)
 .ARM.attributes
                0x0000068a       0x34 c:/programdata/chocolatey/lib/gcc-arm-embedded/tools/gcc-arm-none-eabi-10.3-2021.10/bin/../lib/gcc/arm-none-eabi/10.3.1/../../../../arm-none-eabi/lib/thumb/v7e-m+fp/hard\libc_nano.a(lib_a-nano-svfprintf.o)
 .ARM.attributes
                0x000006be       0x34 c:/programdata/chocolatey/lib/gcc-arm-embedded/tools/gcc-arm-none-eabi-10.3-2021.10/bin/../lib/gcc/arm-none-eabi/10.3.1/../../../../arm-none-eabi/lib/thumb/v7e-m+fp/hard\libc_nano.a(lib_a-sbrkr.o)
 .ARM.attributes
                0x000006f2       0x34 c:/programdata/chocolatey/lib/gcc-arm-embedded/tools/gcc-arm-none-eabi-10.3-2021.10/bin/../lib/gcc/arm-none-eabi/10.3.1/../../../../arm-none-eabi/lib/thumb/v7e-m+fp/hard\libc_nano.a(lib_a-assert.o)
 .ARM.attributes
                0x00000726       0x34 c:/programdata/chocolatey/lib/gcc-arm-embedded/tools/gcc-arm-none-eabi-10.3-2021.10/bin/../lib/gcc/arm-none-eabi/10.3.1/../../../../arm-none-eabi/lib/thumb/v7e-m+fp/hard\libc_nano.a(lib_a-fprintf.o)
 .ARM.attributes
                0x0000075a       0x34 c:/programdata/chocolatey/lib/gcc-arm-embedded/tools/gcc-arm-none-eabi-10.3-2021.10/bin/../lib/gcc/arm-none-eabi/10.3.1/../../../../arm-none-eabi/lib/thumb/v7e-m+fp/hard\libc_nano.a(lib_a-locale.o)
 .ARM.attributes
                0x0000078e       0x34 c:/programdata/chocolatey/lib/gcc-arm-embedded/tools/gcc-arm-none-eabi-10.3-2021.10/bin/../lib/gcc/arm-none-eabi/10.3.1/../../../../arm-none-eabi/lib/thumb/v7e-m+fp/hard\libc_nano.a(lib_a-mbtowc_r.o)
 .ARM.attributes
                0x000007c2       0x34 c:/programdata/chocolatey/lib/gcc-arm-embedded/tools/gcc-arm-none-eabi-10.3-2021.10/bin/../lib/gcc/arm-none-eabi/10.3.1/../../../../arm-none-eabi/lib/thumb/v7e-m+fp/hard\libc_nano.a(lib_a-memmove.o)
 .ARM.attributes
                0x000007f6       0x34 c:/programdata/chocolatey/lib/gcc-arm-embedded/tools/gcc-arm-none-eabi-10.3-2021.10/bin/../lib/gcc/arm-none-eabi/10.3.1/../../../../arm-none-eabi/lib/thumb/v7e-m+fp/hard\libc_nano.a(lib_a-mlock.o)
 .ARM.attributes
                0x0000082a       0x34 c:/programdata/chocolatey/lib/gcc-arm-embedded/tools/gcc-arm-none-eabi-10.3-2021.10/bin/../lib/gcc/arm-none-eabi/10.3.1/../../../../arm-none-eabi/lib/thumb/v7e-m+fp/hard\libc_nano.a(lib_a-nano-reallocr.o)
 .ARM.attributes
                0x0000085e       0x34 c:/programdata/chocolatey/lib/gcc-arm-embedded/tools/gcc-arm-none-eabi-10.3-2021.10/bin/../lib/gcc/arm-none-eabi/10.3.1/../../../../arm-none-eabi/lib/thumb/v7e-m+fp/hard\libc_nano.a(lib_a-nano-vfprintf.o)
 .ARM.attributes
                0x00000892       0x34 c:/programdata/chocolatey/lib/gcc-arm-embedded/tools/gcc-arm-none-eabi-10.3-2021.10/bin/../lib/gcc/arm-none-eabi/10.3.1/../../../../arm-none-eabi/lib/thumb/v7e-m+fp/hard\libc_nano.a(lib_a-reent.o)
 .ARM.attributes
                0x000008c6       0x34 c:/programdata/chocolatey/lib/gcc-arm-embedded/tools/gcc-arm-none-eabi-10.3-2021.10/bin/../lib/gcc/arm-none-eabi/10.3.1/../../../../arm-none-eabi/lib/thumb/v7e-m+fp/hard\libc_nano.a(lib_a-wbuf.o)
 .ARM.attributes
                0x000008fa       0x34 c:/programdata/chocolatey/lib/gcc-arm-embedded/tools/gcc-arm-none-eabi-10.3-2021.10/bin/../lib/gcc/arm-none-eabi/10.3.1/../../../../arm-none-eabi/lib/thumb/v7e-m+fp/hard\libc_nano.a(lib_a-wctomb_r.o)
 .ARM.attributes
                0x0000092e       0x34 c:/programdata/chocolatey/lib/gcc-arm-embedded/tools/gcc-arm-none-eabi-10.3-2021.10/bin/../lib/gcc/arm-none-eabi/10.3.1/../../../../arm-none-eabi/lib/thumb/v7e-m+fp/hard\libc_nano.a(lib_a-wsetup.o)
 .ARM.attributes
                0x00000962       0x34 c:/programdata/chocolatey/lib/gcc-arm-embedded/tools/gcc-arm-none-eabi-10.3-2021.10/bin/../lib/gcc/arm-none-eabi/10.3.1/../../../../arm-none-eabi/lib/thumb/v7e-m+fp/hard\libc_nano.a(lib_a-abort.o)
 .ARM.attributes
                0x00000996       0x34 c:/programdata/chocolatey/lib/gcc-arm-embedded/tools/gcc-arm-none-eabi-10.3-2021.10/bin/../lib/gcc/arm-none-eabi/10.3.1/../../../../arm-none-eabi/lib/thumb/v7e-m+fp/hard\libc_nano.a(lib_a-ctype_.o)
 .ARM.attributes
                0x000009ca       0x34 c:/programdata/chocolatey/lib/gcc-arm-embedded/tools/gcc-arm-none-eabi-10.3-2021.10/bin/../lib/gcc/arm-none-eabi/10.3.1/../../../../arm-none-eabi/lib/thumb/v7e-m+fp/hard\libc_nano.a(lib_a-fflush.o)
 .ARM.attributes
                0x000009fe       0x34 c:/programdata/chocolatey/lib/gcc-arm-embedded/tools/gcc-arm-none-eabi-10.3-2021.10/bin/../lib/gcc/arm-none-eabi/10.3.1/../../../../arm-none-eabi/lib/thumb/v7e-m+fp/hard\libc_nano.a(lib_a-findfp.o)
 .ARM.attributes
                0x00000a32       0x34 c:/programdata/chocolatey/lib/gcc-arm-embedded/tools/gcc-arm-none-eabi-10.3-2021.10/bin/../lib/gcc/arm-none-eabi/10.3.1/../../../../arm-none-eabi/lib/thumb/v7e-m+fp/hard\libc_nano.a(lib_a-fwalk.o)
 .ARM.attributes
                0x00000a66       0x34 c:/programdata/chocolatey/lib/gcc-arm-embedded/tools/gcc-arm-none-eabi-10.3-2021.10/bin/../lib/gcc/arm-none-eabi/10.3.1/../../../../arm-none-eabi/lib/thumb/v7e-m+fp/hard\libc_nano.a(lib_a-lock.o)
 .ARM.attributes
                0x00000a9a       0x34 c:/programdata/chocolatey/lib/gcc-arm-embedded/tools/gcc-arm-none-eabi-10.3-2021.10/bin/../lib/gcc/arm-none-eabi/10.3.1/../../../../arm-none-eabi/lib/thumb/v7e-m+fp/hard\libc_nano.a(lib_a-makebuf.o)
 .ARM.attributes
                0x00000ace       0x34 c:/programdata/chocolatey/lib/gcc-arm-embedded/tools/gcc-arm-none-eabi-10.3-2021.10/bin/../lib/gcc/arm-none-eabi/10.3.1/../../../../arm-none-eabi/lib/thumb/v7e-m+fp/hard\libc_nano.a(lib_a-nano-msizer.o)
 .ARM.attributes
                0x00000b02       0x34 c:/programdata/chocolatey/lib/gcc-arm-embedded/tools/gcc-arm-none-eabi-10.3-2021.10/bin/../lib/gcc/arm-none-eabi/10.3.1/../../../../arm-none-eabi/lib/thumb/v7e-m+fp/hard\libc_nano.a(lib_a-signal.o)
 .ARM.attributes
                0x00000b36       0x34 c:/programdata/chocolatey/lib/gcc-arm-embedded/tools/gcc-arm-none-eabi-10.3-2021.10/bin/../lib/gcc/arm-none-eabi/10.3.1/../../../../arm-none-eabi/lib/thumb/v7e-m+fp/hard\libc_nano.a(lib_a-signalr.o)
 .ARM.attributes
                0x00000b6a       0x34 c:/programdata/chocolatey/lib/gcc-arm-embedded/tools/gcc-arm-none-eabi-10.3-2021.10/bin/../lib/gcc/arm-none-eabi/10.3.1/../../../../arm-none-eabi/lib/thumb/v7e-m+fp/hard\libc_nano.a(lib_a-stdio.o)
 .ARM.attributes
                0x00000b9e       0x34 c:/programdata/chocolatey/lib/gcc-arm-embedded/tools/gcc-arm-none-eabi-10.3-2021.10/bin/../lib/gcc/arm-none-eabi/10.3.1/../../../../arm-none-eabi/lib/thumb/v7e-m+fp/hard\libc_nano.a(lib_a-writer.o)
 .ARM.attributes
                0x00000bd2       0x34 c:/programdata/chocolatey/lib/gcc-arm-embedded/tools/gcc-arm-none-eabi-10.3-2021.10/bin/../lib/gcc/arm-none-eabi/10.3.1/../../../../arm-none-eabi/lib/thumb/v7e-m+fp/hard\libc_nano.a(lib_a-closer.o)
 .ARM.attributes
                0x00000c06       0x34 c:/programdata/chocolatey/lib/gcc-arm-embedded/tools/gcc-arm-none-eabi-10.3-2021.10/bin/../lib/gcc/arm-none-eabi/10.3.1/../../../../arm-none-eabi/lib/thumb/v7e-m+fp/hard\libc_nano.a(lib_a-fstatr.o)
 .ARM.attributes
                0x00000c3a       0x34 c:/programdata/chocolatey/lib/gcc-arm-embedded/tools/gcc-arm-none-eabi-10.3-2021.10/bin/../lib/gcc/arm-none-eabi/10.3.1/../../../../arm-none-eabi/lib/thumb/v7e-m+fp/hard\libc_nano.a(lib_a-isattyr.o)
 .ARM.attributes
                0x00000c6e       0x34 c:/programdata/chocolatey/lib/gcc-arm-embedded/tools/gcc-arm-none-eabi-10.3-2021.10/bin/../lib/gcc/arm-none-eabi/10.3.1/../../../../arm-none-eabi/lib/thumb/v7e-m+fp/hard\libc_nano.a(lib_a-lseekr.o)
 .ARM.attributes
                0x00000ca2       0x34 c:/programdata/chocolatey/lib/gcc-arm-embedded/tools/gcc-arm-none-eabi-10.3-2021.10/bin/../lib/gcc/arm-none-eabi/10.3.1/../../../../arm-none-eabi/lib/thumb/v7e-m+fp/hard\libc_nano.a(lib_a-readr.o)
 .ARM.attributes
                0x00000cd6       0x1e c:/programdata/chocolatey/lib/gcc-arm-embedded/tools/gcc-arm-none-eabi-10.3-2021.10/bin/../lib/gcc/arm-none-eabi/10.3.1/thumb/v7e-m+fp/hard\libgcc.a(_arm_addsubdf3.o)
 .ARM.attributes
                0x00000cf4       0x1e c:/programdata/chocolatey/lib/gcc-arm-embedded/tools/gcc-arm-none-eabi-10.3-2021.10/bin/../lib/gcc/arm-none-eabi/10.3.1/thumb/v7e-m+fp/hard\libgcc.a(_arm_muldivdf3.o)
 .ARM.attributes
                0x00000d12       0x1e c:/programdata/chocolatey/lib/gcc-arm-embedded/tools/gcc-arm-none-eabi-10.3-2021.10/bin/../lib/gcc/arm-none-eabi/10.3.1/thumb/v7e-m+fp/hard\libgcc.a(_arm_cmpdf2.o)
 .ARM.attributes
                0x00000d30       0x1e c:/programdata/chocolatey/lib/gcc-arm-embedded/tools/gcc-arm-none-eabi-10.3-2021.10/bin/../lib/gcc/arm-none-eabi/10.3.1/thumb/v7e-m+fp/hard\libgcc.a(_arm_unorddf2.o)
 .ARM.attributes
                0x00000d4e       0x1e c:/programdata/chocolatey/lib/gcc-arm-embedded/tools/gcc-arm-none-eabi-10.3-2021.10/bin/../lib/gcc/arm-none-eabi/10.3.1/thumb/v7e-m+fp/hard\libgcc.a(_arm_fixdfsi.o)
 .ARM.attributes
                0x00000d6c       0x1e c:/programdata/chocolatey/lib/gcc-arm-embedded/tools/gcc-arm-none-eabi-10.3-2021.10/bin/../lib/gcc/arm-none-eabi/10.3.1/thumb/v7e-m+fp/hard\libgcc.a(_aeabi_uldivmod.o)
 .ARM.attributes
                0x00000d8a       0x34 c:/programdata/chocolatey/lib/gcc-arm-embedded/tools/gcc-arm-none-eabi-10.3-2021.10/bin/../lib/gcc/arm-none-eabi/10.3.1/thumb/v7e-m+fp/hard\libgcc.a(_udivmoddi4.o)
 .ARM.attributes
                0x00000dbe       0x1e c:/programdata/chocolatey/lib/gcc-arm-embedded/tools/gcc-arm-none-eabi-10.3-2021.10/bin/../lib/gcc/arm-none-eabi/10.3.1/thumb/v7e-m+fp/hard\libgcc.a(_dvmd_tls.o)
 .ARM.attributes
                0x00000ddc       0x1e c:/programdata/chocolatey/lib/gcc-arm-embedded/tools/gcc-arm-none-eabi-10.3-2021.10/bin/../lib/gcc/arm-none-eabi/10.3.1/thumb/v7e-m+fp/hard/crtn.o

.comment        0x00000000       0x49
 .comment       0x00000000       0x49 build/main.o
                                 0x4a (size before relaxing)
 .comment       0x00000049       0x4a build/stm32g4xx_it.o
 .comment       0x00000049       0x4a build/stm32g4xx_hal_msp.o
 .comment       0x00000049       0x4a build/stm32g4xx_hal_pwr_ex.o
 .comment       0x00000049       0x4a build/stm32g4xx_hal.o
 .comment       0x00000049       0x4a build/stm32g4xx_hal_rcc.o
 .comment       0x00000049       0x4a build/stm32g4xx_hal_rcc_ex.o
 .comment       0x00000049       0x4a build/stm32g4xx_hal_gpio.o
 .comment       0x00000049       0x4a build/stm32g4xx_hal_cortex.o
 .comment       0x00000049       0x4a build/system_stm32g4xx.o
 .comment       0x00000049       0x4a build/sysmem.o
 .comment       0x00000049       0x4a build/syscalls.o
 .comment       0x00000049       0x4a build/stm32g4xx_hal_adc.o
 .comment       0x00000049       0x4a build/stm32g4xx_hal_adc_ex.o
 .comment       0x00000049       0x4a build/stm32g4xx_hal_uart.o

.debug_info     0x00000000    0x15546
 .debug_info    0x00000000     0x1a34 build/main.o
 .debug_info    0x00001a34      0x15b build/stm32g4xx_it.o
 .debug_info    0x00001b8f      0x3a1 build/stm32g4xx_hal_msp.o
 .debug_info    0x00001f30      0xb25 build/stm32g4xx_hal_pwr_ex.o
 .debug_info    0x00002a55      0xd32 build/stm32g4xx_hal.o
 .debug_info    0x00003787      0xff1 build/stm32g4xx_hal_rcc.o
 .debug_info    0x00004778     0x1096 build/stm32g4xx_hal_rcc_ex.o
 .debug_info    0x0000580e      0x93d build/stm32g4xx_hal_gpio.o
 .debug_info    0x0000614b     0x11c1 build/stm32g4xx_hal_cortex.o
 .debug_info    0x0000730c      0x649 build/system_stm32g4xx.o
 .debug_info    0x00007955      0x185 build/sysmem.o
 .debug_info    0x00007ada      0x840 build/syscalls.o
 .debug_info    0x0000831a     0x3972 build/stm32g4xx_hal_adc.o
 .debug_info    0x0000bc8c     0x31d8 build/stm32g4xx_hal_adc_ex.o
 .debug_info    0x0000ee64     0x66c0 build/stm32g4xx_hal_uart.o
 .debug_info    0x00015524       0x22 build/startup_stm32g491xx.o

.debug_abbrev   0x00000000     0x20b2
 .debug_abbrev  0x00000000      0x249 build/main.o
 .debug_abbrev  0x00000249       0x81 build/stm32g4xx_it.o
 .debug_abbrev  0x000002ca       0xd9 build/stm32g4xx_hal_msp.o
 .debug_abbrev  0x000003a3      0x264 build/stm32g4xx_hal_pwr_ex.o
 .debug_abbrev  0x00000607      0x25d build/stm32g4xx_hal.o
 .debug_abbrev  0x00000864      0x2ac build/stm32g4xx_hal_rcc.o
 .debug_abbrev  0x00000b10      0x269 build/stm32g4xx_hal_rcc_ex.o
 .debug_abbrev  0x00000d79      0x229 build/stm32g4xx_hal_gpio.o
 .debug_abbrev  0x00000fa2      0x379 build/stm32g4xx_hal_cortex.o
 .debug_abbrev  0x0000131b      0x11b build/system_stm32g4xx.o
 .debug_abbrev  0x00001436       0xea build/sysmem.o
 .debug_abbrev  0x00001520      0x1cb build/syscalls.o
 .debug_abbrev  0x000016eb      0x308 build/stm32g4xx_hal_adc.o
 .debug_abbrev  0x000019f3      0x36a build/stm32g4xx_hal_adc_ex.o
 .debug_abbrev  0x00001d5d      0x343 build/stm32g4xx_hal_uart.o
 .debug_abbrev  0x000020a0       0x12 build/startup_stm32g491xx.o

.debug_loc      0x00000000     0xf5ef
 .debug_loc     0x00000000       0xe1 build/main.o
 .debug_loc     0x000000e1       0x20 build/stm32g4xx_it.o
 .debug_loc     0x00000101       0x38 build/stm32g4xx_hal_msp.o
 .debug_loc     0x00000139      0xa26 build/stm32g4xx_hal_pwr_ex.o
 .debug_loc     0x00000b5f      0x2af build/stm32g4xx_hal.o
 .debug_loc     0x00000e0e      0x999 build/stm32g4xx_hal_rcc.o
 .debug_loc     0x000017a7     0x158d build/stm32g4xx_hal_rcc_ex.o
 .debug_loc     0x00002d34      0x46f build/stm32g4xx_hal_gpio.o
 .debug_loc     0x000031a3      0x796 build/stm32g4xx_hal_cortex.o
 .debug_loc     0x00003939       0x9d build/system_stm32g4xx.o
 .debug_loc     0x000039d6       0x84 build/sysmem.o
 .debug_loc     0x00003a5a      0x511 build/syscalls.o
 .debug_loc     0x00003f6b     0x2ad1 build/stm32g4xx_hal_adc.o
 .debug_loc     0x00006a3c     0x28aa build/stm32g4xx_hal_adc_ex.o
 .debug_loc     0x000092e6     0x6309 build/stm32g4xx_hal_uart.o

.debug_aranges  0x00000000      0xae8
 .debug_aranges
                0x00000000       0x30 build/main.o
 .debug_aranges
                0x00000030       0x60 build/stm32g4xx_it.o
 .debug_aranges
                0x00000090       0x20 build/stm32g4xx_hal_msp.o
 .debug_aranges
                0x000000b0      0x140 build/stm32g4xx_hal_pwr_ex.o
 .debug_aranges
                0x000001f0      0x148 build/stm32g4xx_hal.o
 .debug_aranges
                0x00000338       0x98 build/stm32g4xx_hal_rcc.o
 .debug_aranges
                0x000003d0       0xb0 build/stm32g4xx_hal_rcc_ex.o
 .debug_aranges
                0x00000480       0x58 build/stm32g4xx_hal_gpio.o
 .debug_aranges
                0x000004d8       0xb8 build/stm32g4xx_hal_cortex.o
 .debug_aranges
                0x00000590       0x28 build/system_stm32g4xx.o
 .debug_aranges
                0x000005b8       0x20 build/sysmem.o
 .debug_aranges
                0x000005d8       0xa8 build/syscalls.o
 .debug_aranges
                0x00000680      0x108 build/stm32g4xx_hal_adc.o
 .debug_aranges
                0x00000788       0xf0 build/stm32g4xx_hal_adc_ex.o
 .debug_aranges
                0x00000878      0x248 build/stm32g4xx_hal_uart.o
 .debug_aranges
                0x00000ac0       0x28 build/startup_stm32g491xx.o

.debug_ranges   0x00000000      0xcf0
 .debug_ranges  0x00000000       0x38 build/main.o
 .debug_ranges  0x00000038       0x50 build/stm32g4xx_it.o
 .debug_ranges  0x00000088       0x10 build/stm32g4xx_hal_msp.o
 .debug_ranges  0x00000098      0x130 build/stm32g4xx_hal_pwr_ex.o
 .debug_ranges  0x000001c8      0x138 build/stm32g4xx_hal.o
 .debug_ranges  0x00000300       0xa0 build/stm32g4xx_hal_rcc.o
 .debug_ranges  0x000003a0       0xb8 build/stm32g4xx_hal_rcc_ex.o
 .debug_ranges  0x00000458       0x48 build/stm32g4xx_hal_gpio.o
 .debug_ranges  0x000004a0      0x108 build/stm32g4xx_hal_cortex.o
 .debug_ranges  0x000005a8       0x18 build/system_stm32g4xx.o
 .debug_ranges  0x000005c0       0x10 build/sysmem.o
 .debug_ranges  0x000005d0       0x98 build/syscalls.o
 .debug_ranges  0x00000668      0x230 build/stm32g4xx_hal_adc.o
 .debug_ranges  0x00000898      0x200 build/stm32g4xx_hal_adc_ex.o
 .debug_ranges  0x00000a98      0x238 build/stm32g4xx_hal_uart.o
 .debug_ranges  0x00000cd0       0x20 build/startup_stm32g491xx.o

.debug_line     0x00000000    0x1005c
 .debug_line    0x00000000      0x5d0 build/main.o
 .debug_line    0x000005d0      0x179 build/stm32g4xx_it.o
 .debug_line    0x00000749      0x1d8 build/stm32g4xx_hal_msp.o
 .debug_line    0x00000921      0xaaa build/stm32g4xx_hal_pwr_ex.o
 .debug_line    0x000013cb      0x70b build/stm32g4xx_hal.o
 .debug_line    0x00001ad6      0xe28 build/stm32g4xx_hal_rcc.o
 .debug_line    0x000028fe     0x1234 build/stm32g4xx_hal_rcc_ex.o
 .debug_line    0x00003b32      0x6ce build/stm32g4xx_hal_gpio.o
 .debug_line    0x00004200      0x7ca build/stm32g4xx_hal_cortex.o
 .debug_line    0x000049ca      0x27f build/system_stm32g4xx.o
 .debug_line    0x00004c49      0x225 build/sysmem.o
 .debug_line    0x00004e6e      0x444 build/syscalls.o
 .debug_line    0x000052b2     0x277a build/stm32g4xx_hal_adc.o
 .debug_line    0x00007a2c     0x216b build/stm32g4xx_hal_adc_ex.o
 .debug_line    0x00009b97     0x644e build/stm32g4xx_hal_uart.o
 .debug_line    0x0000ffe5       0x77 build/startup_stm32g491xx.o

.debug_str      0x00000000     0x46a8
 .debug_str     0x00000000      0xf59 build/main.o
                               0x10a8 (size before relaxing)
 .debug_str     0x00000f59       0xb4 build/stm32g4xx_it.o
                                0x246 (size before relaxing)
 .debug_str     0x0000100d       0x4a build/stm32g4xx_hal_msp.o
                                0x349 (size before relaxing)
 .debug_str     0x00001057      0x5a5 build/stm32g4xx_hal_pwr_ex.o
                                0x7fd (size before relaxing)
 .debug_str     0x000015fc      0x9ad build/stm32g4xx_hal.o
                                0xd49 (size before relaxing)
 .debug_str     0x00001fa9      0x297 build/stm32g4xx_hal_rcc.o
                                0x84a (size before relaxing)
 .debug_str     0x00002240      0x37b build/stm32g4xx_hal_rcc_ex.o
                                0xa6d (size before relaxing)
 .debug_str     0x000025bb       0xc5 build/stm32g4xx_hal_gpio.o
                                0x55b (size before relaxing)
 .debug_str     0x00002680      0x483 build/stm32g4xx_hal_cortex.o
                                0xca9 (size before relaxing)
 .debug_str     0x00002b03       0x3d build/system_stm32g4xx.o
                                0x3e2 (size before relaxing)
 .debug_str     0x00002b40       0x7a build/sysmem.o
                                0x23c (size before relaxing)
 .debug_str     0x00002bba      0x20d build/syscalls.o
                                0x410 (size before relaxing)
 .debug_str     0x00002dc7      0x9e1 build/stm32g4xx_hal_adc.o
                               0x1304 (size before relaxing)
 .debug_str     0x000037a8      0x61e build/stm32g4xx_hal_adc_ex.o
                               0x12db (size before relaxing)
 .debug_str     0x00003dc6      0x8be build/stm32g4xx_hal_uart.o
                               0x1245 (size before relaxing)
 .debug_str     0x00004684       0x24 build/startup_stm32g491xx.o
                                 0x81 (size before relaxing)

.debug_frame    0x00000000     0x2c70
 .debug_frame   0x00000000       0x68 build/main.o
 .debug_frame   0x00000068       0xa8 build/stm32g4xx_it.o
 .debug_frame   0x00000110       0x2c build/stm32g4xx_hal_msp.o
 .debug_frame   0x0000013c      0x268 build/stm32g4xx_hal_pwr_ex.o
 .debug_frame   0x000003a4      0x2a4 build/stm32g4xx_hal.o
 .debug_frame   0x00000648      0x198 build/stm32g4xx_hal_rcc.o
 .debug_frame   0x000007e0      0x1a0 build/stm32g4xx_hal_rcc_ex.o
 .debug_frame   0x00000980       0xd0 build/stm32g4xx_hal_gpio.o
 .debug_frame   0x00000a50      0x168 build/stm32g4xx_hal_cortex.o
 .debug_frame   0x00000bb8       0x30 build/system_stm32g4xx.o
 .debug_frame   0x00000be8       0x28 build/sysmem.o
 .debug_frame   0x00000c10      0x190 build/syscalls.o
 .debug_frame   0x00000da0      0x2f8 build/stm32g4xx_hal_adc.o
 .debug_frame   0x00001098      0x2c8 build/stm32g4xx_hal_adc_ex.o
 .debug_frame   0x00001360      0x67c build/stm32g4xx_hal_uart.o
 .debug_frame   0x000019dc       0x20 c:/programdata/chocolatey/lib/gcc-arm-embedded/tools/gcc-arm-none-eabi-10.3-2021.10/bin/../lib/gcc/arm-none-eabi/10.3.1/../../../../arm-none-eabi/lib/thumb/v7e-m+fp/hard\libc_nano.a(lib_a-errno.o)
 .debug_frame   0x000019fc       0x2c c:/programdata/chocolatey/lib/gcc-arm-embedded/tools/gcc-arm-none-eabi-10.3-2021.10/bin/../lib/gcc/arm-none-eabi/10.3.1/../../../../arm-none-eabi/lib/thumb/v7e-m+fp/hard\libc_nano.a(lib_a-init.o)
 .debug_frame   0x00001a28       0x20 c:/programdata/chocolatey/lib/gcc-arm-embedded/tools/gcc-arm-none-eabi-10.3-2021.10/bin/../lib/gcc/arm-none-eabi/10.3.1/../../../../arm-none-eabi/lib/thumb/v7e-m+fp/hard\libc_nano.a(lib_a-memset.o)
 .debug_frame   0x00001a48       0xa0 c:/programdata/chocolatey/lib/gcc-arm-embedded/tools/gcc-arm-none-eabi-10.3-2021.10/bin/../lib/gcc/arm-none-eabi/10.3.1/../../../../arm-none-eabi/lib/thumb/v7e-m+fp/hard\libc_nano.a(lib_a-nano-vfprintf_float.o)
 .debug_frame   0x00001ae8       0x60 c:/programdata/chocolatey/lib/gcc-arm-embedded/tools/gcc-arm-none-eabi-10.3-2021.10/bin/../lib/gcc/arm-none-eabi/10.3.1/../../../../arm-none-eabi/lib/thumb/v7e-m+fp/hard\libc_nano.a(lib_a-nano-vfprintf_i.o)
 .debug_frame   0x00001b48       0x7c c:/programdata/chocolatey/lib/gcc-arm-embedded/tools/gcc-arm-none-eabi-10.3-2021.10/bin/../lib/gcc/arm-none-eabi/10.3.1/../../../../arm-none-eabi/lib/thumb/v7e-m+fp/hard\libc_nano.a(lib_a-snprintf.o)
 .debug_frame   0x00001bc4       0x88 c:/programdata/chocolatey/lib/gcc-arm-embedded/tools/gcc-arm-none-eabi-10.3-2021.10/bin/../lib/gcc/arm-none-eabi/10.3.1/../../../../arm-none-eabi/lib/thumb/v7e-m+fp/hard\libc_nano.a(lib_a-dtoa.o)
 .debug_frame   0x00001c4c       0x40 c:/programdata/chocolatey/lib/gcc-arm-embedded/tools/gcc-arm-none-eabi-10.3-2021.10/bin/../lib/gcc/arm-none-eabi/10.3.1/../../../../arm-none-eabi/lib/thumb/v7e-m+fp/hard\libc_nano.a(lib_a-localeconv.o)
 .debug_frame   0x00001c8c       0x30 c:/programdata/chocolatey/lib/gcc-arm-embedded/tools/gcc-arm-none-eabi-10.3-2021.10/bin/../lib/gcc/arm-none-eabi/10.3.1/../../../../arm-none-eabi/lib/thumb/v7e-m+fp/hard\libc_nano.a(lib_a-malloc.o)
 .debug_frame   0x00001cbc       0x28 c:/programdata/chocolatey/lib/gcc-arm-embedded/tools/gcc-arm-none-eabi-10.3-2021.10/bin/../lib/gcc/arm-none-eabi/10.3.1/../../../../arm-none-eabi/lib/thumb/v7e-m+fp/hard\libc_nano.a(lib_a-memcpy-stub.o)
 .debug_frame   0x00001ce4      0x25c c:/programdata/chocolatey/lib/gcc-arm-embedded/tools/gcc-arm-none-eabi-10.3-2021.10/bin/../lib/gcc/arm-none-eabi/10.3.1/../../../../arm-none-eabi/lib/thumb/v7e-m+fp/hard\libc_nano.a(lib_a-mprec.o)
 .debug_frame   0x00001f40       0x30 c:/programdata/chocolatey/lib/gcc-arm-embedded/tools/gcc-arm-none-eabi-10.3-2021.10/bin/../lib/gcc/arm-none-eabi/10.3.1/../../../../arm-none-eabi/lib/thumb/v7e-m+fp/hard\libc_nano.a(lib_a-nano-callocr.o)
 .debug_frame   0x00001f70       0x38 c:/programdata/chocolatey/lib/gcc-arm-embedded/tools/gcc-arm-none-eabi-10.3-2021.10/bin/../lib/gcc/arm-none-eabi/10.3.1/../../../../arm-none-eabi/lib/thumb/v7e-m+fp/hard\libc_nano.a(lib_a-nano-freer.o)
 .debug_frame   0x00001fa8       0x4c c:/programdata/chocolatey/lib/gcc-arm-embedded/tools/gcc-arm-none-eabi-10.3-2021.10/bin/../lib/gcc/arm-none-eabi/10.3.1/../../../../arm-none-eabi/lib/thumb/v7e-m+fp/hard\libc_nano.a(lib_a-nano-mallocr.o)
 .debug_frame   0x00001ff4       0x90 c:/programdata/chocolatey/lib/gcc-arm-embedded/tools/gcc-arm-none-eabi-10.3-2021.10/bin/../lib/gcc/arm-none-eabi/10.3.1/../../../../arm-none-eabi/lib/thumb/v7e-m+fp/hard\libc_nano.a(lib_a-nano-svfprintf.o)
 .debug_frame   0x00002084       0x2c c:/programdata/chocolatey/lib/gcc-arm-embedded/tools/gcc-arm-none-eabi-10.3-2021.10/bin/../lib/gcc/arm-none-eabi/10.3.1/../../../../arm-none-eabi/lib/thumb/v7e-m+fp/hard\libc_nano.a(lib_a-sbrkr.o)
 .debug_frame   0x000020b0       0x40 c:/programdata/chocolatey/lib/gcc-arm-embedded/tools/gcc-arm-none-eabi-10.3-2021.10/bin/../lib/gcc/arm-none-eabi/10.3.1/../../../../arm-none-eabi/lib/thumb/v7e-m+fp/hard\libc_nano.a(lib_a-assert.o)
 .debug_frame   0x000020f0       0x64 c:/programdata/chocolatey/lib/gcc-arm-embedded/tools/gcc-arm-none-eabi-10.3-2021.10/bin/../lib/gcc/arm-none-eabi/10.3.1/../../../../arm-none-eabi/lib/thumb/v7e-m+fp/hard\libc_nano.a(lib_a-fprintf.o)
 .debug_frame   0x00002154       0x48 c:/programdata/chocolatey/lib/gcc-arm-embedded/tools/gcc-arm-none-eabi-10.3-2021.10/bin/../lib/gcc/arm-none-eabi/10.3.1/../../../../arm-none-eabi/lib/thumb/v7e-m+fp/hard\libc_nano.a(lib_a-locale.o)
 .debug_frame   0x0000219c       0x48 c:/programdata/chocolatey/lib/gcc-arm-embedded/tools/gcc-arm-none-eabi-10.3-2021.10/bin/../lib/gcc/arm-none-eabi/10.3.1/../../../../arm-none-eabi/lib/thumb/v7e-m+fp/hard\libc_nano.a(lib_a-mbtowc_r.o)
 .debug_frame   0x000021e4       0x28 c:/programdata/chocolatey/lib/gcc-arm-embedded/tools/gcc-arm-none-eabi-10.3-2021.10/bin/../lib/gcc/arm-none-eabi/10.3.1/../../../../arm-none-eabi/lib/thumb/v7e-m+fp/hard\libc_nano.a(lib_a-memmove.o)
 .debug_frame   0x0000220c       0x30 c:/programdata/chocolatey/lib/gcc-arm-embedded/tools/gcc-arm-none-eabi-10.3-2021.10/bin/../lib/gcc/arm-none-eabi/10.3.1/../../../../arm-none-eabi/lib/thumb/v7e-m+fp/hard\libc_nano.a(lib_a-mlock.o)
 .debug_frame   0x0000223c       0x3c c:/programdata/chocolatey/lib/gcc-arm-embedded/tools/gcc-arm-none-eabi-10.3-2021.10/bin/../lib/gcc/arm-none-eabi/10.3.1/../../../../arm-none-eabi/lib/thumb/v7e-m+fp/hard\libc_nano.a(lib_a-nano-reallocr.o)
 .debug_frame   0x00002278       0xac c:/programdata/chocolatey/lib/gcc-arm-embedded/tools/gcc-arm-none-eabi-10.3-2021.10/bin/../lib/gcc/arm-none-eabi/10.3.1/../../../../arm-none-eabi/lib/thumb/v7e-m+fp/hard\libc_nano.a(lib_a-nano-vfprintf.o)
 .debug_frame   0x00002324       0x5c c:/programdata/chocolatey/lib/gcc-arm-embedded/tools/gcc-arm-none-eabi-10.3-2021.10/bin/../lib/gcc/arm-none-eabi/10.3.1/../../../../arm-none-eabi/lib/thumb/v7e-m+fp/hard\libc_nano.a(lib_a-reent.o)
 .debug_frame   0x00002380       0x40 c:/programdata/chocolatey/lib/gcc-arm-embedded/tools/gcc-arm-none-eabi-10.3-2021.10/bin/../lib/gcc/arm-none-eabi/10.3.1/../../../../arm-none-eabi/lib/thumb/v7e-m+fp/hard\libc_nano.a(lib_a-wbuf.o)
 .debug_frame   0x000023c0       0x3c c:/programdata/chocolatey/lib/gcc-arm-embedded/tools/gcc-arm-none-eabi-10.3-2021.10/bin/../lib/gcc/arm-none-eabi/10.3.1/../../../../arm-none-eabi/lib/thumb/v7e-m+fp/hard\libc_nano.a(lib_a-wctomb_r.o)
 .debug_frame   0x000023fc       0x2c c:/programdata/chocolatey/lib/gcc-arm-embedded/tools/gcc-arm-none-eabi-10.3-2021.10/bin/../lib/gcc/arm-none-eabi/10.3.1/../../../../arm-none-eabi/lib/thumb/v7e-m+fp/hard\libc_nano.a(lib_a-wsetup.o)
 .debug_frame   0x00002428       0x28 c:/programdata/chocolatey/lib/gcc-arm-embedded/tools/gcc-arm-none-eabi-10.3-2021.10/bin/../lib/gcc/arm-none-eabi/10.3.1/../../../../arm-none-eabi/lib/thumb/v7e-m+fp/hard\libc_nano.a(lib_a-abort.o)
 .debug_frame   0x00002450       0x5c c:/programdata/chocolatey/lib/gcc-arm-embedded/tools/gcc-arm-none-eabi-10.3-2021.10/bin/../lib/gcc/arm-none-eabi/10.3.1/../../../../arm-none-eabi/lib/thumb/v7e-m+fp/hard\libc_nano.a(lib_a-fflush.o)
 .debug_frame   0x000024ac      0x14c c:/programdata/chocolatey/lib/gcc-arm-embedded/tools/gcc-arm-none-eabi-10.3-2021.10/bin/../lib/gcc/arm-none-eabi/10.3.1/../../../../arm-none-eabi/lib/thumb/v7e-m+fp/hard\libc_nano.a(lib_a-findfp.o)
 .debug_frame   0x000025f8       0x54 c:/programdata/chocolatey/lib/gcc-arm-embedded/tools/gcc-arm-none-eabi-10.3-2021.10/bin/../lib/gcc/arm-none-eabi/10.3.1/../../../../arm-none-eabi/lib/thumb/v7e-m+fp/hard\libc_nano.a(lib_a-fwalk.o)